Component: ARM Compiler 5.06 update 7 (build 960) Tool: armlink [4d3601]

==============================================================================

Section Cross References

    clock.o(i.Clock_Time) refers to clock.o(.data) for .data
    clock.o(i.Clock_Wait) refers to clock.o(.data) for .data
    clock.o(i.SysCount_Handler) refers to clock.o(.data) for .data
    context_switch.o(. text) refers to system_bluenrg1.o(.savedMSP) for savedMSP
    context_switch.o(. text) refers to system_bluenrg1.o(.data) for savedICSR
    context_switch.o(. text) refers to system_bluenrg1.o(.data) for savedSHCSR
    context_switch.o(. text) refers to system_bluenrg1.o(.data) for savedNVIC_ISPR
    miscutil.o(i.BLEPLAT_get_part_info) refers to miscutil.o(i.HAL_GetPartInfo) for HAL_GetPartInfo
    miscutil.o(i.HAL_CrashHandler) refers to miscutil.o(.__crash_RAM) for .__crash_RAM
    miscutil.o(i.HAL_GetCrashInfo) refers to memmove.o(.text) for __aeabi_memcpy4
    miscutil.o(i.HAL_GetCrashInfo) refers to miscutil.o(.__crash_RAM) for .__crash_RAM
    osal.o(i.Osal_MemCmp) refers to memcmp.o(.text) for memcmp
    osal.o(i.Osal_MemCpy) refers to memmove.o(.text) for memcpy
    osal.o(i.Osal_MemSet) refers to memseta.o(.text) for memset
    sleep.o(i.BlueNRG_InternalSleep) refers to miscutil.o(i.HAL_GetPartInfo) for HAL_GetPartInfo
    sleep.o(i.BlueNRG_InternalSleep) refers to system_bluenrg1.o(i.SET_BORconfigStatus) for SET_BORconfigStatus
    sleep.o(i.BlueNRG_InternalSleep) refers to misc.o(i.SystemSleepCmd) for SystemSleepCmd
    sleep.o(i.BlueNRG_InternalSleep) refers to context_switch.o(. text) for CS_contextSave
    sleep.o(i.BlueNRG_InternalSleep) refers to system_bluenrg1.o(.intvec) for __vector_table
    sleep.o(i.BlueNRG_InternalSleep) refers to sleep.o(.data) for .data
    sleep.o(i.BlueNRG_InternalSleep) refers to sleep.o(.bss) for .bss
    sleep.o(i.BlueNRG_InternalSleep) refers to system_bluenrg1.o(.flash_sw_lock) for flash_sw_lock
    sleep.o(i.BlueNRG_InternalSleep) refers to system_bluenrg1.o(.rfTimeout) for rfTimeout
    sleep.o(i.BlueNRG_InternalSleep) refers to system_bluenrg1.o(.wakeupFromSleepFlag) for wakeupFromSleepFlag
    sleep.o(i.BlueNRG_InternalSleep) refers to system_bluenrg1.o(i.DeviceConfiguration) for DeviceConfiguration
    sleep.o(i.BlueNRG_InternalSleep) refers to bluenrg1_sysctrl.o(i.SysCtrl_GetWakeupResetReason) for SysCtrl_GetWakeupResetReason
    sleep.o(i.BlueNRG_InternalSleep) refers to system_bluenrg1.o(.data) for savedNVIC_ISPR
    sleep.o(i.BlueNRG_InternalSleep) refers to system_bluenrg1.o(.data) for savedSHCSR
    sleep.o(i.BlueNRG_InternalSleep) refers to system_bluenrg1.o(.data) for savedICSR
    sleep.o(i.BlueNRG_InternalSleep) refers to system_bluenrg1.o(.bss.__blue_RAM) for __blue_RAM
    sleep.o(i.BlueNRG_Sleep) refers to bluenrg_main_func_speed.o(i.BlueNRG_Stack_Perform_Deep_Sleep_Check) for BlueNRG_Stack_Perform_Deep_Sleep_Check
    sleep.o(i.BlueNRG_Sleep) refers to sleep.o(i.HAL_VTIMER_TimerSleepCheck) for HAL_VTIMER_TimerSleepCheck
    sleep.o(i.BlueNRG_Sleep) refers to sensordemo_main.o(i.App_SleepMode_Check) for App_SleepMode_Check
    sleep.o(i.BlueNRG_Sleep) refers to sleep.o(i.BlueNRG_InternalSleep) for BlueNRG_InternalSleep
    sleep.o(i.BlueNRG_Sleep) refers to system_bluenrg1.o(.wakeupFromSleepFlag) for wakeupFromSleepFlag
    sleep.o(i.BlueNRG_Sleep) refers to sleep.o(.bss) for .bss
    bluenrg1_adc.o(i.ADC_CompensateOutputValue) refers to fmul.o(.text) for __aeabi_fmul
    bluenrg1_adc.o(i.ADC_CompensateOutputValue) refers to fadd.o(.text) for __aeabi_fsub
    bluenrg1_adc.o(i.ADC_CompensateOutputValue) refers to bluenrg1_adc.o(.data) for .data
    bluenrg1_adc.o(i.ADC_ConvertBatterySensor) refers to bluenrg1_adc.o(i.ADC_ConvertSingleEndedVoltage) for ADC_ConvertSingleEndedVoltage
    bluenrg1_adc.o(i.ADC_ConvertBatterySensor) refers to fmul.o(.text) for __aeabi_fmul
    bluenrg1_adc.o(i.ADC_ConvertDifferentialVoltage) refers to ffltui.o(.text) for __aeabi_ui2f
    bluenrg1_adc.o(i.ADC_ConvertDifferentialVoltage) refers to fflti.o(.text) for __aeabi_i2f
    bluenrg1_adc.o(i.ADC_ConvertDifferentialVoltage) refers to fdiv.o(.text) for __aeabi_fdiv
    bluenrg1_adc.o(i.ADC_ConvertDifferentialVoltage) refers to fadd.o(.text) for __aeabi_fadd
    bluenrg1_adc.o(i.ADC_ConvertDifferentialVoltage) refers to fmul.o(.text) for __aeabi_fmul
    bluenrg1_adc.o(i.ADC_ConvertSingleEndedVoltage) refers to fflti.o(.text) for __aeabi_i2f
    bluenrg1_adc.o(i.ADC_ConvertSingleEndedVoltage) refers to ffltui.o(.text) for __aeabi_ui2f
    bluenrg1_adc.o(i.ADC_ConvertSingleEndedVoltage) refers to fadd.o(.text) for __aeabi_fadd
    bluenrg1_adc.o(i.ADC_ConvertSingleEndedVoltage) refers to f2d.o(.text) for __aeabi_f2d
    bluenrg1_adc.o(i.ADC_ConvertSingleEndedVoltage) refers to fdiv.o(.text) for __aeabi_fdiv
    bluenrg1_adc.o(i.ADC_ConvertSingleEndedVoltage) refers to fmul.o(.text) for __aeabi_fmul
[...]
    0x10065bec   0x10065bec   0x00000024   Code   RO         4077    i.LL_Set_OwnAddress  libbluenrg1_stack.a(rom_ll_ll_routines.o)
    0x10065c10   0x10065c10   0x0000005c   Code   RO         4078    i.LL_Set_Scan_Resp_Data  libbluenrg1_stack.a(rom_ll_ll_routines.o)
    0x10065c6c   0x10065c6c   0x00000058   Code   RO         4341    i.LL_Sleep_Req      libbluenrg1_stack.a(bluenrg_main_func_speed.o)
    0x10065cc4   0x10065cc4   0x00000054   Code   RO         4079    i.LL_Update_Advertising_Buffers  libbluenrg1_stack.a(rom_ll_ll_routines.o)
    0x10065d18   0x10065d18   0x00000048   Code   RO         4080    i.LL_Update_Scanning_Initiating_Buffers  libbluenrg1_stack.a(rom_ll_ll_routines.o)
    0x10065d60   0x10065d60   0x00000004   Code   RO         3860    i.LL_priv_add_to_ConnIDList_ucfg  libbluenrg1_stack.a(ll_privacy.o)
    0x10065d64   0x10065d64   0x00000002   Code   RO         3862    i.LL_priv_remove_from_ConnIDList_ucfg  libbluenrg1_stack.a(ll_privacy.o)
    0x10065d66   0x10065d66   0x00000002   PAD
    0x10065d68   0x10065d68   0x00000040   Code   RO         3864    i.LL_priv_test_address_in_ConnIDList_ucfg  libbluenrg1_stack.a(ll_privacy.o)
    0x10065da8   0x10065da8   0x00000094   Code   RO         3819    i.LL_receive_data   libbluenrg1_stack.a(isr_routines.o)
    0x10065e3c   0x10065e3c   0x000000a0   Code   RO         4044    i.LL_update_proc    libbluenrg1_stack.a(rom_ll_isr_routines.o)
    0x10065edc   0x10065edc   0x00000054   Code   RO         1960    i.LPS25HB_GetPressure  lps25hb.o
    0x10065f30   0x10065f30   0x0000004c   Code   RO         1961    i.LPS25HB_GetTemperature  lps25hb.o
    0x10065f7c   0x10065f7c   0x000000cc   Code   RO         1962    i.LPS25HB_Init      lps25hb.o
    0x10066048   0x10066048   0x00000038   Code   RO         1963    i.LPS25HB_PowerOff  lps25hb.o
    0x10066080   0x10066080   0x0000001c   Code   RO         1964    i.LPS25HB_ReadID    lps25hb.o
    0x1006609c   0x1006609c   0x00000038   Code   RO         1965    i.LPS25HB_RebootCmd  lps25hb.o
    0x100660d4   0x100660d4   0x00000014   Code   RO         1966    i.LPS25HB_SlaveAddrRemap  lps25hb.o
    0x100660e8   0x100660e8   0x00000064   Code   RO         2019    i.LSM6DS3_Common_Sensor_Enable  lsm6ds3.o
    0x1006614c   0x1006614c   0x00000054   Code   RO         2020    i.LSM6DS3_Disable_Free_Fall_Detection  lsm6ds3.o
    0x100661a0   0x100661a0   0x000000bc   Code   RO         2021    i.LSM6DS3_Enable_Free_Fall_Detection  lsm6ds3.o
    0x1006625c   0x1006625c   0x00000068   Code   RO         2022    i.LSM6DS3_G_GetAxes  lsm6ds3.o
    0x100662c4   0x100662c4   0x0000005e   Code   RO         2023    i.LSM6DS3_G_GetAxesRaw  lsm6ds3.o
    0x10066322   0x10066322   0x00000002   PAD
    0x10066324   0x10066324   0x00000084   Code   RO         2024    i.LSM6DS3_G_GetSensitivity  lsm6ds3.o
    0x100663a8   0x100663a8   0x00000084   Code   RO         2025    i.LSM6DS3_G_Get_FS  lsm6ds3.o
    0x1006642c   0x1006642c   0x00000088   Code   RO         2026    i.LSM6DS3_G_Get_ODR  lsm6ds3.o
    0x100664b4   0x100664b4   0x00000062   Code   RO         2027    i.LSM6DS3_G_Set_Axes_Status  lsm6ds3.o
    0x10066516   0x10066516   0x00000002   PAD
    0x10066518   0x10066518   0x000000b0   Code   RO         2028    i.LSM6DS3_G_Set_FS  lsm6ds3.o
    0x100665c8   0x100665c8   0x000000a4   Code   RO         2029    i.LSM6DS3_G_Set_ODR  lsm6ds3.o
    0x1006666c   0x1006666c   0x00000036   Code   RO         2030    i.LSM6DS3_Get_Status_Free_Fall_Detection  lsm6ds3.o
    0x100666a2   0x100666a2   0x00000002   PAD
    0x100666a4   0x100666a4   0x00000180   Code   RO         2031    i.LSM6DS3_Init      lsm6ds3.o
    0x10066824   0x10066824   0x00000014   Code   RO         2032    i.LSM6DS3_Read_XG_ID  lsm6ds3.o
    0x10066838   0x10066838   0x00000068   Code   RO         2033    i.LSM6DS3_X_GetAxes  lsm6ds3.o
    0x100668a0   0x100668a0   0x0000005e   Code   RO         2034    i.LSM6DS3_X_GetAxesRaw  lsm6ds3.o
    0x100668fe   0x100668fe   0x00000002   PAD
    0x10066900   0x10066900   0x0000005c   Code   RO         2035    i.LSM6DS3_X_GetSensitivity  lsm6ds3.o
    0x1006695c   0x1006695c   0x00000054   Code   RO         2036    i.LSM6DS3_X_Get_FS  lsm6ds3.o
    0x100669b0   0x100669b0   0x00000098   Code   RO         2037    i.LSM6DS3_X_Get_ODR  lsm6ds3.o
    0x10066a48   0x10066a48   0x00000062   Code   RO         2038    i.LSM6DS3_X_Set_Axes_Status  lsm6ds3.o
    0x10066aaa   0x10066aaa   0x0000005c   Code   RO         2039    i.LSM6DS3_X_Set_FS  lsm6ds3.o
    0x10066b06   0x10066b06   0x00000002   PAD
    0x10066b08   0x10066b08   0x000000c0   Code   RO         2040    i.LSM6DS3_X_Set_ODR  lsm6ds3.o
    0x10066bc8   0x10066bc8   0x00000014   Code   RO         4030    i.List_Circular_Get_Size  libbluenrg1_stack.a(rom_list.o)
    0x10066bdc   0x10066bdc   0x0000000e   Code   RO         4033    i.List_Circular_Insert_Tail  libbluenrg1_stack.a(rom_list.o)
    0x10066bea   0x10066bea   0x00000016   Code   RO         4034    i.List_Circular_Node_Present  libbluenrg1_stack.a(rom_list.o)
    0x10066c00   0x10066c00   0x0000001a   Code   RO         4035    i.List_Circular_Remove_Head  libbluenrg1_stack.a(rom_list.o)
    0x10066c1a   0x10066c1a   0x00000020   Code   RO         4036    i.List_Circular_Remove_Node  libbluenrg1_stack.a(rom_list.o)
    0x10066c3a   0x10066c3a   0x00000002   Code   RO         2699    i.MFT1A_Handler     system_bluenrg1.o
    0x10066c3c   0x10066c3c   0x00000002   Code   RO         2700    i.MFT1B_Handler     system_bluenrg1.o
    0x10066c3e   0x10066c3e   0x00000002   Code   RO         2701    i.MFT2A_Handler     system_bluenrg1.o
    0x10066c40   0x10066c40   0x00000002   Code   RO         2702    i.MFT2B_Handler     system_bluenrg1.o
    0x10066c42   0x10066c42   0x00000008   Code   RO         3495    i.MIN_U16           libbluenrg1_stack.a(ll_routines.o)
    0x10066c4a   0x10066c4a   0x00000012   Code   RO         3926    i.Mem_Buff_Append   libbluenrg1_stack.a(mem_buff.o)
    0x10066c5c   0x10066c5c   0x00000048   Code   RO         3927    i.Mem_Buff_Block_Copy  libbluenrg1_stack.a(mem_buff.o)
    0x10066ca4   0x10066ca4   0x00000056   Code   RO         3928    i.Mem_Buff_Block_Write  libbluenrg1_stack.a(mem_buff.o)
    0x10066cfa   0x10066cfa   0x00000032   Code   RO         3929    i.Mem_Buff_Clone    libbluenrg1_stack.a(mem_buff.o)
    0x10066d2c   0x10066d2c   0x00000078   Code   RO         3930    i.Mem_Buff_Cmp      libbluenrg1_stack.a(mem_buff.o)
    0x10066da4   0x10066da4   0x000000ba   Code   RO         3931    i.Mem_Buff_Compact  libbluenrg1_stack.a(mem_buff.o)
    0x10066e5e   0x10066e5e   0x0000002e   Code   RO         3932    i.Mem_Buff_Get      libbluenrg1_stack.a(mem_buff.o)
    0x10066e8c   0x10066e8c   0x00000014   Code   RO         3933    i.Mem_Buff_Get_Chain_Count  libbluenrg1_stack.a(mem_buff.o)
    0x10066ea0   0x10066ea0   0x00000014   Code   RO         3934    i.Mem_Buff_Get_Chain_Size  libbluenrg1_stack.a(mem_buff.o)
    0x10066eb4   0x10066eb4   0x0000006a   Code   RO         3935    i.Mem_Buff_Init     libbluenrg1_stack.a(mem_buff.o)
    0x10066f1e   0x10066f1e   0x00000062   Code   RO         3936    i.Mem_Buff_Read     libbluenrg1_stack.a(mem_buff.o)
    0x10066f80   0x10066f80   0x00000036   Code   RO         3937    i.Mem_Buff_Release  libbluenrg1_stack.a(mem_buff.o)
    0x10066fb6   0x10066fb6   0x0000008e   Code   RO         3938    i.Mem_Buff_Resize   libbluenrg1_stack.a(mem_buff.o)
    0x10067044   0x10067044   0x00000068   Code   RO         3939    i.Mem_Buff_Write    libbluenrg1_stack.a(mem_buff.o)
    0x100670ac   0x100670ac   0x00000016   Code   RO         3920    i.Mem_assign        libbluenrg1_stack.a(mem_alloc.o)
    0x100670c2   0x100670c2   0x00000002   Code   RO         2918    i.NMI_Handler       bluenrg1_it.o
    0x100670c4   0x100670c4   0x00000088   Code   RO         1763    i.NVIC_Init         misc.o
    0x1006714c   0x1006714c   0x00000044   Code   RO         2704    i.NVIC_SetPriority  system_bluenrg1.o
    0x10067190   0x10067190   0x00000002   Code   RO         2705    i.NVM_Handler       system_bluenrg1.o
    0x10067192   0x10067192   0x00000002   PAD
    0x10067194   0x10067194   0x000002bc   Code   RO         1799    i.OTA_Add_Btl_Service  ota_btl.o
    0x10067450   0x10067450   0x00000038   Code   RO         1800    i.OTA_Check_Update_Error_Condition  ota_btl.o
    0x10067488   0x10067488   0x00000018   Code   RO         1801    i.OTA_Jump_To_New_Application  ota_btl.o
    0x100674a0   0x100674a0   0x00000054   Code   RO         1803    i.OTA_Radio_Activity  ota_btl.o
    0x100674f4   0x100674f4   0x00000058   Code   RO         1804    i.OTA_Send_Ack      ota_btl.o
    0x1006754c   0x1006754c   0x0000000a   Code   RO         1805    i.OTA_Set_Application_Tag_Value  ota_btl.o
    0x10067556   0x10067556   0x00000002   PAD
    0x10067558   0x10067558   0x00000014   Code   RO         1806    i.OTA_Set_Error_Flags  ota_btl.o
    0x1006756c   0x1006756c   0x00000024   Code   RO         1807    i.OTA_Tick          ota_btl.o
    0x10067590   0x10067590   0x000000a8   Code   RO         1808    i.OTA_Write_Data    ota_btl.o
    0x10067638   0x10067638   0x000001d0   Code   RO         1809    i.OTA_Write_Request_CB  ota_btl.o
    0x10067808   0x10067808   0x0000000c   Code   RO         1810    i.OTA_terminate_connection  ota_btl.o
    0x10067814   0x10067814   0x00000008   Code   RO          193    i.Osal_MemCmp       osal.o
    0x1006781c   0x1006781c   0x00000008   Code   RO          194    i.Osal_MemCpy       osal.o
    0x10067824   0x10067824   0x00000008   Code   RO          195    i.Osal_MemSet       osal.o
    0x1006782c   0x1006782c   0x00000002   Code   RO         2706    i.PKA_Handler       system_bluenrg1.o
    0x1006782e   0x1006782e   0x00000002   Code   RO         3379    i.PKA_Offline_Processing_ucfg  libbluenrg1_stack.a(hci.o)
    0x10067830   0x10067830   0x00000014   Code   RO         1099    i.PKA_Reset         bluenrg1_pka.o
    0x10067844   0x10067844   0x00000050   Code   RO         3980    i.PM_Check_And_Set  libbluenrg1_stack.a(pm.o)
    0x10067894   0x10067894   0x00000022   Code   RO         3981    i.PM_Clone_Pckt     libbluenrg1_stack.a(pm.o)
    0x100678b6   0x100678b6   0x00000002   PAD
    0x100678b8   0x100678b8   0x00000054   Code   RO         3982    i.PM_Compact        libbluenrg1_stack.a(pm.o)
    0x1006790c   0x1006790c   0x00000012   Code   RO         3983    i.PM_Copy_Pckt_Data  libbluenrg1_stack.a(pm.o)
    0x1006791e   0x1006791e   0x00000002   PAD
    0x10067920   0x10067920   0x00000018   Code   RO         3984    i.PM_Eng_Config     libbluenrg1_stack.a(pm.o)
    0x10067938   0x10067938   0x0000000c   Code   RO         3985    i.PM_Extract_Pdu_MBuff  libbluenrg1_stack.a(pm.o)
    0x10067944   0x10067944   0x0000003c   Code   RO         3986    i.PM_Get_Available_Buffer  libbluenrg1_stack.a(pm.o)
    0x10067980   0x10067980   0x0000000a   Code   RO         3988    i.PM_Get_Mem_Buff_Count  libbluenrg1_stack.a(pm.o)
    0x1006798a   0x1006798a   0x00000002   PAD
    0x1006798c   0x1006798c   0x00000044   Code   RO         3989    i.PM_Get_Pckt       libbluenrg1_stack.a(pm.o)
    0x100679d0   0x100679d0   0x00000068   Code   RO         3990    i.PM_Init           libbluenrg1_stack.a(pm.o)
    0x10067a38   0x10067a38   0x0000000a   Code   RO         3991    i.PM_Pckt_Cmp       libbluenrg1_stack.a(pm.o)
    0x10067a42   0x10067a42   0x00000002   PAD
    0x10067a44   0x10067a44   0x0000003c   Code   RO         3992    i.PM_Release_Acl_Pckt  libbluenrg1_stack.a(pm.o)
    0x10067a80   0x10067a80   0x0000006c   Code   RO         3993    i.PM_Resize_Pckt_Pdu_Size  libbluenrg1_stack.a(pm.o)
    0x10067aec   0x10067aec   0x00000012   Code   RO         3995    i.PM_Write_Pckt_Data  libbluenrg1_stack.a(pm.o)
    0x10067afe   0x10067afe   0x00000002   PAD
    0x10067b00   0x10067b00   0x000000a0   Code   RO         3868    i.PRIVWHIT_u8SearchAddrInList  libbluenrg1_stack.a(ll_privacy.o)
    0x10067ba0   0x10067ba0   0x000000d4   Code   RO         3869    i.PRIVWHIT_vInit_Struct  libbluenrg1_stack.a(ll_privacy.o)
    0x10067c74   0x10067c74   0x000000a0   Code   RO         3870    i.PRIV_SearchAddrInEachList  libbluenrg1_stack.a(ll_privacy.o)
    0x10067d14   0x10067d14   0x00000018   Code   RO         3873    i.PRIV_SearchAddrInWhiteList  libbluenrg1_stack.a(ll_privacy.o)
    0x10067d2c   0x10067d2c   0x00000004   Code   RO         3380    i.PRIV_controller_privacy_csr_ucfg  libbluenrg1_stack.a(hci.o)
    0x10067d30   0x10067d30   0x00000004   Code   RO         3875    i.PRIV_u32ProcessAdvPacket_ucfg  libbluenrg1_stack.a(ll_privacy.o)
    0x10067d34   0x10067d34   0x00000004   Code   RO         3877    i.PRIV_u8OfflineProcessing_ucfg  libbluenrg1_stack.a(ll_privacy.o)
    0x10067d38   0x10067d38   0x00000002   Code   RO         3881    i.PRIV_vGeneratePrivateAddress_ucfg  libbluenrg1_stack.a(ll_privacy.o)
    0x10067d3a   0x10067d3a   0x00000002   Code   RO         3885    i.PRIV_vGenerate_hci_le_enhanced_connection_complete_event_ucfg  libbluenrg1_stack.a(ll_privacy.o)
    0x10067d3c   0x10067d3c   0x00000002   Code   RO         2707    i.PendSV_Handler    system_bluenrg1.o
    0x10067d3e   0x10067d3e   0x0000000e   Code   RO         3805    i.Pm_Resize_Host_Acl_Pckt  libbluenrg1_stack.a(gatt_server.o)
    0x10067d4c   0x10067d4c   0x0000000e   Code   RO         4324    i.Pm_Resize_Host_Acl_Pckt  libbluenrg1_stack.a(att.o)
    0x10067d5a   0x10067d5a   0x00000002   PAD
    0x10067d5c   0x10067d5c   0x00000178   Code   RO         4325    i.Prepare_Write_Resp  libbluenrg1_stack.a(att.o)
    0x10067ed4   0x10067ed4   0x00000034   Code   RO         2993    i.Press_Update      gatt_db.o
    0x10067f08   0x10067f08   0x000001f8   Code   RO         3806    i.Process_Peer_Client_Data  libbluenrg1_stack.a(gatt_server.o)
    0x10068100   0x10068100   0x0000016c   Code   RO         3807    i.Process_Peer_Server_Data  libbluenrg1_stack.a(gatt_server.o)
    0x1006826c   0x1006826c   0x0000021c   Code   RO         3460    i.RAL_Isr           libbluenrg1_stack.a(ll_isr.o)
    0x10068488   0x10068488   0x00000020   Code   RO         2708    i.RESET_HANDLER     system_bluenrg1.o
    0x100684a8   0x100684a8   0x00000002   Code   RO         2709    i.RTC_Handler       system_bluenrg1.o
    0x100684aa   0x100684aa   0x00000140   Code   RO         4326    i.Read_Blob_Resp    libbluenrg1_stack.a(att.o)
    0x100685ea   0x100685ea   0x00000002   PAD
    0x100685ec   0x100685ec   0x000001e4   Code   RO         4327    i.Read_By_Grp_Type_Resp  libbluenrg1_stack.a(att.o)
    0x100687d0   0x100687d0   0x000002d4   Code   RO         4328    i.Read_By_Type_Resp  libbluenrg1_stack.a(att.o)
    0x10068aa4   0x10068aa4   0x00000194   Code   RO         4329    i.Read_Multi_Resp   libbluenrg1_stack.a(att.o)
    0x10068c38   0x10068c38   0x00000098   Code   RO         2994    i.Read_Request_CB   gatt_db.o
    0x10068cd0   0x10068cd0   0x0000012a   Code   RO         4330    i.Read_Resp         libbluenrg1_stack.a(att.o)
    0x10068dfa   0x10068dfa   0x00000002   PAD
    0x10068dfc   0x10068dfc   0x0000016c   Code   RO         4145    i.SDB_Add_Record    libbluenrg1_stack.a(sdb.o)
    0x10068f68   0x10068f68   0x0000008c   Code   RO         4147    i.SDB_Find_Matching_LTK  libbluenrg1_stack.a(sdb.o)
    0x10068ff4   0x10068ff4   0x000000a8   Code   RO         4148    i.SDB_Find_Record   libbluenrg1_stack.a(sdb.o)
    0x1006909c   0x1006909c   0x00000038   Code   RO         4150    i.SDB_Get_Number_Of_Valid_Records  libbluenrg1_stack.a(sdb.o)
    0x100690d4   0x100690d4   0x000000b8   Code   RO         4151    i.SDB_flash_write_client_data  libbluenrg1_stack.a(sdb.o)
    0x1006918c   0x1006918c   0x000000d8   Code   RO         4152    i.SDB_get_security_data_record  libbluenrg1_stack.a(sdb.o)
    0x10069264   0x10069264   0x00000044   Code   RO         4153    i.SDB_read_peer_bonded_data  libbluenrg1_stack.a(sdb.o)
    0x100692a8   0x100692a8   0x0000003c   Code   RO         2710    i.SET_BORconfigStatus  system_bluenrg1.o
    0x100692e4   0x100692e4   0x00000028   Code   RO         4377    i.SMA_Diversify     libbluenrg1_stack.a(smp_algo_sap.o)
    0x1006930c   0x1006930c   0x00000024   Code   RO         4378    i.SMA_Generate_CSRK  libbluenrg1_stack.a(smp_algo_sap.o)
    0x10069330   0x10069330   0x00000028   Code   RO         4379    i.SMA_Generate_IRK  libbluenrg1_stack.a(smp_algo_sap.o)
    0x10069358   0x10069358   0x00000026   Code   RO         4380    i.SMA_LP_s1_Generate_STK  libbluenrg1_stack.a(smp_algo_sap.o)
    0x1006937e   0x1006937e   0x00000002   PAD
    0x10069380   0x10069380   0x00000074   Code   RO         4385    i.SMA_generate_EDIV_recovery_DIV  libbluenrg1_stack.a(smp_algo_sap.o)
    0x100693f4   0x100693f4   0x00000044   Code   RO         4231    i.SMP_Init          libbluenrg1_stack.a(smp_common.o)
    0x10069438   0x10069438   0x00000194   Code   RO         4169    i.SMP_Process_Q     libbluenrg1_stack.a(securitymgr.o)
    0x100695cc   0x100695cc   0x00000044   Code   RO         4232    i.SMP_Protocol_Timer_cb  libbluenrg1_stack.a(smp_common.o)
    0x10069610   0x10069610   0x000000f8   Code   RO         4236    i.SMP_acl_data_hndl  libbluenrg1_stack.a(smp_common.o)
    0x10069708   0x10069708   0x00000020   Code   RO         4239    i.SMP_check_encryption_key_size  libbluenrg1_stack.a(smp_common.o)
    0x10069728   0x10069728   0x00000048   Code   RO         4240    i.SMP_check_is_device_bonded  libbluenrg1_stack.a(smp_common.o)
    0x10069770   0x10069770   0x00000094   Code   RO         4241    i.SMP_connection_complete_handler  libbluenrg1_stack.a(smp_common.o)
    0x10069804   0x10069804   0x0000001c   Code   RO         4242    i.SMP_forget_device_by_conn_handle  libbluenrg1_stack.a(smp_common.o)
    0x10069820   0x10069820   0x0000002e   Code   RO         4243    i.SMP_get_link_status  libbluenrg1_stack.a(smp_common.o)
    0x1006984e   0x1006984e   0x00000002   PAD
    0x10069850   0x10069850   0x0000004c   Code   RO         4244    i.SMP_get_remote_device_list_item  libbluenrg1_stack.a(smp_common.o)
    0x1006989c   0x1006989c   0x00000040   Code   RO         4246    i.SMP_hci_disconnection_complete_evt_hndl  libbluenrg1_stack.a(smp_common.o)
    0x100698dc   0x100698dc   0x00000130   Code   RO         4247    i.SMP_hci_encryption_change_evt_hndl  libbluenrg1_stack.a(smp_common.o)
    0x10069a0c   0x10069a0c   0x0000002e   Code   RO         4248    i.SMP_hci_le_connection_complete_evt_hndl  libbluenrg1_stack.a(smp_common.o)
    0x10069a3a   0x10069a3a   0x00000052   Code   RO         4249    i.SMP_hci_le_enhanced_connection_complete_evt_hndl  libbluenrg1_stack.a(smp_common.o)
    0x10069a8c   0x10069a8c   0x00000038   Code   RO         4250    i.SMP_hci_le_long_term_key_request_evt_hndl  libbluenrg1_stack.a(smp_common.o)
    0x10069ac4   0x10069ac4   0x00000078   Code   RO         4251    i.SMP_repeated_attacks_timer_cb  libbluenrg1_stack.a(smp_common.o)
    0x10069b3c   0x10069b3c   0x00000040   Code   RO         4252    i.SMP_reset_timer   libbluenrg1_stack.a(smp_common.o)
    0x10069b7c   0x10069b7c   0x00000022   Code   RO         4286    i.SMP_sc_force_debug_key_usage  libbluenrg1_stack.a(smp_scv42_sap.o)
    0x10069b9e   0x10069b9e   0x00000002   PAD
    0x10069ba0   0x10069ba0   0x00000028   Code   RO         4253    i.SMP_set_authentication_req  libbluenrg1_stack.a(smp_common.o)
    0x10069bc8   0x10069bc8   0x0000007a   Code   RO         4257    i.SMP_validate_signed_packet  libbluenrg1_stack.a(smp_common.o)
    0x10069c42   0x10069c42   0x0000004e   Code   RO         4386    i.SM_Generate_Resolvable_Private_Address  libbluenrg1_stack.a(smp_algo_sap.o)
    0x10069c90   0x10069c90   0x00000022   Code   RO         4387    i.SM_Resolve_Private_Address  libbluenrg1_stack.a(smp_algo_sap.o)
    0x10069cb2   0x10069cb2   0x00000002   PAD
    0x10069cb4   0x10069cb4   0x00000018   Code   RO         1280    i.SPI_ClearRXFIFO   bluenrg1_spi.o
    0x10069ccc   0x10069ccc   0x00000028   Code   RO         1281    i.SPI_ClearTXFIFO   bluenrg1_spi.o
    0x10069cf4   0x10069cf4   0x00000018   Code   RO         1282    i.SPI_Cmd           bluenrg1_spi.o
    0x10069d0c   0x10069d0c   0x00000014   Code   RO         1293    i.SPI_GetFlagStatus  bluenrg1_spi.o
    0x10069d20   0x10069d20   0x00000002   Code   RO         2711    i.SPI_Handler       system_bluenrg1.o
    0x10069d22   0x10069d22   0x00000002   PAD
    0x10069d24   0x10069d24   0x00000054   Code   RO         1296    i.SPI_Init          bluenrg1_spi.o
    0x10069d78   0x10069d78   0x0000000c   Code   RO         1297    i.SPI_ReceiveData   bluenrg1_spi.o
    0x10069d84   0x10069d84   0x0000000c   Code   RO         1299    i.SPI_SendData      bluenrg1_spi.o
    0x10069d90   0x10069d90   0x00000048   Code   RO         1300    i.SPI_SetBaudrate   bluenrg1_spi.o
    0x10069dd8   0x10069dd8   0x0000000c   Code   RO         1301    i.SPI_SetDummyCharacter  bluenrg1_spi.o
    0x10069de4   0x10069de4   0x00000018   Code   RO         1302    i.SPI_SetMasterCommunicationMode  bluenrg1_spi.o
    0x10069dfc   0x10069dfc   0x00000018   Code   RO         1307    i.SPI_StructInit    bluenrg1_spi.o
    0x10069e14   0x10069e14   0x00000002   Code   RO         2919    i.SVC_Handler       bluenrg1_it.o
    0x10069e16   0x10069e16   0x00000002   PAD
    0x10069e18   0x10069e18   0x000000a0   Code   RO         2218    i.SdkEvalComUartInit  sdk_eval_com.o
    0x10069eb8   0x10069eb8   0x0000000c   Code   RO         2343    i.SdkEvalGetVersion  sdk_eval_config.o
    0x10069ec4   0x10069ec4   0x000000dc   Code   RO         2408    i.SdkEvalI2CInit    sdk_eval_i2c.o
    0x10069fa0   0x10069fa0   0x00000144   Code   RO         2412    i.SdkEvalI2CRead    sdk_eval_i2c.o
    0x1006a0e4   0x1006a0e4   0x000000d8   Code   RO         2413    i.SdkEvalI2CWrite   sdk_eval_i2c.o
    0x1006a1bc   0x1006a1bc   0x0000000c   Code   RO         2344    i.SdkEvalIdentification  sdk_eval_config.o
    0x1006a1c8   0x1006a1c8   0x0000002e   Code   RO         2489    i.SdkEvalLedInit    sdk_eval_led.o
    0x1006a1f6   0x1006a1f6   0x0000000e   Code   RO         2490    i.SdkEvalLedOff     sdk_eval_led.o
    0x1006a204   0x1006a204   0x0000000e   Code   RO         2491    i.SdkEvalLedOn      sdk_eval_led.o
    0x1006a212   0x1006a212   0x0000000c   Code   RO         2492    i.SdkEvalLedToggle  sdk_eval_led.o
    0x1006a21e   0x1006a21e   0x00000002   PAD
    0x1006a220   0x1006a220   0x00000110   Code   RO         2542    i.SdkEvalSpiInit    sdk_eval_spi.o
    0x1006a330   0x1006a330   0x00000090   Code   RO         2546    i.SdkEvalSpiRead    sdk_eval_spi.o
    0x1006a3c0   0x1006a3c0   0x0000005c   Code   RO         2547    i.SdkEvalSpiWrite   sdk_eval_spi.o
    0x1006a41c   0x1006a41c   0x00000050   Code   RO         3808    i.Select_Next_Notification_Client  libbluenrg1_stack.a(gatt_server.o)
    0x1006a46c   0x1006a46c   0x0000004c   Code   RO         3809    i.Send_Notif_Or_Ind  libbluenrg1_stack.a(gatt_server.o)
    0x1006a4b8   0x1006a4b8   0x000000d4   Code   RO         3086    i.Sensor_DeviceInit  sensor.o
    0x1006a58c   0x1006a58c   0x00000050   Code   RO         3087    i.Set_DeviceConnectable  sensor.o
    0x1006a5dc   0x1006a5dc   0x00000050   Code   RO         3446    i.Set_Host_Timer_value  libbluenrg1_stack.a(host_timer.o)
    0x1006a62c   0x1006a62c   0x00000048   Code   RO         2713    i.Set_RF_FrontEnd   system_bluenrg1.o
    0x1006a674   0x1006a674   0x00000024   Code   RO         4026    i.Start_Gatt_Timer  libbluenrg1_stack.a(rom_gatt_server.o)
    0x1006a698   0x1006a698   0x0000001c   Code   RO         4027    i.Stop_Gatt_Timer   libbluenrg1_stack.a(rom_gatt_server.o)
    0x1006a6b4   0x1006a6b4   0x00000010   Code   RO            8    i.SysCount_Handler  clock.o
    0x1006a6c4   0x1006a6c4   0x00000098   Code   RO         1473    i.SysCtrl_GetWakeupResetReason  bluenrg1_sysctrl.o
    0x1006a75c   0x1006a75c   0x00000018   Code   RO         1474    i.SysCtrl_PeripheralClockCmd  bluenrg1_sysctrl.o
    0x1006a774   0x1006a774   0x00000008   Code   RO         2920    i.SysTick_Handler   bluenrg1_it.o
    0x1006a77c   0x1006a77c   0x000000b8   Code   RO         2715    i.SystemInit        system_bluenrg1.o
    0x1006a834   0x1006a834   0x00000034   Code   RO         2995    i.Temp_Update       gatt_db.o
    0x1006a868   0x1006a868   0x0000007c   Code   RO         3447    i.TimerCallback     libbluenrg1_stack.a(host_timer.o)
    0x1006a8e4   0x1006a8e4   0x00000014   Code   RO         3448    i.Timer_ExpiryCallback  libbluenrg1_stack.a(host_timer.o)
    0x1006a8f8   0x1006a8f8   0x00000034   Code   RO         3449    i.Timer_Init        libbluenrg1_stack.a(host_timer.o)
    0x1006a92c   0x1006a92c   0x0000011c   Code   RO         3450    i.Timer_ProcessQ    libbluenrg1_stack.a(host_timer.o)
    0x1006aa48   0x1006aa48   0x00000022   Code   RO         3451    i.Timer_StartOneShot  libbluenrg1_stack.a(host_timer.o)
    0x1006aa6a   0x1006aa6a   0x00000002   PAD
    0x1006aa6c   0x1006aa6c   0x00000074   Code   RO         3452    i.Timer_StartOneShot_sysTime32  libbluenrg1_stack.a(host_timer.o)
    0x1006aae0   0x1006aae0   0x00000058   Code   RO         3453    i.Timer_StopOneShot  libbluenrg1_stack.a(host_timer.o)
    0x1006ab38   0x1006ab38   0x00000024   Code   RO         3455    i.Timer_sysTime32_convMachineTime  libbluenrg1_stack.a(host_timer.o)
    0x1006ab5c   0x1006ab5c   0x0000001c   Code   RO         1519    i.UART_Cmd          bluenrg1_uart.o
    0x1006ab78   0x1006ab78   0x00000002   Code   RO         2921    i.UART_Handler      bluenrg1_it.o
    0x1006ab7a   0x1006ab7a   0x00000002   PAD
    0x1006ab7c   0x1006ab7c   0x00000138   Code   RO         1525    i.UART_Init         bluenrg1_uart.o
    0x1006acb4   0x1006acb4   0x00000018   Code   RO         1530    i.UART_RxFifoIrqLevelConfig  bluenrg1_uart.o
    0x1006accc   0x1006accc   0x00000002   Code   RO         2717    i.WDG_Handler       system_bluenrg1.o
    0x1006acce   0x1006acce   0x0000000a   Code   RO         4118    i.WindowWiden1      libbluenrg1_stack.a(rom_ll_timehandling.o)
    0x1006acd8   0x1006acd8   0x00000010   Code   RO         4119    i.WindowWiden2      libbluenrg1_stack.a(rom_ll_timehandling.o)
    0x1006ace8   0x1006ace8   0x000001bc   Code   RO         4155    i.Write_Client_Data  libbluenrg1_stack.a(sdb.o)
    0x1006aea4   0x1006aea4   0x0000012c   Code   RO         4331    i.Write_Cmd         libbluenrg1_stack.a(att.o)
    0x1006afd0   0x1006afd0   0x0000013c   Code   RO         4332    i.Write_Resp        libbluenrg1_stack.a(att.o)
    0x1006b10c   0x1006b10c   0x000000e8   Code   RO         3354    i._BlueNRG_Stack_Initialization  libbluenrg1_stack.a(bluenrg_main_func.o)
    0x1006b1f4   0x1006b1f4   0x0000006c   Code   RO         3686    i._GAP_Parse_Advertising_Report  libbluenrg1_stack.a(gap.o)
    0x1006b260   0x1006b260   0x0000001a   Code   RO         3475    i.__ARM_common_memcpy1_6  libbluenrg1_stack.a(ll_isr.o)
    0x1006b27a   0x1006b27a   0x0000001a   Code   RO         2143    i.__ARM_common_switch8  lsm6ds3.o
    0x1006b294   0x1006b294   0x000000c0   Code   RO         2719    i.__low_level_init  system_bluenrg1.o
    0x1006b354   0x1006b354   0x0000000e   Code   RO         4534    i.__scatterload_copy  mc_p.l(handlers.o)
    0x1006b362   0x1006b362   0x00000002   Code   RO         4535    i.__scatterload_null  mc_p.l(handlers.o)
    0x1006b364   0x1006b364   0x0000000e   Code   RO         4536    i.__scatterload_zeroinit  mc_p.l(handlers.o)
    0x1006b372   0x1006b372   0x00000002   PAD
    0x1006b374   0x1006b374   0x0000005c   Code   RO         3238    i._aci_gap_set_discoverable_param_check  libbluenrg1_stack.a(bluenrg_gap_aci.o)
    0x1006b3d0   0x1006b3d0   0x00000174   Code   RO         3687    i._gap_set_discoverable_connectable  libbluenrg1_stack.a(gap.o)
    0x1006b544   0x1006b544   0x00000026   Code   RO         3284    i._load_uuid        libbluenrg1_stack.a(bluenrg_gatt_aci.o)
    0x1006b56a   0x1006b56a   0x00000002   PAD
    0x1006b56c   0x1006b56c   0x00000014   Code   RO         1811    i.aci_att_exchange_mtu_resp_event  ota_btl.o
    0x1006b580   0x1006b580   0x00000002   Code   RO         3504    i.aci_att_exec_write_resp_event  libbluenrg1_stack.a(aci_events.o)
    0x1006b582   0x1006b582   0x00000002   Code   RO         3505    i.aci_att_find_by_type_value_resp_event  libbluenrg1_stack.a(aci_events.o)
    0x1006b584   0x1006b584   0x00000002   Code   RO         3506    i.aci_att_find_info_resp_event  libbluenrg1_stack.a(aci_events.o)
    0x1006b586   0x1006b586   0x00000002   Code   RO         3507    i.aci_att_prepare_write_resp_event  libbluenrg1_stack.a(aci_events.o)
    0x1006b588   0x1006b588   0x00000002   Code   RO         3508    i.aci_att_read_blob_resp_event  libbluenrg1_stack.a(aci_events.o)
    0x1006b58a   0x1006b58a   0x00000002   Code   RO         3509    i.aci_att_read_by_group_type_resp_event  libbluenrg1_stack.a(aci_events.o)
    0x1006b58c   0x1006b58c   0x00000002   Code   RO         3510    i.aci_att_read_by_type_resp_event  libbluenrg1_stack.a(aci_events.o)
    0x1006b58e   0x1006b58e   0x00000002   Code   RO         3511    i.aci_att_read_multiple_resp_event  libbluenrg1_stack.a(aci_events.o)
    0x1006b590   0x1006b590   0x00000002   Code   RO         3512    i.aci_att_read_resp_event  libbluenrg1_stack.a(aci_events.o)
    0x1006b592   0x1006b592   0x00000002   Code   RO         3513    i.aci_att_write_resp_event  libbluenrg1_stack.a(aci_events.o)
    0x1006b594   0x1006b594   0x00000028   Code   RO         3514    i.aci_event_fifo_push  libbluenrg1_stack.a(aci_events.o)
    0x1006b5bc   0x1006b5bc   0x000000bc   Code   RO         3515    i.aci_event_fifo_push_header  libbluenrg1_stack.a(aci_events.o)
    0x1006b678   0x1006b678   0x00000002   Code   RO         3516    i.aci_gap_addr_not_resolved_event  libbluenrg1_stack.a(aci_events.o)
    0x1006b67a   0x1006b67a   0x00000002   Code   RO         3517    i.aci_gap_authorization_req_event  libbluenrg1_stack.a(aci_events.o)
    0x1006b67c   0x1006b67c   0x00000054   Code   RO         4258    i.aci_gap_authorization_req_event_push  libbluenrg1_stack.a(smp_common.o)
    0x1006b6d0   0x1006b6d0   0x00000002   Code   RO         3518    i.aci_gap_bond_lost_event  libbluenrg1_stack.a(aci_events.o)
    0x1006b6d2   0x1006b6d2   0x00000002   Code   RO         3519    i.aci_gap_device_found_event  libbluenrg1_stack.a(aci_events.o)
    0x1006b6d4   0x1006b6d4   0x00000030   Code   RO         3248    i.aci_gap_init      libbluenrg1_stack.a(bluenrg_gap_aci.o)
    0x1006b704   0x1006b704   0x00000002   Code   RO         3520    i.aci_gap_keypress_notification_event  libbluenrg1_stack.a(aci_events.o)
    0x1006b706   0x1006b706   0x00000002   Code   RO         3521    i.aci_gap_limited_discoverable_event  libbluenrg1_stack.a(aci_events.o)
    0x1006b708   0x1006b708   0x00000050   Code   RO         3688    i.aci_gap_limited_discoverable_event_push  libbluenrg1_stack.a(gap.o)
    0x1006b758   0x1006b758   0x00000002   Code   RO         3522    i.aci_gap_numeric_comparison_value_event  libbluenrg1_stack.a(aci_events.o)
    0x1006b75a   0x1006b75a   0x00000002   Code   RO         3523    i.aci_gap_pairing_complete_event  libbluenrg1_stack.a(aci_events.o)
    0x1006b75c   0x1006b75c   0x0000005c   Code   RO         4259    i.aci_gap_pairing_complete_event_push  libbluenrg1_stack.a(smp_common.o)
    0x1006b7b8   0x1006b7b8   0x00000002   Code   RO         3524    i.aci_gap_pass_key_req_event  libbluenrg1_stack.a(aci_events.o)
    0x1006b7ba   0x1006b7ba   0x00000002   Code   RO         3525    i.aci_gap_proc_complete_event  libbluenrg1_stack.a(aci_events.o)
    0x1006b7bc   0x1006b7bc   0x00000074   Code   RO         3689    i.aci_gap_proc_complete_event_push  libbluenrg1_stack.a(gap.o)
    0x1006b830   0x1006b830   0x00000094   Code   RO         3256    i.aci_gap_set_authentication_requirement  libbluenrg1_stack.a(bluenrg_gap_aci.o)
    0x1006b8c4   0x1006b8c4   0x00000042   Code   RO         3260    i.aci_gap_set_discoverable  libbluenrg1_stack.a(bluenrg_gap_aci.o)
    0x1006b906   0x1006b906   0x00000002   Code   RO         3526    i.aci_gap_slave_security_initiated_event  libbluenrg1_stack.a(aci_events.o)
    0x1006b908   0x1006b908   0x00000008   Code   RO         3277    i.aci_gap_terminate  libbluenrg1_stack.a(bluenrg_gap_aci.o)
    0x1006b910   0x1006b910   0x0000003e   Code   RO         3291    i.aci_gatt_add_char  libbluenrg1_stack.a(bluenrg_gatt_aci.o)
    0x1006b94e   0x1006b94e   0x00000050   Code   RO         3292    i.aci_gatt_add_char_desc  libbluenrg1_stack.a(bluenrg_gatt_aci.o)
    0x1006b99e   0x1006b99e   0x00000036   Code   RO         3293    i.aci_gatt_add_service  libbluenrg1_stack.a(bluenrg_gatt_aci.o)
    0x1006b9d4   0x1006b9d4   0x0000000c   Code   RO         3294    i.aci_gatt_allow_read  libbluenrg1_stack.a(bluenrg_gatt_aci.o)
    0x1006b9e0   0x1006b9e0   0x0000000e   Code   RO         3088    i.aci_gatt_attribute_modified_event  sensor.o
    0x1006b9ee   0x1006b9ee   0x00000002   PAD
    0x1006b9f0   0x1006b9f0   0x00000078   Code   RO         4333    i.aci_gatt_attribute_modified_event_push  libbluenrg1_stack.a(att.o)
    0x1006ba68   0x1006ba68   0x00000002   Code   RO         3528    i.aci_gatt_disc_read_char_by_uuid_resp_event  libbluenrg1_stack.a(aci_events.o)
    0x1006ba6a   0x1006ba6a   0x00000002   Code   RO         3529    i.aci_gatt_error_resp_event  libbluenrg1_stack.a(aci_events.o)
    0x1006ba6c   0x1006ba6c   0x00000002   Code   RO         3530    i.aci_gatt_indication_event  libbluenrg1_stack.a(aci_events.o)
    0x1006ba6e   0x1006ba6e   0x00000002   PAD
    0x1006ba70   0x1006ba70   0x00000090   Code   RO         3810    i.aci_gatt_indication_event_push  libbluenrg1_stack.a(gatt_server.o)
    0x1006bb00   0x1006bb00   0x00000008   Code   RO         3308    i.aci_gatt_init     libbluenrg1_stack.a(bluenrg_gatt_aci.o)
    0x1006bb08   0x1006bb08   0x00000002   Code   RO         3531    i.aci_gatt_notification_event  libbluenrg1_stack.a(aci_events.o)
    0x1006bb0a   0x1006bb0a   0x00000002   PAD
    0x1006bb0c   0x1006bb0c   0x00000090   Code   RO         3811    i.aci_gatt_notification_event_push  libbluenrg1_stack.a(gatt_server.o)
    0x1006bb9c   0x1006bb9c   0x00000002   Code   RO         3532    i.aci_gatt_prepare_write_permit_req_event  libbluenrg1_stack.a(aci_events.o)
    0x1006bb9e   0x1006bb9e   0x00000002   Code   RO         3533    i.aci_gatt_proc_complete_event  libbluenrg1_stack.a(aci_events.o)
    0x1006bba0   0x1006bba0   0x00000002   Code   RO         3534    i.aci_gatt_proc_timeout_event  libbluenrg1_stack.a(aci_events.o)
    0x1006bba2   0x1006bba2   0x00000002   Code   RO         3535    i.aci_gatt_read_multi_permit_req_event  libbluenrg1_stack.a(aci_events.o)
    0x1006bba4   0x1006bba4   0x00000068   Code   RO         4334    i.aci_gatt_read_multi_permit_req_event_push  libbluenrg1_stack.a(att.o)
    0x1006bc0c   0x1006bc0c   0x0000000a   Code   RO         3089    i.aci_gatt_read_permit_req_event  sensor.o
    0x1006bc16   0x1006bc16   0x00000002   PAD
    0x1006bc18   0x1006bc18   0x00000050   Code   RO         4335    i.aci_gatt_read_permit_req_event_push  libbluenrg1_stack.a(att.o)
    0x1006bc68   0x1006bc68   0x00000002   Code   RO         3537    i.aci_gatt_server_confirmation_event  libbluenrg1_stack.a(aci_events.o)
    0x1006bc6a   0x1006bc6a   0x00000002   Code   RO         3538    i.aci_gatt_tx_pool_available_event  libbluenrg1_stack.a(aci_events.o)
    0x1006bc6c   0x1006bc6c   0x00000022   Code   RO         3322    i.aci_gatt_update_char_value_ext  libbluenrg1_stack.a(bluenrg_gatt_aci.o)
    0x1006bc8e   0x1006bc8e   0x00000002   Code   RO         3539    i.aci_gatt_write_permit_req_event  libbluenrg1_stack.a(aci_events.o)
    0x1006bc90   0x1006bc90   0x0000006c   Code   RO         4336    i.aci_gatt_write_permit_req_event_push  libbluenrg1_stack.a(att.o)
    0x1006bcfc   0x1006bcfc   0x0000000e   Code   RO         3090    i.aci_hal_end_of_radio_activity_event  sensor.o
    0x1006bd0a   0x1006bd0a   0x00000016   Code   RO         3182    i.aci_hal_fw_error_event  sensordemo_main.o
    0x1006bd20   0x1006bd20   0x0000005c   Code   RO         3812    i.aci_hal_fw_error_event_push  libbluenrg1_stack.a(gatt_server.o)
    0x1006bd7c   0x1006bd7c   0x00000002   Code   RO         3541    i.aci_hal_scan_req_report_event  libbluenrg1_stack.a(aci_events.o)
    0x1006bd7e   0x1006bd7e   0x00000002   PAD
    0x1006bd80   0x1006bd80   0x00000010   Code   RO         3366    i.aci_hal_set_radio_activity_mask  libbluenrg1_stack.a(hal.o)
    0x1006bd90   0x1006bd90   0x00000008   Code   RO         3337    i.aci_hal_set_tx_power_level  libbluenrg1_stack.a(bluenrg_hal_aci.o)
    0x1006bd98   0x1006bd98   0x00000008   Code   RO         3340    i.aci_hal_write_config_data  libbluenrg1_stack.a(bluenrg_hal_aci.o)
    0x1006bda0   0x1006bda0   0x00000002   Code   RO         3542    i.aci_l2cap_command_reject_event  libbluenrg1_stack.a(aci_events.o)
    0x1006bda2   0x1006bda2   0x00000018   Code   RO         3343    i.aci_l2cap_connection_parameter_update_req  libbluenrg1_stack.a(bluenrg_l2cap_aci.o)
    0x1006bdba   0x1006bdba   0x00000002   Code   RO         3543    i.aci_l2cap_connection_update_req_event  libbluenrg1_stack.a(aci_events.o)
    0x1006bdbc   0x1006bdbc   0x00000098   Code   RO         3843    i.aci_l2cap_connection_update_req_event_push  libbluenrg1_stack.a(l2cap.o)
    0x1006be54   0x1006be54   0x00000002   Code   RO         3544    i.aci_l2cap_connection_update_resp_event  libbluenrg1_stack.a(aci_events.o)
    0x1006be56   0x1006be56   0x00000002   Code   RO         3545    i.aci_l2cap_proc_timeout_event  libbluenrg1_stack.a(aci_events.o)
    0x1006be58   0x1006be58   0x00000004   Code   RO         4299    i.acl_list_first    libbluenrg1_stack.a(acl_list.o)
    0x1006be5c   0x1006be5c   0x00000026   Code   RO         4300    i.acl_list_full_on_packt  libbluenrg1_stack.a(acl_list.o)
    0x1006be82   0x1006be82   0x00000010   Code   RO         4303    i.acl_list_init     libbluenrg1_stack.a(acl_list.o)
    0x1006be92   0x1006be92   0x00000026   Code   RO         4304    i.acl_list_insert_head  libbluenrg1_stack.a(acl_list.o)
    0x1006beb8   0x1006beb8   0x0000002c   Code   RO         4305    i.acl_list_insert_tail  libbluenrg1_stack.a(acl_list.o)
    0x1006bee4   0x1006bee4   0x0000000e   Code   RO         4306    i.acl_list_is_empty  libbluenrg1_stack.a(acl_list.o)
    0x1006bef2   0x1006bef2   0x00000044   Code   RO         4308    i.acl_list_remove   libbluenrg1_stack.a(acl_list.o)
    0x1006bf36   0x1006bf36   0x0000002e   Code   RO         4309    i.acl_list_remove_head  libbluenrg1_stack.a(acl_list.o)
    0x1006bf64   0x1006bf64   0x00000260   Code   RO         3944    i.adapt_slot        libbluenrg1_stack.a(multi_master_time.o)
    0x1006c1c4   0x1006c1c4   0x0000001e   Code   RO         4045    i.addr_u32_from_u8  libbluenrg1_stack.a(rom_ll_isr_routines.o)
    0x1006c1e2   0x1006c1e2   0x00000020   Code   RO         4082    i.addr_u32_from_u8  libbluenrg1_stack.a(rom_ll_ll_routines.o)
    0x1006c202   0x1006c202   0x00000002   PAD
    0x1006c204   0x1006c204   0x0000008c   Code   RO         3690    i.advParamsCheckAndSet  libbluenrg1_stack.a(gap.o)
    0x1006c290   0x1006c290   0x000002d0   Code   RO         3945    i.advance_slave_timing_MultiSlave  libbluenrg1_stack.a(multi_master_time.o)
    0x1006c560   0x1006c560   0x00000158   Code   RO         4134    i.advance_transmit  libbluenrg1_stack.a(routines_support.o)
    0x1006c6b8   0x1006c6b8   0x0000067c   Code   RO         3650    i.advance_wakeup_timer  libbluenrg1_stack.a(advance_wakeup_time.o)
    0x1006cd34   0x1006cd34   0x0000001c   Code   RO         3367    i.ble_HAL_Init      libbluenrg1_stack.a(hal.o)
    0x1006cd50   0x1006cd50   0x00000004   Code   RO         4047    i.cancel_connect_master_ucfg  libbluenrg1_stack.a(rom_ll_isr_routines.o)
    0x1006cd54   0x1006cd54   0x000001a8   Code   RO         3947    i.cancel_current_master  libbluenrg1_stack.a(multi_master_time.o)
    0x1006cefc   0x1006cefc   0x00000080   Code   RO         4048    i.cancel_master     libbluenrg1_stack.a(rom_ll_isr_routines.o)
    0x1006cf7c   0x1006cf7c   0x000000c4   Code   RO         3820    i.cancel_slave      libbluenrg1_stack.a(isr_routines.o)
    0x1006d040   0x1006d040   0x00000024   Code   RO         3546    i.cb_aci_att_exchange_mtu_resp_event  libbluenrg1_stack.a(aci_events.o)
    0x1006d064   0x1006d064   0x00000020   Code   RO         3547    i.cb_aci_att_exec_write_resp_event  libbluenrg1_stack.a(aci_events.o)
    0x1006d084   0x1006d084   0x00000024   Code   RO         3548    i.cb_aci_att_find_by_type_value_resp_event  libbluenrg1_stack.a(aci_events.o)
    0x1006d0a8   0x1006d0a8   0x00000028   Code   RO         3549    i.cb_aci_att_find_info_resp_event  libbluenrg1_stack.a(aci_events.o)
    0x1006d0d0   0x1006d0d0   0x0000002c   Code   RO         3550    i.cb_aci_att_prepare_write_resp_event  libbluenrg1_stack.a(aci_events.o)
    0x1006d0fc   0x1006d0fc   0x00000024   Code   RO         3551    i.cb_aci_att_read_blob_resp_event  libbluenrg1_stack.a(aci_events.o)
    0x1006d120   0x1006d120   0x00000028   Code   RO         3552    i.cb_aci_att_read_by_group_type_resp_event  libbluenrg1_stack.a(aci_events.o)
    0x1006d148   0x1006d148   0x00000028   Code   RO         3553    i.cb_aci_att_read_by_type_resp_event  libbluenrg1_stack.a(aci_events.o)
    0x1006d170   0x1006d170   0x00000024   Code   RO         3554    i.cb_aci_att_read_multiple_resp_event  libbluenrg1_stack.a(aci_events.o)
    0x1006d194   0x1006d194   0x00000024   Code   RO         3555    i.cb_aci_att_read_resp_event  libbluenrg1_stack.a(aci_events.o)
    0x1006d1b8   0x1006d1b8   0x00000024   Code   RO         3556    i.cb_aci_att_write_resp_event  libbluenrg1_stack.a(aci_events.o)
    0x1006d1dc   0x1006d1dc   0x00000020   Code   RO         3557    i.cb_aci_gap_addr_not_resolved_event  libbluenrg1_stack.a(aci_events.o)
    0x1006d1fc   0x1006d1fc   0x00000020   Code   RO         3558    i.cb_aci_gap_authorization_req_event  libbluenrg1_stack.a(aci_events.o)
    0x1006d21c   0x1006d21c   0x0000001c   Code   RO         3559    i.cb_aci_gap_bond_lost_event  libbluenrg1_stack.a(aci_events.o)
    0x1006d238   0x1006d238   0x00000020   Code   RO         3560    i.cb_aci_gap_device_found_event  libbluenrg1_stack.a(aci_events.o)
    0x1006d258   0x1006d258   0x00000024   Code   RO         3561    i.cb_aci_gap_keypress_notification_event  libbluenrg1_stack.a(aci_events.o)
    0x1006d27c   0x1006d27c   0x0000001c   Code   RO         3562    i.cb_aci_gap_limited_discoverable_event  libbluenrg1_stack.a(aci_events.o)
    0x1006d298   0x1006d298   0x00000024   Code   RO         3563    i.cb_aci_gap_numeric_comparison_value_event  libbluenrg1_stack.a(aci_events.o)
    0x1006d2bc   0x1006d2bc   0x00000024   Code   RO         3564    i.cb_aci_gap_pairing_complete_event  libbluenrg1_stack.a(aci_events.o)
    0x1006d2e0   0x1006d2e0   0x00000020   Code   RO         3565    i.cb_aci_gap_pass_key_req_event  libbluenrg1_stack.a(aci_events.o)
    0x1006d300   0x1006d300   0x00000028   Code   RO         3566    i.cb_aci_gap_proc_complete_event  libbluenrg1_stack.a(aci_events.o)
    0x1006d328   0x1006d328   0x0000001c   Code   RO         3567    i.cb_aci_gap_slave_security_initiated_event  libbluenrg1_stack.a(aci_events.o)
    0x1006d344   0x1006d344   0x0000002c   Code   RO         3568    i.cb_aci_gatt_attribute_modified_event  libbluenrg1_stack.a(aci_events.o)
    0x1006d370   0x1006d370   0x00000028   Code   RO         3569    i.cb_aci_gatt_disc_read_char_by_uuid_resp_event  libbluenrg1_stack.a(aci_events.o)
    0x1006d398   0x1006d398   0x00000028   Code   RO         3570    i.cb_aci_gatt_error_resp_event  libbluenrg1_stack.a(aci_events.o)
    0x1006d3c0   0x1006d3c0   0x00000028   Code   RO         3571    i.cb_aci_gatt_indication_event  libbluenrg1_stack.a(aci_events.o)
    0x1006d3e8   0x1006d3e8   0x00000028   Code   RO         3572    i.cb_aci_gatt_notification_event  libbluenrg1_stack.a(aci_events.o)
    0x1006d410   0x1006d410   0x00000016   Code   RO         3573    i.cb_aci_gatt_prepare_write_permit_req_event  libbluenrg1_stack.a(aci_events.o)
    0x1006d426   0x1006d426   0x00000002   PAD
    0x1006d428   0x1006d428   0x00000024   Code   RO         3574    i.cb_aci_gatt_proc_complete_event  libbluenrg1_stack.a(aci_events.o)
    0x1006d44c   0x1006d44c   0x00000020   Code   RO         3575    i.cb_aci_gatt_proc_timeout_event  libbluenrg1_stack.a(aci_events.o)
    0x1006d46c   0x1006d46c   0x00000010   Code   RO         3576    i.cb_aci_gatt_read_multi_permit_req_event  libbluenrg1_stack.a(aci_events.o)
    0x1006d47c   0x1006d47c   0x00000010   Code   RO         3577    i.cb_aci_gatt_read_permit_req_event  libbluenrg1_stack.a(aci_events.o)
    0x1006d48c   0x1006d48c   0x0000000a   Code   RO         3578    i.cb_aci_gatt_server_confirmation_event  libbluenrg1_stack.a(aci_events.o)
    0x1006d496   0x1006d496   0x0000000e   Code   RO         3579    i.cb_aci_gatt_tx_pool_available_event  libbluenrg1_stack.a(aci_events.o)
    0x1006d4a4   0x1006d4a4   0x00000012   Code   RO         3580    i.cb_aci_gatt_write_permit_req_event  libbluenrg1_stack.a(aci_events.o)
    0x1006d4b6   0x1006d4b6   0x00000010   Code   RO         3581    i.cb_aci_hal_fw_error_event  libbluenrg1_stack.a(aci_events.o)
    0x1006d4c6   0x1006d4c6   0x00000002   PAD
    0x1006d4c8   0x1006d4c8   0x00000028   Code   RO         3582    i.cb_aci_hal_scan_req_report_event  libbluenrg1_stack.a(aci_events.o)
    0x1006d4f0   0x1006d4f0   0x00000016   Code   RO         3583    i.cb_aci_l2cap_command_reject_event  libbluenrg1_stack.a(aci_events.o)
    0x1006d506   0x1006d506   0x00000002   PAD
    0x1006d508   0x1006d508   0x00000034   Code   RO         3584    i.cb_aci_l2cap_connection_update_req_event  libbluenrg1_stack.a(aci_events.o)
    0x1006d53c   0x1006d53c   0x00000024   Code   RO         3585    i.cb_aci_l2cap_connection_update_resp_event  libbluenrg1_stack.a(aci_events.o)
    0x1006d560   0x1006d560   0x00000024   Code   RO         3586    i.cb_aci_l2cap_proc_timeout_event  libbluenrg1_stack.a(aci_events.o)
    0x1006d584   0x1006d584   0x00000002   Code   RO         3587    i.cb_hci_data_buffer_overflow_event  libbluenrg1_stack.a(aci_events.o)
    0x1006d586   0x1006d586   0x00000002   PAD
    0x1006d588   0x1006d588   0x00000024   Code   RO         3588    i.cb_hci_disconnection_complete_event  libbluenrg1_stack.a(aci_events.o)
    0x1006d5ac   0x1006d5ac   0x00000024   Code   RO         3589    i.cb_hci_encryption_change_event  libbluenrg1_stack.a(aci_events.o)
    0x1006d5d0   0x1006d5d0   0x00000024   Code   RO         3590    i.cb_hci_encryption_key_refresh_complete_event  libbluenrg1_stack.a(aci_events.o)
    0x1006d5f4   0x1006d5f4   0x00000024   Code   RO         3591    i.cb_hci_le_advertising_report_event  libbluenrg1_stack.a(aci_events.o)
    0x1006d618   0x1006d618   0x00000044   Code   RO         3592    i.cb_hci_le_connection_complete_event  libbluenrg1_stack.a(aci_events.o)
    0x1006d65c   0x1006d65c   0x00000030   Code   RO         3593    i.cb_hci_le_connection_update_complete_event  libbluenrg1_stack.a(aci_events.o)
    0x1006d68c   0x1006d68c   0x00000030   Code   RO         3594    i.cb_hci_le_data_length_change_event  libbluenrg1_stack.a(aci_events.o)
    0x1006d6bc   0x1006d6bc   0x00000024   Code   RO         3595    i.cb_hci_le_direct_advertising_report_event  libbluenrg1_stack.a(aci_events.o)
    0x1006d6e0   0x1006d6e0   0x0000004c   Code   RO         3596    i.cb_hci_le_enhanced_connection_complete_event  libbluenrg1_stack.a(aci_events.o)
    0x1006d72c   0x1006d72c   0x00000028   Code   RO         3597    i.cb_hci_le_generate_dhkey_complete_event  libbluenrg1_stack.a(aci_events.o)
    0x1006d754   0x1006d754   0x00000028   Code   RO         3598    i.cb_hci_le_long_term_key_request_event  libbluenrg1_stack.a(aci_events.o)
    0x1006d77c   0x1006d77c   0x00000028   Code   RO         3599    i.cb_hci_le_read_local_p256_public_key_complete_event  libbluenrg1_stack.a(aci_events.o)
    0x1006d7a4   0x1006d7a4   0x0000002c   Code   RO         3600    i.cb_hci_le_read_remote_used_features_complete_event  libbluenrg1_stack.a(aci_events.o)
    0x1006d7d0   0x1006d7d0   0x0000000a   Code   RO         3601    i.cb_hci_number_of_completed_packets_event  libbluenrg1_stack.a(aci_events.o)
    0x1006d7da   0x1006d7da   0x00000002   PAD
    0x1006d7dc   0x1006d7dc   0x00000028   Code   RO         3602    i.cb_hci_read_remote_version_information_complete_event  libbluenrg1_stack.a(aci_events.o)
    0x1006d804   0x1006d804   0x00000016   Code   RO         3603    i.cb_hci_rx_acl_data_event  libbluenrg1_stack.a(aci_events.o)
    0x1006d81a   0x1006d81a   0x00000012   Code   RO         3368    i.char_copy         libbluenrg1_stack.a(hal.o)
    0x1006d82c   0x1006d82c   0x00000020   Code   RO         4113    i.convert_power     libbluenrg1_stack.a(rom_ll_routines_support.o)
    0x1006d84c   0x1006d84c   0x00000012   Code   RO         3461    i.copy_4_u32        libbluenrg1_stack.a(ll_isr.o)
    0x1006d85e   0x1006d85e   0x00000002   PAD
    0x1006d860   0x1006d860   0x00000084   Code   RO         3462    i.copy_tx_data_packet  libbluenrg1_stack.a(ll_isr.o)
    0x1006d8e4   0x1006d8e4   0x00000004   Code   RO         2623    i.data_length_extension_csr_ucfg  stack_user_cfg.o
    0x1006d8e8   0x1006d8e8   0x00000074   Code   RO         3463    i.encrypt           libbluenrg1_stack.a(ll_isr.o)
    0x1006d95c   0x1006d95c   0x0000006c   Code   RO         3604    i.fifoBuf_getFreeHeader  libbluenrg1_stack.a(aci_events.o)
    0x1006d9c8   0x1006d9c8   0x0000000a   Code   RO         3605    i.fifoCtrl_init     libbluenrg1_stack.a(aci_events.o)
    0x1006d9d2   0x1006d9d2   0x00000002   PAD
    0x1006d9d4   0x1006d9d4   0x00000014   Code   RO         3691    i.gapClearAllModeFlags  libbluenrg1_stack.a(gap.o)
    0x1006d9e8   0x1006d9e8   0x00000014   Code   RO         4049    i.get_adv_addr      libbluenrg1_stack.a(rom_ll_isr_routines.o)
    0x1006d9fc   0x1006d9fc   0x00000048   Code   RO         3948    i.get_advertiser    libbluenrg1_stack.a(multi_master_time.o)
    0x1006da44   0x1006da44   0x00000088   Code   RO         3949    i.get_connection_no  libbluenrg1_stack.a(multi_master_time.o)
    0x1006dacc   0x1006dacc   0x00000034   Code   RO         3950    i.get_next_free_slot  libbluenrg1_stack.a(multi_master_time.o)
    0x1006db00   0x1006db00   0x00000014   Code   RO         4050    i.get_scan_addr     libbluenrg1_stack.a(rom_ll_isr_routines.o)
    0x1006db14   0x1006db14   0x00000048   Code   RO         3951    i.get_scan_connection  libbluenrg1_stack.a(multi_master_time.o)
    0x1006db5c   0x1006db5c   0x0000029c   Code   RO         4051    i.go_to_connect     libbluenrg1_stack.a(rom_ll_isr_routines.o)
    0x1006ddf8   0x1006ddf8   0x00000034   Code   RO         3369    i.hal_radio_activity_state_callback_check  libbluenrg1_stack.a(hal.o)
    0x1006de2c   0x1006de2c   0x0000001c   Code   RO         3370    i.hal_radio_activity_state_init  libbluenrg1_stack.a(hal.o)
    0x1006de48   0x1006de48   0x00000040   Code   RO         3371    i.hal_read_radio_activity_state  libbluenrg1_stack.a(hal.o)
    0x1006de88   0x1006de88   0x00000020   Code   RO         3091    i.hci_disconnection_complete_event  sensor.o
    0x1006dea8   0x1006dea8   0x00000002   Code   RO         3608    i.hci_encryption_change_event  libbluenrg1_stack.a(aci_events.o)
    0x1006deaa   0x1006deaa   0x00000002   PAD
    0x1006deac   0x1006deac   0x0000005c   Code   RO         3898    i.hci_encryption_change_event_push  libbluenrg1_stack.a(ll_routines_master.o)
    0x1006df08   0x1006df08   0x00000002   Code   RO         3609    i.hci_encryption_key_refresh_complete_event  libbluenrg1_stack.a(aci_events.o)
    0x1006df0a   0x1006df0a   0x00000002   PAD
    0x1006df0c   0x1006df0c   0x00000058   Code   RO         3899    i.hci_encryption_key_refresh_complete_event_push  libbluenrg1_stack.a(ll_routines_master.o)
    0x1006df64   0x1006df64   0x00000018   Code   RO         3183    i.hci_hardware_error_event  sensordemo_main.o
    0x1006df7c   0x1006df7c   0x00000002   Code   RO         3611    i.hci_le_advertising_report_event  libbluenrg1_stack.a(aci_events.o)
    0x1006df7e   0x1006df7e   0x00000002   PAD
    0x1006df80   0x1006df80   0x00000010   Code   RO         3092    i.hci_le_connection_complete_event  sensor.o
    0x1006df90   0x1006df90   0x00000088   Code   RO         3901    i.hci_le_connection_complete_event_push  libbluenrg1_stack.a(ll_routines_master.o)
    0x1006e018   0x1006e018   0x00000002   Code   RO         3613    i.hci_le_connection_update_complete_event  libbluenrg1_stack.a(aci_events.o)
    0x1006e01a   0x1006e01a   0x00000002   PAD
    0x1006e01c   0x1006e01c   0x0000006c   Code   RO         3902    i.hci_le_connection_update_complete_event_push  libbluenrg1_stack.a(ll_routines_master.o)
    0x1006e088   0x1006e088   0x00000060   Code   RO         1812    i.hci_le_data_length_change_event  ota_btl.o
    0x1006e0e8   0x1006e0e8   0x00000002   Code   RO         3615    i.hci_le_direct_advertising_report_event  libbluenrg1_stack.a(aci_events.o)
    0x1006e0ea   0x1006e0ea   0x0000000a   Code   RO         3390    i.hci_le_encrypt    libbluenrg1_stack.a(hci.o)
    0x1006e0f4   0x1006e0f4   0x00000002   Code   RO         3616    i.hci_le_enhanced_connection_complete_event  libbluenrg1_stack.a(aci_events.o)
    0x1006e0f6   0x1006e0f6   0x00000002   Code   RO         3617    i.hci_le_generate_dhkey_complete_event  libbluenrg1_stack.a(aci_events.o)
    0x1006e0f8   0x1006e0f8   0x00000002   Code   RO         3618    i.hci_le_long_term_key_request_event  libbluenrg1_stack.a(aci_events.o)
    0x1006e0fa   0x1006e0fa   0x0000000e   Code   RO         3392    i.hci_le_long_term_key_request_reply  libbluenrg1_stack.a(hci.o)
    0x1006e108   0x1006e108   0x0000000e   Code   RO         3393    i.hci_le_long_term_key_requested_negative_reply  libbluenrg1_stack.a(hci.o)
    0x1006e116   0x1006e116   0x00000002   Code   RO         3619    i.hci_le_read_local_p256_public_key_complete_event  libbluenrg1_stack.a(aci_events.o)
    0x1006e118   0x1006e118   0x00000002   Code   RO         3620    i.hci_le_read_remote_used_features_complete_event  libbluenrg1_stack.a(aci_events.o)
    0x1006e11a   0x1006e11a   0x00000016   Code   RO         3417    i.hci_le_set_scan_response_data  libbluenrg1_stack.a(hci.o)
    0x1006e130   0x1006e130   0x00000002   Code   RO         3621    i.hci_number_of_completed_packets_event  libbluenrg1_stack.a(aci_events.o)
    0x1006e132   0x1006e132   0x00000002   Code   RO         3622    i.hci_read_remote_version_information_complete_event  libbluenrg1_stack.a(aci_events.o)
    0x1006e134   0x1006e134   0x0000006c   Code   RO         3431    i.hci_rx_acl_data   libbluenrg1_stack.a(hci.o)
    0x1006e1a0   0x1006e1a0   0x00000004   Code   RO         3623    i.hci_rx_acl_data_event  libbluenrg1_stack.a(aci_events.o)
    0x1006e1a4   0x1006e1a4   0x00000044   Code   RO         3434    i.hci_tx_acl_data_done  libbluenrg1_stack.a(hci.o)
    0x1006e1e8   0x1006e1e8   0x00000010   Code   RO         4083    i.int32ToLe4Byte    libbluenrg1_stack.a(rom_ll_ll_routines.o)
    0x1006e1f8   0x1006e1f8   0x00000010   Code   RO         4157    i.int32ToLe4Byte    libbluenrg1_stack.a(sdb.o)
    0x1006e208   0x1006e208   0x00000010   Code   RO         4172    i.int32ToLe4Byte    libbluenrg1_stack.a(securitymgr.o)
    0x1006e218   0x1006e218   0x00000040   Code   RO         3644    i.int_cb_hci_acl_data_ind_event  libbluenrg1_stack.a(acl.o)
    0x1006e258   0x1006e258   0x00000054   Code   RO         3645    i.int_cb_hci_acl_data_tx_cmpl_event  libbluenrg1_stack.a(acl.o)
    0x1006e2ac   0x1006e2ac   0x00000026   Code   RO         3624    i.int_cb_hci_disconnection_complete_event  libbluenrg1_stack.a(aci_events.o)
    0x1006e2d2   0x1006e2d2   0x0000001a   Code   RO         3625    i.int_cb_hci_encryption_change_event  libbluenrg1_stack.a(aci_events.o)
    0x1006e2ec   0x1006e2ec   0x0000001a   Code   RO         3626    i.int_cb_hci_encryption_key_refresh_complete_event  libbluenrg1_stack.a(aci_events.o)
    0x1006e306   0x1006e306   0x0000001e   Code   RO         3627    i.int_cb_hci_le_advertising_report_event  libbluenrg1_stack.a(aci_events.o)
    0x1006e324   0x1006e324   0x00000026   Code   RO         3628    i.int_cb_hci_le_connection_complete_event  libbluenrg1_stack.a(aci_events.o)
    0x1006e34a   0x1006e34a   0x00000010   Code   RO         3629    i.int_cb_hci_le_data_length_change_event  libbluenrg1_stack.a(aci_events.o)
    0x1006e35a   0x1006e35a   0x0000001e   Code   RO         3630    i.int_cb_hci_le_direct_advertising_report_event  libbluenrg1_stack.a(aci_events.o)
    0x1006e378   0x1006e378   0x00000026   Code   RO         3631    i.int_cb_hci_le_enhanced_connection_complete_event  libbluenrg1_stack.a(aci_events.o)
    0x1006e39e   0x1006e39e   0x0000001a   Code   RO         3632    i.int_cb_hci_le_generate_dhkey_complete_event  libbluenrg1_stack.a(aci_events.o)
    0x1006e3b8   0x1006e3b8   0x0000000c   Code   RO         3633    i.int_cb_hci_le_long_term_key_request_event  libbluenrg1_stack.a(aci_events.o)
    0x1006e3c4   0x1006e3c4   0x0000001a   Code   RO         3634    i.int_cb_hci_le_read_local_p256_public_key_complete_event  libbluenrg1_stack.a(aci_events.o)
    0x1006e3de   0x1006e3de   0x0000001e   Code   RO         4296    i.is_Buffer_All_Set_To  libbluenrg1_stack.a(utils.o)
    0x1006e3fc   0x1006e3fc   0x0000004c   Code   RO         4084    i.is_connected      libbluenrg1_stack.a(rom_ll_ll_routines.o)
    0x1006e448   0x1006e448   0x00000034   Code   RO         3952    i.is_slave          libbluenrg1_stack.a(multi_master_time.o)
    0x1006e47c   0x1006e47c   0x00000020   Code   RO         3646    i.isr_Acl_Data_Indication_Queue_Full  libbluenrg1_stack.a(acl.o)
    0x1006e49c   0x1006e49c   0x00000020   Code   RO         3647    i.isr_Acl_Data_TX_Cmpl_Queue_Full  libbluenrg1_stack.a(acl.o)
    0x1006e4bc   0x1006e4bc   0x000003d0   Code   RO         3465    i.isr_advertise_state  libbluenrg1_stack.a(ll_isr.o)
    0x1006e88c   0x1006e88c   0x000007e8   Code   RO         3467    i.isr_connect_slave_state  libbluenrg1_stack.a(ll_isr.o)
    0x1006f074   0x1006f074   0x00000660   Code   RO         3905    i.isr_event_handler  libbluenrg1_stack.a(ll_routines_master.o)
    0x1006f6d4   0x1006f6d4   0x00000002   Code   RO         3907    i.isr_event_handler_scan_data_ucfg  libbluenrg1_stack.a(ll_routines_master.o)
    0x1006f6d6   0x1006f6d6   0x00000002   PAD
    0x1006f6d8   0x1006f6d8   0x000001f4   Code   RO         3816    i.isr_postproc      libbluenrg1_stack.a(isr_postproc.o)
    0x1006f8cc   0x1006f8cc   0x00000110   Code   RO         4039    i.isr_postproc1     libbluenrg1_stack.a(rom_ll_isr_postproc.o)
    0x1006f9dc   0x1006f9dc   0x00000016   Code   RO         4040    i.isr_postproc_encrypt_data  libbluenrg1_stack.a(rom_ll_isr_postproc.o)
    0x1006f9f2   0x1006f9f2   0x00000002   PAD
    0x1006f9f4   0x1006f9f4   0x00000038   Code   RO         3469    i.isr_test_rx_state  libbluenrg1_stack.a(ll_isr.o)
    0x1006fa2c   0x1006fa2c   0x00000068   Code   RO         3470    i.isr_test_tx_state  libbluenrg1_stack.a(ll_isr.o)
    0x1006fa94   0x1006fa94   0x0000002c   Code   RO         3471    i.isr_unknown_state  libbluenrg1_stack.a(ll_isr.o)
    0x1006fac0   0x1006fac0   0x0000000a   Code   RO         4052    i.le2ByteToInt16    libbluenrg1_stack.a(rom_ll_isr_routines.o)
    0x1006faca   0x1006faca   0x00000016   Code   RO         4053    i.le4ByteToInt32    libbluenrg1_stack.a(rom_ll_isr_routines.o)
    0x1006fae0   0x1006fae0   0x00000016   Code   RO         4085    i.le4ByteToInt32    libbluenrg1_stack.a(rom_ll_ll_routines.o)
    0x1006faf6   0x1006faf6   0x00000002   PAD
    0x1006faf8   0x1006faf8   0x00000078   Code   RO         3496    i.ll_write_supported_data  libbluenrg1_stack.a(ll_routines.o)
    0x1006fb70   0x1006fb70   0x00000008   Code   RO         2628    i.ll_write_supported_data_ucfg  stack_user_cfg.o
    0x1006fb78   0x1006fb78   0x00000020   Code   RO         4120    i.machine_time_trans  libbluenrg1_stack.a(rom_ll_timehandling.o)
    0x1006fb98   0x1006fb98   0x00000060   Code   RO         3184    i.main              sensordemo_main.o
    0x1006fbf8   0x1006fbf8   0x000000b8   Code   RO         3921    i.mem_alloc_ctx_init  libbluenrg1_stack.a(mem_alloc.o)
    0x1006fcb0   0x1006fcb0   0x00000008   Code   RO         4135    i.microseconds_to_machine_time  libbluenrg1_stack.a(routines_support.o)
    0x1006fcb8   0x1006fcb8   0x0000001c   Code   RO         4114    i.modulo_37         libbluenrg1_stack.a(rom_ll_routines_support.o)
    0x1006fcd4   0x1006fcd4   0x00000018   Code   RO         3953    i.nsar_init         libbluenrg1_stack.a(multi_master_time.o)
    0x1006fcec   0x1006fcec   0x0000001c   Code   RO         3954    i.nsar_insertSlotListEntry  libbluenrg1_stack.a(multi_master_time.o)
    0x1006fd08   0x1006fd08   0x000000c0   Code   RO         3955    i.nsar_searchBestFreeSlot  libbluenrg1_stack.a(multi_master_time.o)
    0x1006fdc8   0x1006fdc8   0x00000022   Code   RO         3957    i.nsar_updateBestFreeSlot  libbluenrg1_stack.a(multi_master_time.o)
    0x1006fdea   0x1006fdea   0x00000002   PAD
    0x1006fdec   0x1006fdec   0x0000006c   Code   RO         3958    i.nsar_updateSlotListEntry  libbluenrg1_stack.a(multi_master_time.o)
    0x1006fe58   0x1006fe58   0x0000007c   Code   RO         3498    i.read_rssi         libbluenrg1_stack.a(ll_routines.o)
    0x1006fed4   0x1006fed4   0x000000b0   Code   RO         3963    i.schedule_advertise_slot  libbluenrg1_stack.a(multi_master_time.o)
    0x1006ff84   0x1006ff84   0x00000164   Code   RO         4158    i.sdb_delete        libbluenrg1_stack.a(sdb.o)
    0x100700e8   0x100700e8   0x000000c4   Code   RO         4159    i.sdb_find_client_data  libbluenrg1_stack.a(sdb.o)
    0x100701ac   0x100701ac   0x00000018   Code   RO         4160    i.sdb_get_gatt_db_start_address  libbluenrg1_stack.a(sdb.o)
    0x100701c4   0x100701c4   0x00000020   Code   RO         4161    i.sdb_invalidate_record  libbluenrg1_stack.a(sdb.o)
    0x100701e4   0x100701e4   0x00000014   Code   RO         4162    i.sdb_read_address_type  libbluenrg1_stack.a(sdb.o)
    0x100701f8   0x100701f8   0x00000024   Code   RO         4163    i.sdb_read_record   libbluenrg1_stack.a(sdb.o)
    0x1007021c   0x1007021c   0x00000014   Code   RO         4164    i.sdb_read_record_validity  libbluenrg1_stack.a(sdb.o)
    0x10070230   0x10070230   0x0000007c   Code   RO         4165    i.sdb_write_record  libbluenrg1_stack.a(sdb.o)
    0x100702ac   0x100702ac   0x00000004   Code   RO         4287    i.secure_connections_csr_ucfg  libbluenrg1_stack.a(smp_scv42_sap.o)
    0x100702b0   0x100702b0   0x00000104   Code   RO         3692    i.setGapAdvData     libbluenrg1_stack.a(gap.o)
    0x100703b4   0x100703b4   0x00000088   Code   RO         4121    i.set_freq          libbluenrg1_stack.a(rom_ll_timehandling.o)
    0x1007043c   0x1007043c   0x0000001c   Code   RO         4122    i.set_sca           libbluenrg1_stack.a(rom_ll_timehandling.o)
    0x10070458   0x10070458   0x00000010   Code   RO         3372    i.set_string        libbluenrg1_stack.a(hal.o)
    0x10070468   0x10070468   0x00000208   Code   RO         4136    i.slave_advance     libbluenrg1_stack.a(routines_support.o)
    0x10070670   0x10070670   0x000000c6   Code   RO         4388    i.sma_CMAC_generate_tag  libbluenrg1_stack.a(smp_algo_sap.o)
    0x10070736   0x10070736   0x00000036   Code   RO         4389    i.sma_Calculate_Hash  libbluenrg1_stack.a(smp_algo_sap.o)
    0x1007076c   0x1007076c   0x0000007e   Code   RO         4390    i.sma_generate_subkeys  libbluenrg1_stack.a(smp_algo_sap.o)
    0x100707ea   0x100707ea   0x0000002c   Code   RO         4391    i.sma_left_shift    libbluenrg1_stack.a(smp_algo_sap.o)
    0x10070816   0x10070816   0x00000018   Code   RO         4174    i.smp_Build_AuthReq_Field  libbluenrg1_stack.a(securitymgr.o)
    0x1007082e   0x1007082e   0x00000002   PAD
    0x10070830   0x10070830   0x00000038   Code   RO         4175    i.smp_Build_Pairing_ReqResp_Packet  libbluenrg1_stack.a(securitymgr.o)
    0x10070868   0x10070868   0x00000034   Code   RO         4176    i.smp_Check_Incoming_Pairing_Parameters  libbluenrg1_stack.a(securitymgr.o)
    0x1007089c   0x1007089c   0x0000009c   Code   RO         4177    i.smp_Determine_Key_Association_Method  libbluenrg1_stack.a(securitymgr.o)
    0x10070938   0x10070938   0x00000184   Code   RO         4178    i.smp_Execute_Actions_wrt_Current_State  libbluenrg1_stack.a(securitymgr.o)
    0x10070abc   0x10070abc   0x00000002   Code   RO         4180    i.smp_Execute_Actions_wrt_Current_State_MI_excerpt_ucfg  libbluenrg1_stack.a(securitymgr.o)
    0x10070abe   0x10070abe   0x00000002   Code   RO         4184    i.smp_Execute_Actions_wrt_Current_State_sc_excerpt_phase2as2_ucfg  libbluenrg1_stack.a(securitymgr.o)
    0x10070ac0   0x10070ac0   0x00000004   Code   RO         4186    i.smp_Execute_Actions_wrt_Current_State_sc_excerpt_phase_1_to_2_ucfg  libbluenrg1_stack.a(securitymgr.o)
    0x10070ac4   0x10070ac4   0x00000078   Code   RO         4187    i.smp_Get_Long_Term_Key  libbluenrg1_stack.a(securitymgr.o)
    0x10070b3c   0x10070b3c   0x00000088   Code   RO         4188    i.smp_Get_Pairing_Parameters_From_Peer_Packet  libbluenrg1_stack.a(securitymgr.o)
    0x10070bc4   0x10070bc4   0x00000032   Code   RO         4260    i.smp_Keys_Distribution_Complete  libbluenrg1_stack.a(smp_common.o)
    0x10070bf6   0x10070bf6   0x00000002   PAD
    0x10070bf8   0x10070bf8   0x00000118   Code   RO         4189    i.smp_Keys_Distribution_Send  libbluenrg1_stack.a(securitymgr.o)
    0x10070d10   0x10070d10   0x00000150   Code   RO         4191    i.smp_LP_SR_Compute_c1_Confirm_Value  libbluenrg1_stack.a(securitymgr.o)
    0x10070e60   0x10070e60   0x00000004   Code   RO         4193    i.smp_MI_Start_Encryption_ucfg  libbluenrg1_stack.a(securitymgr.o)
    0x10070e64   0x10070e64   0x00000004   Code   RO         4195    i.smp_Process_Rx_Packet_Exception_Cases_sc_excerpt_ucfg  libbluenrg1_stack.a(securitymgr.o)
    0x10070e68   0x10070e68   0x00000004   Code   RO         4197    i.smp_Process_Rx_Packet_wrt_Current_State_MI_excerpt_ucfg  libbluenrg1_stack.a(securitymgr.o)
    0x10070e6c   0x10070e6c   0x00000118   Code   RO         4198    i.smp_Process_Rx_Packet_wrt_Current_State_SR_excerpt  libbluenrg1_stack.a(securitymgr.o)
    0x10070f84   0x10070f84   0x00000004   Code   RO         4200    i.smp_Process_Rx_Packet_wrt_Current_State_sc_excerpt_ucfg  libbluenrg1_stack.a(securitymgr.o)
    0x10070f88   0x10070f88   0x00000078   Code   RO         4201    i.smp_Set_Key_Association_Method  libbluenrg1_stack.a(securitymgr.o)
    0x10071000   0x10071000   0x0000007a   Code   RO         4207    i.smp____SR_PairingConfirm_Receive  libbluenrg1_stack.a(securitymgr.o)
    0x1007107a   0x1007107a   0x00000002   PAD
    0x1007107c   0x1007107c   0x00000114   Code   RO         4208    i.smp____SR_PairingRandom_Receive  libbluenrg1_stack.a(securitymgr.o)
    0x10071190   0x10071190   0x0000017c   Code   RO         4209    i.smp____SR_PairingRequest_Receive  libbluenrg1_stack.a(securitymgr.o)
    0x1007130c   0x1007130c   0x00000148   Code   RO         4261    i.smp_add_pairing_record_to_bonding_database  libbluenrg1_stack.a(smp_common.o)
    0x10071454   0x10071454   0x00000110   Code   RO         4262    i.smp_cmn_pairing_phase_3_keys_receiving  libbluenrg1_stack.a(smp_common.o)
    0x10071564   0x10071564   0x00000066   Code   RO         4210    i.smp_cmn_process_rx_packet_wrt_current_state  libbluenrg1_stack.a(securitymgr.o)
    0x100715ca   0x100715ca   0x00000002   PAD
    0x100715cc   0x100715cc   0x00000044   Code   RO         4263    i.smp_find_remote_device_index  libbluenrg1_stack.a(smp_common.o)
    0x10071610   0x10071610   0x00000038   Code   RO         4264    i.smp_flush_rx_queues  libbluenrg1_stack.a(smp_common.o)
    0x10071648   0x10071648   0x0000001e   Code   RO         4265    i.smp_get_CSRK      libbluenrg1_stack.a(smp_common.o)
    0x10071666   0x10071666   0x00000002   PAD
    0x10071668   0x10071668   0x0000003c   Code   RO         4266    i.smp_get_local_identity_address  libbluenrg1_stack.a(smp_common.o)
    0x100716a4   0x100716a4   0x0000004c   Code   RO         4267    i.smp_is_any_pairing_ongoing  libbluenrg1_stack.a(smp_common.o)
    0x100716f0   0x100716f0   0x00000038   Code   RO         4268    i.smp_keys_distribution_start  libbluenrg1_stack.a(smp_common.o)
    0x10071728   0x10071728   0x0000003c   Code   RO         4269    i.smp_oob_check_is_remote_data_present  libbluenrg1_stack.a(smp_common.o)
    0x10071764   0x10071764   0x00000034   Code   RO         4271    i.smp_pairing_2octets_packet_send  libbluenrg1_stack.a(smp_common.o)
    0x10071798   0x10071798   0x00000078   Code   RO         4272    i.smp_pairing_completed  libbluenrg1_stack.a(smp_common.o)
    0x10071810   0x10071810   0x00000016   Code   RO         4273    i.smp_pairing_failed_receive  libbluenrg1_stack.a(smp_common.o)
    0x10071826   0x10071826   0x0000002a   Code   RO         4274    i.smp_pairing_failed_send  libbluenrg1_stack.a(smp_common.o)
    0x10071850   0x10071850   0x00000064   Code   RO         4275    i.smp_pairing_process_abort  libbluenrg1_stack.a(smp_common.o)
    0x100718b4   0x100718b4   0x000000f0   Code   RO         4276    i.smp_repeated_attacks_protection  libbluenrg1_stack.a(smp_common.o)
    0x100719a4   0x100719a4   0x00000002   Code   RO         4222    i.smp_sc_SR_PairingConfirm_Receive_sc_excerpt_ucfg  libbluenrg1_stack.a(securitymgr.o)
    0x100719a6   0x100719a6   0x00000002   Code   RO         4224    i.smp_sc_SR_PairingRandom_Receive_sc_excerpt_ucfg  libbluenrg1_stack.a(securitymgr.o)
    0x100719a8   0x100719a8   0x00000002   Code   RO         4226    i.smp_sc_SR_Pairing_Phase_2AS1_Start_sc_excerpt_ucfg  libbluenrg1_stack.a(securitymgr.o)
    0x100719aa   0x100719aa   0x00000002   Code   RO         4400    i.smp_sc_check_for_ecc_pk_generation_request_ucfg  libbluenrg1_stack.a(smp_scv42_caf.o)
    0x100719ac   0x100719ac   0x00000004   Code   RO         4402    i.smp_sc_continue_on_exclusive_sc_pairing_ucfg  libbluenrg1_stack.a(smp_scv42_caf.o)
    0x100719b0   0x100719b0   0x00000002   Code   RO         4289    i.smp_sc_hci_le_generate_dhkey_complete_evt_hndl_ucfg  libbluenrg1_stack.a(smp_scv42_sap.o)
    0x100719b2   0x100719b2   0x00000002   Code   RO         4291    i.smp_sc_hci_le_read_local_p256_public_key_complete_evt_hndl_ucfg  libbluenrg1_stack.a(smp_scv42_sap.o)
    0x100719b4   0x100719b4   0x00000002   Code   RO         4407    i.smp_sc_init_ucfg  libbluenrg1_stack.a(smp_scv42_caf.o)
    0x100719b6   0x100719b6   0x00000002   PAD
    0x100719b8   0x100719b8   0x00000040   Code   RO         4408    i.smp_sc_is_another_sc_pairing_ongoing  libbluenrg1_stack.a(smp_scv42_caf.o)
    0x100719f8   0x100719f8   0x00000002   Code   RO         4417    i.smp_sc_update_statistics_on_pairing_complete_ucfg  libbluenrg1_stack.a(smp_scv42_caf.o)
    0x100719fa   0x100719fa   0x00000002   PAD
    0x100719fc   0x100719fc   0x00000038   Code   RO         4227    i.smp_send_packet   libbluenrg1_stack.a(securitymgr.o)
    0x10071a34   0x10071a34   0x00000038   Code   RO         4278    i.smp_update_statistics_on_pairing_complete  libbluenrg1_stack.a(smp_common.o)
    0x10071a6c   0x10071a6c   0x000000d0   Code   RO         3964    i.start_timebase    libbluenrg1_stack.a(multi_master_time.o)
    0x10071b3c   0x10071b3c   0x00000002   Code   RO         3472    i.state_func_call_init_csr_ucfg  libbluenrg1_stack.a(ll_isr.o)
    0x10071b3e   0x10071b3e   0x0000001e   Code   RO         3813    i.store_data        libbluenrg1_stack.a(gatt_server.o)
    0x10071b5c   0x10071b5c   0x0000013c   Code   RO         4137    i.swap_slaves       libbluenrg1_stack.a(routines_support.o)
    0x10071c98   0x10071c98   0x0000000a   Code   RO         3965    i.swap_u16          libbluenrg1_stack.a(multi_master_time.o)
    0x10071ca2   0x10071ca2   0x0000000a   Code   RO         4138    i.swap_u16          libbluenrg1_stack.a(routines_support.o)
    0x10071cac   0x10071cac   0x0000000a   Code   RO         4139    i.swap_u32          libbluenrg1_stack.a(routines_support.o)
    0x10071cb6   0x10071cb6   0x0000000a   Code   RO         4140    i.swap_u8           libbluenrg1_stack.a(routines_support.o)
    0x10071cc0   0x10071cc0   0x00000010   Code   RO         4123    i.system_time_trans  libbluenrg1_stack.a(rom_ll_timehandling.o)
    0x10071cd0   0x10071cd0   0x00000030   Code   RO         4124    i.system_time_trans_ext  libbluenrg1_stack.a(rom_ll_timehandling.o)
    0x10071d00   0x10071d00   0x0000000e   Code   RO         4125    i.time_offset1      libbluenrg1_stack.a(rom_ll_timehandling.o)
    0x10071d0e   0x10071d0e   0x00000002   PAD
    0x10071d10   0x10071d10   0x00000010   Code   RO         4126    i.time_offset2      libbluenrg1_stack.a(rom_ll_timehandling.o)
    0x10071d20   0x10071d20   0x00000038   Code   RO         3966    i.timebase_start_connect  libbluenrg1_stack.a(multi_master_time.o)
    0x10071d58   0x10071d58   0x0000002e   Code   RO         4054    i.unpack_channel_map  libbluenrg1_stack.a(rom_ll_isr_routines.o)
    0x10071d86   0x10071d86   0x00000048   Code   RO         4055    i.unpack_update_request  libbluenrg1_stack.a(rom_ll_isr_routines.o)
    0x10071dce   0x10071dce   0x00000024   Code   RO         4041    i.wait_for_aes_ready  libbluenrg1_stack.a(rom_ll_isr_postproc.o)
    0x10071df2   0x10071df2   0x00000002   PAD
    0x10071df4   0x10071df4   0x0000007c   Code   RO         4086    i.wait_for_prescheduled_slot_cancellation  libbluenrg1_stack.a(rom_ll_ll_routines.o)
    0x10071e70   0x10071e70   0x00000003   Data   RO         2041    .constdata          lsm6ds3.o
    0x10071e73   0x10071e73   0x00000001   PAD
    0x10071e74   0x10071e74   0x00000004   Data   RO         2346    .constdata          sdk_eval_config.o
    0x10071e78   0x10071e78   0x00000004   Data   RO         2347    .constdata          sdk_eval_config.o
    0x10071e7c   0x10071e7c   0x00000004   Data   RO         2348    .constdata          sdk_eval_config.o
    0x10071e80   0x10071e80   0x00000004   Data   RO         2349    .constdata          sdk_eval_config.o
    0x10071e84   0x10071e84   0x00000004   Data   RO         2350    .constdata          sdk_eval_config.o
    0x10071e88   0x10071e88   0x00000004   Data   RO         2351    .constdata          sdk_eval_config.o
    0x10071e8c   0x10071e8c   0x00000004   Data   RO         2352    .constdata          sdk_eval_config.o
    0x10071e90   0x10071e90   0x00000004   Data   RO         2353    .constdata          sdk_eval_config.o
    0x10071e94   0x10071e94   0x0000000c   Data   RO         2358    .constdata          sdk_eval_config.o
    0x10071ea0   0x10071ea0   0x00000004   Data   RO         2359    .constdata          sdk_eval_config.o
    0x10071ea4   0x10071ea4   0x00000004   Data   RO         2363    .constdata          sdk_eval_config.o
    0x10071ea8   0x10071ea8   0x00000004   Data   RO         2364    .constdata          sdk_eval_config.o
    0x10071eac   0x10071eac   0x00000004   Data   RO         2365    .constdata          sdk_eval_config.o
    0x10071eb0   0x10071eb0   0x00000004   Data   RO         2366    .constdata          sdk_eval_config.o
    0x10071eb4   0x10071eb4   0x00000004   Data   RO         2367    .constdata          sdk_eval_config.o
    0x10071eb8   0x10071eb8   0x00000004   Data   RO         2368    .constdata          sdk_eval_config.o
    0x10071ebc   0x10071ebc   0x00000004   Data   RO         2369    .constdata          sdk_eval_config.o
    0x10071ec0   0x10071ec0   0x00000034   Data   RO         3185    .constdata          sensordemo_main.o
    0x10071ef4   0x10071ef4   0x0000001a   Data   RO         3473    .constdata          libbluenrg1_stack.a(ll_isr.o)
    0x10071f0e   0x10071f0e   0x00000002   PAD
    0x10071f10   0x10071f10   0x0000011c   Data   RO         3635    .constdata          libbluenrg1_stack.a(aci_events.o)
    0x1007202c   0x1007202c   0x00000010   Data   RO         4127    .constdata          libbluenrg1_stack.a(rom_ll_timehandling.o)
    0x1007203c   0x1007203c   0x00000019   Data   RO         4228    .constdata          libbluenrg1_stack.a(securitymgr.o)
    0x10072055   0x10072055   0x00000010   Data   RO         4337    .constdata          libbluenrg1_stack.a(att.o)
    0x10072065   0x10072065   0x00000003   PAD
    0x10072068   0x10072068   0x000000a0   Data   RO         4532    Region$$Table       anon$$obj.o


    Execution Region BLOCK_STACKLIB_FLASH_DATA (Exec base: 0x1007f000, Load base: 0x10072108, Size: 0x00000838, Max: 0x00001000, ABSOLUTE, UNINIT)

    Exec Addr    Load Addr    Size         Type   Attr      Idx    E Section Name        Object

    0x1007f000        -       0x00000800   Zero   RW         3188    .noinit.stacklib_flash_data  sensordemo_main.o
    0x1007f800        -       0x00000038   Zero   RW         3189    .noinit.stacklib_stored_device_id_data  sensordemo_main.o


    Execution Region ota_sw_activation_block (Exec base: 0x20000004, Load base: 0x10072108, Size: 0x00000000, Max: 0x00000004, ABSOLUTE, UNINIT)

    **** No section assigned to this execution region ****


    Execution Region savedMSP_block (Exec base: 0x20000008, Load base: 0x10072108, Size: 0x00000004, Max: 0x00000004, ABSOLUTE)

    Exec Addr    Load Addr    Size         Type   Attr      Idx    E Section Name        Object

    0x20000008   0x10072108   0x00000004   Data   RW         2732    .savedMSP           system_bluenrg1.o


    Execution Region wakeupFromSleepFlag_block (Exec base: 0x2000000c, Load base: 0x1007210c, Size: 0x00000004, Max: 0x00000004, ABSOLUTE)

    Exec Addr    Load Addr    Size         Type   Attr      Idx    E Section Name        Object

    0x2000000c   0x1007210c   0x00000001   Data   RW         2733    .wakeupFromSleepFlag  system_bluenrg1.o


    Execution Region app_base_block (Exec base: 0x20000010, Load base: 0x10072110, Size: 0x00000004, Max: 0x00000004, ABSOLUTE)

    Exec Addr    Load Addr    Size         Type   Attr      Idx    E Section Name        Object

    0x20000010   0x10072110   0x00000004   Data   RW         2722    .app_base           system_bluenrg1.o


    Execution Region flash_sw_lock_block (Exec base: 0x20000014, Load base: 0x10072114, Size: 0x00000004, Max: 0x00000004, ABSOLUTE)

    Exec Addr    Load Addr    Size         Type   Attr      Idx    E Section Name        Object

    0x20000014   0x10072114   0x00000004   Data   RW         2728    .flash_sw_lock      system_bluenrg1.o


    Execution Region rfTimeout_block (Exec base: 0x20000018, Load base: 0x10072118, Size: 0x00000004, Max: 0x00000004, ABSOLUTE)

    Exec Addr    Load Addr    Size         Type   Attr      Idx    E Section Name        Object

    0x20000018   0x10072118   0x00000004   Data   RW         2731    .rfTimeout          system_bluenrg1.o


    Execution Region BOR_config_block (Exec base: 0x2000001c, Load base: 0x1007211c, Size: 0x00000008, Max: 0x00000008, ABSOLUTE)

    Exec Addr    Load Addr    Size         Type   Attr      Idx    E Section Name        Object

    0x2000001c   0x1007211c   0x00000007   Data   RW         2720    .BOR_config         system_bluenrg1.o


    Execution Region Blue_Flag_Ram_block (Exec base: 0x20000030, Load base: 0x10072124, Size: 0x00000004, Max: 0x00000004, ABSOLUTE)

    Exec Addr    Load Addr    Size         Type   Attr      Idx    E Section Name        Object

    0x20000030   0x10072124   0x00000004   Data   RW         2721    .__blueflag_RAM     system_bluenrg1.o


    Execution Region Crash_Info_block (Exec base: 0x20000034, Load base: 0x10072128, Size: 0x00000000, Max: 0x00000028, ABSOLUTE, UNINIT)

    **** No section assigned to this execution region ****


    Execution Region BLUE (Exec base: 0x200000c0, Load base: 0x10072128, Size: 0x0000020c, Max: 0x0000020c, ABSOLUTE, COMPRESSED[0x00000008])

    Exec Addr    Load Addr    Size         Type   Attr      Idx    E Section Name        Object

    0x200000c0   COMPRESSED   0x0000020c   Data   RW         2724    .bss.__blue_RAM     system_bluenrg1.o


    Execution Region REGION_RAM2 (Exec base: 0x200002cc, Load base: 0x10072130, Size: 0x000008c8, Max: 0x00005d34, ABSOLUTE, COMPRESSED[0x000000b0])

    Exec Addr    Load Addr    Size         Type   Attr      Idx    E Section Name        Object

    0x200002cc   COMPRESSED   0x00000004   Data   RW           10    .data               clock.o
    0x200002d0   COMPRESSED   0x00000008   Data   RW          823    .data               bluenrg1_i2c.o
    0x200002d8   COMPRESSED   0x00000012   Data   RW         1814    .data               ota_btl.o
    0x200002ea   COMPRESSED   0x00000002   PAD
    0x200002ec   COMPRESSED   0x00000038   Data   RW         1815    .data               ota_btl.o
    0x20000324   COMPRESSED   0x00000034   Data   RW         1967    .data               lps25hb.o
    0x20000358   COMPRESSED   0x00000001   Data   RW         1968    .data               lps25hb.o
    0x20000359   COMPRESSED   0x00000003   PAD
    0x2000035c   COMPRESSED   0x00000040   Data   RW         2042    .data               lsm6ds3.o
    0x2000039c   COMPRESSED   0x0000000c   Data   RW         2043    .data               lsm6ds3.o
    0x200003a8   COMPRESSED   0x00000001   Data   RW         2370    .data               sdk_eval_config.o
    0x200003a9   COMPRESSED   0x00000003   PAD
    0x200003ac   COMPRESSED   0x00000004   Data   RW         2371    .data               sdk_eval_config.o
    0x200003b0   COMPRESSED   0x00000004   Data   RW         2725    .data               system_bluenrg1.o
    0x200003b4   COMPRESSED   0x00000004   Data   RW         2726    .data               system_bluenrg1.o
    0x200003b8   COMPRESSED   0x00000004   Data   RW         2727    .data               system_bluenrg1.o
    0x200003bc   COMPRESSED   0x0000000c   Data   RW         2997    .data               gatt_db.o
    0x200003c8   COMPRESSED   0x0000001e   Data   RW         3095    .data               sensor.o
    0x200003e6   COMPRESSED   0x00000002   Data   RW         3186    .data               sensordemo_main.o
    0x200003e8   COMPRESSED   0x00000048   Data   RW         3474    .data               libbluenrg1_stack.a(ll_isr.o)
    0x20000430   COMPRESSED   0x00000004   Data   RW         3923    .data               libbluenrg1_stack.a(mem_alloc.o)
    0x20000434   COMPRESSED   0x00000004   Data   RW         4279    .data               libbluenrg1_stack.a(smp_common.o)
    0x20000438        -       0x000006c0   Zero   RW         1813    .bss                ota_btl.o
    0x20000af8        -       0x00000020   Zero   RW         2723    .bss                system_bluenrg1.o
    0x20000b18        -       0x00000030   Zero   RW         2996    .bss                gatt_db.o
    0x20000b48        -       0x00000016   Zero   RW         3094    .bss                sensor.o
    0x20000b5e   COMPRESSED   0x00000002   PAD
    0x20000b60        -       0x00000034   Zero   RW         3922    .bss                libbluenrg1_stack.a(mem_alloc.o)


    Execution Region REGION_RAM3 (Exec base: 0x20000b94, Load base: 0x100721e0, Size: 0x00002c40, Max: 0x00005d34, ABSOLUTE, UNINIT)

    Exec Addr    Load Addr    Size         Type   Attr      Idx    E Section Name        Object

    0x20000b94        -       0x00002c40   Zero   RW         3187    .noinit.data        sensordemo_main.o


    Execution Region ARM_LIB_STACKHEAP (Exec base: 0x20005400, Load base: 0x100721e0, Size: 0x00000c00, Max: 0x00000c00, ABSOLUTE)

    Exec Addr    Load Addr    Size         Type   Attr      Idx    E Section Name        Object

    0x20005400        -       0x00000c00   Zero   RW            2    ARM_LIB_STACKHEAP.bss  anon$$obj.o


==============================================================================

Image component sizes


      Code (inc. data)   RO Data    RW Data    ZI Data      Debug   Object Name

       180         46          0          0          0       2967   bluenrg1_flash.o
       392         18          0          0          0       6709   bluenrg1_gpio.o
       294         22          0          8          0       7028   bluenrg1_i2c.o
       100         12          0          0          0       3857   bluenrg1_it.o
        20          0          0          0          0        516   bluenrg1_pka.o
       348         64          0          0          0       7108   bluenrg1_spi.o
       176         20          0          0          0       1552   bluenrg1_sysctrl.o
       364         22          0          0          0       2571   bluenrg1_uart.o
        16          6          0          4          0      42631   clock.o
       160         36          0          0          0        512   context_switch.o
      1336        102          0         12         48      23083   gatt_db.o
       524         44          0         53          0       9086   lps25hb.o
      2800        256          3         76          0      27321   lsm6ds3.o
       136         12          0          0          0       6964   misc.o
       128         20          0          0          0      33310   miscutil.o
        24          0          0          0          0       1898   osal.o
      1810        106          0         74       1728      25337   ota_btl.o
       160         16          0          0          0        729   sdk_eval_com.o
        24         10         76          5          0       3817   sdk_eval_config.o
       760         54          0          0          0       3256   sdk_eval_i2c.o
       154          4          0          0          0       3440   sdk_eval_led.o
       508         42          0          0          0       2956   sdk_eval_spi.o
       618         80          0         30         22       9197   sensor.o
       142         14         52          2      13432       5250   sensordemo_main.o
         0          0          0          0          0      21868   sleep.o
        44          0          0          0          0       4446   stack_user_cfg.o
      1056        138        192        564         32      26473   system_bluenrg1.o

    ----------------------------------------------------------------------
     12308       1144        484        840      20384     283882   Object Totals
         0          0        160          0       5120          0   (incl. Generated)
        34          0          1         12          2          0   (incl. Padding)

    ----------------------------------------------------------------------

      Code (inc. data)   RO Data    RW Data    ZI Data      Debug   Library Member Name

      3106        274        284          0          0          0   aci_events.o
       472         44          0          0          0          0   acl.o
       268          0          0          0          0          0   acl_list.o
      1660         40          0          0          0          0   advance_wakeup_time.o
      5796         94         16          0          0          0   att.o
       362         14          0          0          0          0   bluenrg_gap_aci.o
       288          0          0          0          0          0   bluenrg_gatt_aci.o
        16          0          0          0          0          0   bluenrg_hal_aci.o
        24          0          0          0          0          0   bluenrg_l2cap_aci.o
      1024        106          0          0          0          0   bluenrg_main_func.o
        88         10          0          0          0          0   bluenrg_main_func_speed.o
       296         18          0          0          0          0   device_id_data.o
      2032         86          0          0          0          0   gap.o
        60          4          0          0          0          0   gatt_client.o
      8294        318          0          0          0          0   gatt_server.o
       810         50          0          0          0          0   hal.o
       382         20          0          0          0          0   hci.o
       952        106          0          0          0          0   host_timer.o
       500         32          0          0          0          0   isr_postproc.o
       344         18          0          0          0          0   isr_routines.o
      2100         66          0          0          0          0   l2cap.o
      4338        200         26         72          0          0   ll_isr.o
       678         66          0          0          0          0   ll_privacy.o
      1394         92          0          0          0          0   ll_routines.o
      2058         42          0          0          0          0   ll_routines_master.o
       316         34          0          0          0          0   ll_routines_support.o
       840         28          0          4         52          0   mem_alloc.o
      1122          0          0          0          0          0   mem_buff.o
      2972        110          0          0          0          0   multi_master_time.o
        76         16          0          0          0          0   nvm.o
       690         42          0          0          0          0   pm.o
       344          0          0          0          0          0   rom_att.o
       708         36          0          0          0          0   rom_gap.o
       156         16          0          0          0          0   rom_gap_rom.o
       146          4          0          0          0          0   rom_gatt_server.o
       114          0          0          0          0          0   rom_list.o
       330          8          0          0          0          0   rom_ll_isr_postproc.o
      1180         52          0          0          0          0   rom_ll_isr_routines.o
      3208        196          0          0          0          0   rom_ll_ll_routines.o
       124         26          0          0          0          0   rom_ll_routines_support.o
       316         44         16          0          0          0   rom_ll_timehandling.o
      1386         48          0          0          0          0   routines_support.o
      2478         68          0          0          0          0   sdb.o
      3334         88         25          0          0          0   securitymgr.o
       804         28          0          0          0          0   smp_algo_sap.o
      3548        158          0          4          0          0   smp_common.o
        74          8          0          0          0          0   smp_scv42_caf.o
        42          0          0          0          0          0   smp_scv42_sap.o
        44          0          0          0          0          0   utils.o
        86          0          0          0          0          0   __dczerorl2.o
         0          0          0          0          0          0   entry.o
         0          0          0          0          0          0   entry10a.o
         0          0          0          0          0          0   entry11a.o
         4          0          0          0          0          0   entry12b.o
         8          4          0          0          0          0   entry3.o
         4          0          0          0          0          0   entry5.o
         0          0          0          0          0          0   entry7b.o
         0          0          0          0          0          0   entry8b.o
         8          4          0          0          0          0   entry9a.o
        30          0          0          0          0          0   handlers.o
        40          0          0          0          0         72   idiv.o
        36          8          0          0          0         68   init.o
         0          0          0          0          0          0   iusefp.o
        26          0          0          0          0         72   memcmp.o
        66          0          0          0          0         68   memmove.o
        36          0          0          0          0        100   memseta.o
        44          0          0          0          0         72   uidiv.o
        20          0          0          0          0         60   uread4.o
       178          0          0          0          0        108   fadd.o
       124          0          0          0          0         72   fdiv.o
       130          0          0          0          0        144   fepilogue.o
        50          0          0          0          0         60   ffixi.o
        22          0          0          0          0         68   fflti.o
        14          0          0          0          0         68   ffltui.o
       122          0          0          0          0         72   fmul.o
        24          0          0          0          0         60   fscalb.o

    ----------------------------------------------------------------------
     62876       2726        372         80         52       1164   Library Totals
       110          0          5          0          0          0   (incl. Padding)

    ----------------------------------------------------------------------

      Code (inc. data)   RO Data    RW Data    ZI Data      Debug   Library Name

     61694       2710        367         80         52          0   libbluenrg1_stack.a
       408         16          0          0          0        512   mc_p.l
       664          0          0          0          0        652   mf_p.l

    ----------------------------------------------------------------------
     62876       2726        372         80         52       1164   Library Totals

    ----------------------------------------------------------------------

==============================================================================


      Code (inc. data)   RO Data    RW Data    ZI Data      Debug   

     75184       3870        856        920      20436     277702   Grand Totals
     75184       3870        856        216      20436     277702   ELF Image Totals (compressed)
     75184       3870        856        216          0          0   ROM Totals

==============================================================================

    Total RO  Size (Code + RO Data)                76040 (  74.26kB)
    Total RW  Size (RW Data + ZI Data)             21356 (  20.86kB)
    Total ROM Size (Code + RO Data + RW Data)      76256 (  74.47kB)

==============================================================================

