Component: ARM Compiler 5.06 update 7 (build 960) Tool: armlink [4d3601]

==============================================================================

Section Cross References

    clock.o(i.Clock_Time) refers to clock.o(.data) for .data
    clock.o(i.Clock_Wait) refers to clock.o(.data) for .data
    clock.o(i.SysCount_Handler) refers to clock.o(.data) for .data
    context_switch.o(. text) refers to system_bluenrg1.o(.savedMSP) for savedMSP
    context_switch.o(. text) refers to system_bluenrg1.o(.data) for savedICSR
    context_switch.o(. text) refers to system_bluenrg1.o(.data) for savedSHCSR
    context_switch.o(. text) refers to system_bluenrg1.o(.data) for savedNVIC_ISPR
    miscutil.o(i.BLEPLAT_get_part_info) refers to miscutil.o(i.HAL_GetPartInfo) for HAL_GetPartInfo
    miscutil.o(i.HAL_CrashHandler) refers to miscutil.o(.__crash_RAM) for .__crash_RAM
    miscutil.o(i.HAL_GetCrashInfo) refers to memmove.o(.text) for __aeabi_memcpy4
    miscutil.o(i.HAL_GetCrashInfo) refers to miscutil.o(.__crash_RAM) for .__crash_RAM
    osal.o(i.Osal_MemCmp) refers to memcmp.o(.text) for memcmp
    osal.o(i.Osal_MemCpy) refers to memmove.o(.text) for memcpy
    osal.o(i.Osal_MemSet) refers to memseta.o(.text) for memset
    sleep.o(i.BlueNRG_InternalSleep) refers to miscutil.o(i.HAL_GetPartInfo) for HAL_GetPartInfo
    sleep.o(i.BlueNRG_InternalSleep) refers to system_bluenrg1.o(i.SET_BORconfigStatus) for SET_BORconfigStatus
    sleep.o(i.BlueNRG_InternalSleep) refers to misc.o(i.SystemSleepCmd) for SystemSleepCmd
    sleep.o(i.BlueNRG_InternalSleep) refers to context_switch.o(. text) for CS_contextSave
    sleep.o(i.BlueNRG_InternalSleep) refers to system_bluenrg1.o(.intvec) for __vector_table
    sleep.o(i.BlueNRG_InternalSleep) refers to sleep.o(.data) for .data
    sleep.o(i.BlueNRG_InternalSleep) refers to sleep.o(.bss) for .bss
    sleep.o(i.BlueNRG_InternalSleep) refers to system_bluenrg1.o(.flash_sw_lock) for flash_sw_lock
    sleep.o(i.BlueNRG_InternalSleep) refers to system_bluenrg1.o(.rfTimeout) for rfTimeout
    sleep.o(i.BlueNRG_InternalSleep) refers to system_bluenrg1.o(.wakeupFromSleepFlag) for wakeupFromSleepFlag
    sleep.o(i.BlueNRG_InternalSleep) refers to system_bluenrg1.o(i.DeviceConfiguration) for DeviceConfiguration
    sleep.o(i.BlueNRG_InternalSleep) refers to bluenrg1_sysctrl.o(i.SysCtrl_GetWakeupResetReason) for SysCtrl_GetWakeupResetReason
    sleep.o(i.BlueNRG_InternalSleep) refers to system_bluenrg1.o(.data) for savedNVIC_ISPR
    sleep.o(i.BlueNRG_InternalSleep) refers to system_bluenrg1.o(.data) for savedSHCSR
    sleep.o(i.BlueNRG_InternalSleep) refers to system_bluenrg1.o(.data) for savedICSR
    sleep.o(i.BlueNRG_InternalSleep) refers to system_bluenrg1.o(.bss.__blue_RAM) for __blue_RAM
    sleep.o(i.BlueNRG_Sleep) refers to bluenrg_main_func_speed.o(i.BlueNRG_Stack_Perform_Deep_Sleep_Check) for BlueNRG_Stack_Perform_Deep_Sleep_Check
    sleep.o(i.BlueNRG_Sleep) refers to sleep.o(i.HAL_VTIMER_TimerSleepCheck) for HAL_VTIMER_TimerSleepCheck
    sleep.o(i.BlueNRG_Sleep) refers to sensordemo_main.o(i.App_SleepMode_Check) for App_SleepMode_Check
    sleep.o(i.BlueNRG_Sleep) refers to sleep.o(i.BlueNRG_InternalSleep) for BlueNRG_InternalSleep
    sleep.o(i.BlueNRG_Sleep) refers to system_bluenrg1.o(.wakeupFromSleepFlag) for wakeupFromSleepFlag
    sleep.o(i.BlueNRG_Sleep) refers to sleep.o(.bss) for .bss
    bluenrg1_adc.o(i.ADC_CompensateOutputValue) refers to fmul.o(.text) for __aeabi_fmul
    bluenrg1_adc.o(i.ADC_CompensateOutputValue) refers to fadd.o(.text) for __aeabi_fsub
    bluenrg1_adc.o(i.ADC_CompensateOutputValue) refers to bluenrg1_adc.o(.data) for .data
    bluenrg1_adc.o(i.ADC_ConvertBatterySensor) refers to bluenrg1_adc.o(i.ADC_ConvertSingleEndedVoltage) for ADC_ConvertSingleEndedVoltage
    bluenrg1_adc.o(i.ADC_ConvertBatterySensor) refers to fmul.o(.text) for __aeabi_fmul
    bluenrg1_adc.o(i.ADC_ConvertDifferentialVoltage) refers to ffltui.o(.text) for __aeabi_ui2f
    bluenrg1_adc.o(i.ADC_ConvertDifferentialVoltage) refers to fflti.o(.text) for __aeabi_i2f
    bluenrg1_adc.o(i.ADC_ConvertDifferentialVoltage) refers to fdiv.o(.text) for __aeabi_fdiv
    bluenrg1_adc.o(i.ADC_ConvertDifferentialVoltage) refers to fadd.o(.text) for __aeabi_fadd
    bluenrg1_adc.o(i.ADC_ConvertDifferentialVoltage) refers to fmul.o(.text) for __aeabi_fmul
    bluenrg1_adc.o(i.ADC_ConvertSingleEndedVoltage) refers to fflti.o(.text) for __aeabi_i2f
    bluenrg1_adc.o(i.ADC_ConvertSingleEndedVoltage) refers to ffltui.o(.text) for __aeabi_ui2f
    bluenrg1_adc.o(i.ADC_ConvertSingleEndedVoltage) refers to fadd.o(.text) for __aeabi_fadd
    bluenrg1_adc.o(i.ADC_ConvertSingleEndedVoltage) refers to f2d.o(.text) for __aeabi_f2d
    bluenrg1_adc.o(i.ADC_ConvertSingleEndedVoltage) refers to fdiv.o(.text) for __aeabi_fdiv
    bluenrg1_adc.o(i.ADC_ConvertSingleEndedVoltage) refers to fmul.o(.text) for __aeabi_fmul
[...]
    0x100446f0   0x100446f0   0x00000010   Code   RO         4049    i.Get_GAP_Handle    libbluenrg1_stack.a(rom_gap_rom.o)
    0x10044700   0x10044700   0x00000044   Code   RO         2273    i.Get_LedGpioPin    sdk_eval_led.o
    0x10044744   0x10044744   0x00000014   Code   RO         4050    i.Get_StaticRandAddr  libbluenrg1_stack.a(rom_gap_rom.o)
    0x10044758   0x10044758   0x00000054   Code   RO         3808    i.HAL_Flash_Store_Data  libbluenrg1_stack.a(hal.o)
    0x100447ac   0x100447ac   0x00000020   Code   RO         3809    i.HAL_Generate_Random_Bytes_To  libbluenrg1_stack.a(hal.o)
    0x100447cc   0x100447cc   0x00000060   Code   RO          125    i.HAL_GetPartInfo   miscutil.o
    0x1004482c   0x1004482c   0x00000044   Code   RO         3812    i.HAL_Set_TX_Power_Level  libbluenrg1_stack.a(hal.o)
    0x10044870   0x10044870   0x00000024   Code   RO         3453    i.HAL_VTimerAcc_sysT32_ms  libbluenrg1_stack.a(host_timer.o)
    0x10044894   0x10044894   0x00000012   Code   RO         3456    i.HAL_VTimerGetCurrentTime_sysT32  libbluenrg1_stack.a(host_timer.o)
    0x100448a6   0x100448a6   0x0000001a   Code   RO         3457    i.HAL_VTimerStart_ms  libbluenrg1_stack.a(host_timer.o)
    0x100448c0   0x100448c0   0x0000001a   Code   RO         3458    i.HAL_VTimerStart_sysT32  libbluenrg1_stack.a(host_timer.o)
    0x100448da   0x100448da   0x00000002   PAD
    0x100448dc   0x100448dc   0x00000010   Code   RO         2923    i.HAL_VTimerTimeoutCallback  sensor.o
    0x100448ec   0x100448ec   0x00000148   Code   RO         3813    i.HAL_Write_ConfigData  libbluenrg1_stack.a(hal.o)
    0x10044a34   0x10044a34   0x0000006c   Code   RO         3392    i.HCI_Init          libbluenrg1_stack.a(hci.o)
    0x10044aa0   0x10044aa0   0x0000003a   Code   RO         3814    i.Hal_Get_Random_Number  libbluenrg1_stack.a(hal.o)
    0x10044ada   0x10044ada   0x00000012   Code   RO         3815    i.Hal_Get_Random_Number32  libbluenrg1_stack.a(hal.o)
    0x10044aec   0x10044aec   0x00000002   Code   RO         2642    i.HardFault_Handler  bluenrg1_it.o
    0x10044aee   0x10044aee   0x00000002   Code   RO         2429    i.I2C1_Handler      system_bluenrg1.o
    0x10044af0   0x10044af0   0x00000002   Code   RO         2430    i.I2C2_Handler      system_bluenrg1.o
    0x10044af2   0x10044af2   0x00000002   PAD
    0x10044af4   0x10044af4   0x00000128   Code   RO         4377    i.IDD_Initialize_Device_IDs  libbluenrg1_stack.a(device_id_data.o)
    0x10044c1c   0x10044c1c   0x00000048   Code   RO         3796    i.Ind_Service_Change_Charac  libbluenrg1_stack.a(gatt_server.o)
    0x10044c64   0x10044c64   0x00000018   Code   RO         4091    i.Is_Address_Initialized  libbluenrg1_stack.a(rom_ll_ll_routines.o)
    0x10044c7c   0x10044c7c   0x00000010   Code   RO         4003    i.Is_Flash_Write_On_Going  libbluenrg1_stack.a(nvm.o)
    0x10044c8c   0x10044c8c   0x0000007c   Code   RO         3834    i.L2C_Build_Command_Reject_Pdu  libbluenrg1_stack.a(l2cap.o)
    0x10044d08   0x10044d08   0x0000004a   Code   RO         3837    i.L2C_Connection_Complete_Handler  libbluenrg1_stack.a(l2cap.o)
    0x10044d52   0x10044d52   0x0000002a   Code   RO         3838    i.L2C_Connection_Complete_Signal_Handler  libbluenrg1_stack.a(l2cap.o)
    0x10044d7c   0x10044d7c   0x00000034   Code   RO         3839    i.L2C_Get_Connection_Info  libbluenrg1_stack.a(l2cap.o)
    0x10044db0   0x10044db0   0x00000030   Code   RO         3840    i.L2C_Get_Connection_Info_Index  libbluenrg1_stack.a(l2cap.o)
    0x10044de0   0x10044de0   0x0000000e   Code   RO         3841    i.L2C_Get_PDU_Len   libbluenrg1_stack.a(l2cap.o)
    0x10044dee   0x10044dee   0x00000002   PAD
    0x10044df0   0x10044df0   0x00000058   Code   RO         3842    i.L2C_Init          libbluenrg1_stack.a(l2cap.o)
    0x10044e48   0x10044e48   0x00000058   Code   RO         3843    i.L2C_Mux_Acl_Packet  libbluenrg1_stack.a(l2cap.o)
    0x10044ea0   0x10044ea0   0x000000cc   Code   RO         3844    i.L2C_Rcv_Data      libbluenrg1_stack.a(l2cap.o)
    0x10044f6c   0x10044f6c   0x0000001e   Code   RO         3845    i.L2C_Rcv_Event_Handler  libbluenrg1_stack.a(l2cap.o)
    0x10044f8a   0x10044f8a   0x00000054   Code   RO         3846    i.L2C_Rcv_Event_Handler_ISR  libbluenrg1_stack.a(l2cap.o)
    0x10044fde   0x10044fde   0x00000002   PAD
    0x10044fe0   0x10044fe0   0x0000007c   Code   RO         3847    i.L2C_Reset_To_Closed_State  libbluenrg1_stack.a(l2cap.o)
    0x1004505c   0x1004505c   0x0000004c   Code   RO         3848    i.L2C_Send_Data     libbluenrg1_stack.a(l2cap.o)
    0x100450a8   0x100450a8   0x00000060   Code   RO         3849    i.L2C_SigChan_Req_TimeOut_Handler  libbluenrg1_stack.a(l2cap.o)
    0x10045108   0x10045108   0x000001b0   Code   RO         3850    i.L2C_Signal_Channel_Handler  libbluenrg1_stack.a(l2cap.o)
    0x100452b8   0x100452b8   0x00000024   Code   RO         3851    i.L2C_Signal_Channel_Handler_ISR  libbluenrg1_stack.a(l2cap.o)
    0x100452dc   0x100452dc   0x0000005c   Code   RO         3852    i.L2C_discard_accumulated_acl_data  libbluenrg1_stack.a(l2cap.o)
    0x10045338   0x10045338   0x00000042   Code   RO         4092    i.LL_Allow_Address_Setting  libbluenrg1_stack.a(rom_ll_ll_routines.o)
    0x1004537a   0x1004537a   0x00000002   PAD
    0x1004537c   0x1004537c   0x000001fc   Code   RO         4093    i.LL_Check_And_Set_Addresses  libbluenrg1_stack.a(rom_ll_ll_routines.o)
    0x10045578   0x10045578   0x00000004   Code   RO         3906    i.LL_Data_Length_Change_Event_ucfg  libbluenrg1_stack.a(ll_routines.o)
    0x1004557c   0x1004557c   0x0000003c   Code   RO         3908    i.LL_Disconnect_Link  libbluenrg1_stack.a(ll_routines.o)
    0x100455b8   0x100455b8   0x00000224   Code   RO         4094    i.LL_Enable_Disable_Adv  libbluenrg1_stack.a(rom_ll_ll_routines.o)
    0x100457dc   0x100457dc   0x000000a0   Code   RO         3946    i.LL_Encrypt_Plain_Data_ucfg  libbluenrg1_stack.a(ll_routines_support.o)
    0x1004587c   0x1004587c   0x00000030   Code   RO         4095    i.LL_Get_Address    libbluenrg1_stack.a(rom_ll_ll_routines.o)
    0x100458ac   0x100458ac   0x00000040   Code   RO         4096    i.LL_Get_AdvAddress  libbluenrg1_stack.a(rom_ll_ll_routines.o)
    0x100458ec   0x100458ec   0x0000001c   Code   RO         4137    i.LL_Get_Adv_Tx_Power_Level  libbluenrg1_stack.a(rom_ll_routines_support.o)
    0x10045908   0x10045908   0x00000040   Code   RO         4099    i.LL_Get_ScanAddress  libbluenrg1_stack.a(rom_ll_ll_routines.o)
    0x10045948   0x10045948   0x00000190   Code   RO         4101    i.LL_Init           libbluenrg1_stack.a(rom_ll_ll_routines.o)
    0x10045ad8   0x10045ad8   0x00000028   Code   RO         3859    i.LL_LE_Clear_White_List  libbluenrg1_stack.a(ll_privacy.o)
    0x10045b00   0x10045b00   0x00000050   Code   RO         4103    i.LL_Send_ACL_Data  libbluenrg1_stack.a(rom_ll_ll_routines.o)
    0x10045b50   0x10045b50   0x000000a4   Code   RO         3913    i.LL_Send_Disconnection_Req  libbluenrg1_stack.a(ll_routines.o)
    0x10045bf4   0x10045bf4   0x00000004   Code   RO         3916    i.LL_Send_Length_Resp_ucfg  libbluenrg1_stack.a(ll_routines.o)
    0x10045bf8   0x10045bf8   0x00000078   Code   RO         4105    i.LL_Set_Adv_Data   libbluenrg1_stack.a(rom_ll_ll_routines.o)
    0x10045c70   0x10045c70   0x000000d0   Code   RO         4106    i.LL_Set_Adv_PDU_Format  libbluenrg1_stack.a(rom_ll_ll_routines.o)
    0x10045d40   0x10045d40   0x0000014c   Code   RO         4107    i.LL_Set_Adv_Params  libbluenrg1_stack.a(rom_ll_ll_routines.o)
    0x10045e8c   0x10045e8c   0x00000088   Code   RO         4108    i.LL_Set_Advertising_Buffers  libbluenrg1_stack.a(rom_ll_ll_routines.o)
    0x10045f14   0x10045f14   0x00000038   Code   RO         4109    i.LL_Set_DirectAddress  libbluenrg1_stack.a(rom_ll_ll_routines.o)
    0x10045f4c   0x10045f4c   0x0000009c   Code   RO         3947    i.LL_Set_LTK        libbluenrg1_stack.a(ll_routines_support.o)
    0x10045fe8   0x10045fe8   0x00000024   Code   RO         4110    i.LL_Set_OwnAddress  libbluenrg1_stack.a(rom_ll_ll_routines.o)
    0x1004600c   0x1004600c   0x0000005c   Code   RO         4111    i.LL_Set_Scan_Resp_Data  libbluenrg1_stack.a(rom_ll_ll_routines.o)
    0x10046068   0x10046068   0x00000058   Code   RO         4374    i.LL_Sleep_Req      libbluenrg1_stack.a(bluenrg_main_func_speed.o)
    0x100460c0   0x100460c0   0x00000054   Code   RO         4112    i.LL_Update_Advertising_Buffers  libbluenrg1_stack.a(rom_ll_ll_routines.o)
    0x10046114   0x10046114   0x00000048   Code   RO         4113    i.LL_Update_Scanning_Initiating_Buffers  libbluenrg1_stack.a(rom_ll_ll_routines.o)
    0x1004615c   0x1004615c   0x00000004   Code   RO         3870    i.LL_priv_add_to_ConnIDList_ucfg  libbluenrg1_stack.a(ll_privacy.o)
    0x10046160   0x10046160   0x00000002   Code   RO         3872    i.LL_priv_remove_from_ConnIDList_ucfg  libbluenrg1_stack.a(ll_privacy.o)
    0x10046162   0x10046162   0x00000002   PAD
    0x10046164   0x10046164   0x00000040   Code   RO         3874    i.LL_priv_test_address_in_ConnIDList_ucfg  libbluenrg1_stack.a(ll_privacy.o)
    0x100461a4   0x100461a4   0x00000094   Code   RO         3829    i.LL_receive_data   libbluenrg1_stack.a(isr_routines.o)
    0x10046238   0x10046238   0x000000a0   Code   RO         4077    i.LL_update_proc    libbluenrg1_stack.a(rom_ll_isr_routines.o)
    0x100462d8   0x100462d8   0x00000014   Code   RO         4063    i.List_Circular_Get_Size  libbluenrg1_stack.a(rom_list.o)
    0x100462ec   0x100462ec   0x0000000e   Code   RO         4066    i.List_Circular_Insert_Tail  libbluenrg1_stack.a(rom_list.o)
    0x100462fa   0x100462fa   0x00000016   Code   RO         4067    i.List_Circular_Node_Present  libbluenrg1_stack.a(rom_list.o)
    0x10046310   0x10046310   0x0000001a   Code   RO         4068    i.List_Circular_Remove_Head  libbluenrg1_stack.a(rom_list.o)
    0x1004632a   0x1004632a   0x00000020   Code   RO         4069    i.List_Circular_Remove_Node  libbluenrg1_stack.a(rom_list.o)
    0x1004634a   0x1004634a   0x00000002   PAD
    0x1004634c   0x1004634c   0x000000a8   Code   RO         2643    i.MFT1A_Handler     bluenrg1_it.o
    0x100463f4   0x100463f4   0x00000002   Code   RO         2432    i.MFT1B_Handler     system_bluenrg1.o
    0x100463f6   0x100463f6   0x00000002   Code   RO         2433    i.MFT2A_Handler     system_bluenrg1.o
    0x100463f8   0x100463f8   0x00000002   Code   RO         2434    i.MFT2B_Handler     system_bluenrg1.o
    0x100463fa   0x100463fa   0x0000000a   Code   RO          916    i.MFT_ClearIT       bluenrg1_mft.o
    0x10046404   0x10046404   0x00000012   Code   RO          917    i.MFT_Cmd           bluenrg1_mft.o
    0x10046416   0x10046416   0x00000002   PAD
    0x10046418   0x10046418   0x0000007c   Code   RO         3240    i.MFT_Configuration  stent_sensor_timer.o
    0x10046494   0x10046494   0x00000012   Code   RO          919    i.MFT_EnableIT      bluenrg1_mft.o
    0x100464a6   0x100464a6   0x00000088   Code   RO          922    i.MFT_Init          bluenrg1_mft.o
    0x1004652e   0x1004652e   0x0000000a   Code   RO          930    i.MFT_StatusIT      bluenrg1_mft.o
    0x10046538   0x10046538   0x00000010   Code   RO          931    i.MFT_StructInit    bluenrg1_mft.o
    0x10046548   0x10046548   0x00000024   Code   RO          933    i.MFT_TnXEN         bluenrg1_mft.o
    0x1004656c   0x1004656c   0x00000012   Code   RO         3959    i.Mem_Buff_Append   libbluenrg1_stack.a(mem_buff.o)
    0x1004657e   0x1004657e   0x00000048   Code   RO         3960    i.Mem_Buff_Block_Copy  libbluenrg1_stack.a(mem_buff.o)
    0x100465c6   0x100465c6   0x00000056   Code   RO         3961    i.Mem_Buff_Block_Write  libbluenrg1_stack.a(mem_buff.o)
    0x1004661c   0x1004661c   0x00000032   Code   RO         3962    i.Mem_Buff_Clone    libbluenrg1_stack.a(mem_buff.o)
    0x1004664e   0x1004664e   0x00000078   Code   RO         3963    i.Mem_Buff_Cmp      libbluenrg1_stack.a(mem_buff.o)
    0x100466c6   0x100466c6   0x000000ba   Code   RO         3964    i.Mem_Buff_Compact  libbluenrg1_stack.a(mem_buff.o)
    0x10046780   0x10046780   0x0000002e   Code   RO         3965    i.Mem_Buff_Get      libbluenrg1_stack.a(mem_buff.o)
    0x100467ae   0x100467ae   0x00000014   Code   RO         3966    i.Mem_Buff_Get_Chain_Count  libbluenrg1_stack.a(mem_buff.o)
    0x100467c2   0x100467c2   0x00000014   Code   RO         3967    i.Mem_Buff_Get_Chain_Size  libbluenrg1_stack.a(mem_buff.o)
    0x100467d6   0x100467d6   0x0000006a   Code   RO         3968    i.Mem_Buff_Init     libbluenrg1_stack.a(mem_buff.o)
    0x10046840   0x10046840   0x00000062   Code   RO         3969    i.Mem_Buff_Read     libbluenrg1_stack.a(mem_buff.o)
    0x100468a2   0x100468a2   0x00000036   Code   RO         3970    i.Mem_Buff_Release  libbluenrg1_stack.a(mem_buff.o)
    0x100468d8   0x100468d8   0x0000008e   Code   RO         3971    i.Mem_Buff_Resize   libbluenrg1_stack.a(mem_buff.o)
    0x10046966   0x10046966   0x00000068   Code   RO         3972    i.Mem_Buff_Write    libbluenrg1_stack.a(mem_buff.o)
    0x100469ce   0x100469ce   0x00000016   Code   RO         3953    i.Mem_assign        libbluenrg1_stack.a(mem_alloc.o)
    0x100469e4   0x100469e4   0x00000002   Code   RO         2644    i.NMI_Handler       bluenrg1_it.o
    0x100469e6   0x100469e6   0x00000002   PAD
    0x100469e8   0x100469e8   0x00000088   Code   RO         1707    i.NVIC_Init         misc.o
    0x10046a70   0x10046a70   0x00000044   Code   RO         2436    i.NVIC_SetPriority  system_bluenrg1.o
    0x10046ab4   0x10046ab4   0x00000002   Code   RO         2437    i.NVM_Handler       system_bluenrg1.o
    0x10046ab6   0x10046ab6   0x00000008   Code   RO          173    i.Osal_MemCmp       osal.o
    0x10046abe   0x10046abe   0x00000008   Code   RO          174    i.Osal_MemCpy       osal.o
    0x10046ac6   0x10046ac6   0x00000008   Code   RO          175    i.Osal_MemSet       osal.o
    0x10046ace   0x10046ace   0x00000002   Code   RO         2438    i.PKA_Handler       system_bluenrg1.o
    0x10046ad0   0x10046ad0   0x00000002   Code   RO         3394    i.PKA_Offline_Processing_ucfg  libbluenrg1_stack.a(hci.o)
    0x10046ad2   0x10046ad2   0x00000014   Code   RO         1043    i.PKA_Reset         bluenrg1_pka.o
    0x10046ae6   0x10046ae6   0x00000002   PAD
    0x10046ae8   0x10046ae8   0x00000050   Code   RO         4013    i.PM_Check_And_Set  libbluenrg1_stack.a(pm.o)
    0x10046b38   0x10046b38   0x00000022   Code   RO         4014    i.PM_Clone_Pckt     libbluenrg1_stack.a(pm.o)
    0x10046b5a   0x10046b5a   0x00000002   PAD
    0x10046b5c   0x10046b5c   0x00000054   Code   RO         4015    i.PM_Compact        libbluenrg1_stack.a(pm.o)
    0x10046bb0   0x10046bb0   0x00000012   Code   RO         4016    i.PM_Copy_Pckt_Data  libbluenrg1_stack.a(pm.o)
    0x10046bc2   0x10046bc2   0x00000002   PAD
    0x10046bc4   0x10046bc4   0x00000018   Code   RO         4017    i.PM_Eng_Config     libbluenrg1_stack.a(pm.o)
    0x10046bdc   0x10046bdc   0x0000000c   Code   RO         4018    i.PM_Extract_Pdu_MBuff  libbluenrg1_stack.a(pm.o)
    0x10046be8   0x10046be8   0x0000003c   Code   RO         4019    i.PM_Get_Available_Buffer  libbluenrg1_stack.a(pm.o)
    0x10046c24   0x10046c24   0x0000000a   Code   RO         4021    i.PM_Get_Mem_Buff_Count  libbluenrg1_stack.a(pm.o)
    0x10046c2e   0x10046c2e   0x00000002   PAD
    0x10046c30   0x10046c30   0x00000044   Code   RO         4022    i.PM_Get_Pckt       libbluenrg1_stack.a(pm.o)
    0x10046c74   0x10046c74   0x00000068   Code   RO         4023    i.PM_Init           libbluenrg1_stack.a(pm.o)
    0x10046cdc   0x10046cdc   0x0000000a   Code   RO         4024    i.PM_Pckt_Cmp       libbluenrg1_stack.a(pm.o)
    0x10046ce6   0x10046ce6   0x00000002   PAD
    0x10046ce8   0x10046ce8   0x0000003c   Code   RO         4025    i.PM_Release_Acl_Pckt  libbluenrg1_stack.a(pm.o)
    0x10046d24   0x10046d24   0x0000006c   Code   RO         4026    i.PM_Resize_Pckt_Pdu_Size  libbluenrg1_stack.a(pm.o)
    0x10046d90   0x10046d90   0x00000012   Code   RO         4028    i.PM_Write_Pckt_Data  libbluenrg1_stack.a(pm.o)
    0x10046da2   0x10046da2   0x00000002   PAD
    0x10046da4   0x10046da4   0x000000a0   Code   RO         3878    i.PRIVWHIT_u8SearchAddrInList  libbluenrg1_stack.a(ll_privacy.o)
    0x10046e44   0x10046e44   0x000000d4   Code   RO         3879    i.PRIVWHIT_vInit_Struct  libbluenrg1_stack.a(ll_privacy.o)
    0x10046f18   0x10046f18   0x000000a0   Code   RO         3880    i.PRIV_SearchAddrInEachList  libbluenrg1_stack.a(ll_privacy.o)
    0x10046fb8   0x10046fb8   0x00000018   Code   RO         3883    i.PRIV_SearchAddrInWhiteList  libbluenrg1_stack.a(ll_privacy.o)
    0x10046fd0   0x10046fd0   0x00000004   Code   RO         3395    i.PRIV_controller_privacy_csr_ucfg  libbluenrg1_stack.a(hci.o)
    0x10046fd4   0x10046fd4   0x00000004   Code   RO         3885    i.PRIV_u32ProcessAdvPacket_ucfg  libbluenrg1_stack.a(ll_privacy.o)
    0x10046fd8   0x10046fd8   0x00000004   Code   RO         3887    i.PRIV_u8OfflineProcessing_ucfg  libbluenrg1_stack.a(ll_privacy.o)
    0x10046fdc   0x10046fdc   0x00000002   Code   RO         3891    i.PRIV_vGeneratePrivateAddress_ucfg  libbluenrg1_stack.a(ll_privacy.o)
    0x10046fde   0x10046fde   0x00000002   Code   RO         3895    i.PRIV_vGenerate_hci_le_enhanced_connection_complete_event_ucfg  libbluenrg1_stack.a(ll_privacy.o)
    0x10046fe0   0x10046fe0   0x00000002   Code   RO         2439    i.PendSV_Handler    system_bluenrg1.o
    0x10046fe2   0x10046fe2   0x0000000e   Code   RO         3797    i.Pm_Resize_Host_Acl_Pckt  libbluenrg1_stack.a(gatt_server.o)
    0x10046ff0   0x10046ff0   0x0000000e   Code   RO         4357    i.Pm_Resize_Host_Acl_Pckt  libbluenrg1_stack.a(att.o)
    0x10046ffe   0x10046ffe   0x00000002   PAD
    0x10047000   0x10047000   0x00000178   Code   RO         4358    i.Prepare_Write_Resp  libbluenrg1_stack.a(att.o)
    0x10047178   0x10047178   0x000001f8   Code   RO         3798    i.Process_Peer_Client_Data  libbluenrg1_stack.a(gatt_server.o)
    0x10047370   0x10047370   0x0000016c   Code   RO         3799    i.Process_Peer_Server_Data  libbluenrg1_stack.a(gatt_server.o)
    0x100474dc   0x100474dc   0x0000021c   Code   RO         3475    i.RAL_Isr           libbluenrg1_stack.a(ll_isr.o)
    0x100476f8   0x100476f8   0x00000020   Code   RO         2440    i.RESET_HANDLER     system_bluenrg1.o
    0x10047718   0x10047718   0x00000002   Code   RO         2441    i.RTC_Handler       system_bluenrg1.o
    0x1004771a   0x1004771a   0x00000140   Code   RO         4359    i.Read_Blob_Resp    libbluenrg1_stack.a(att.o)
    0x1004785a   0x1004785a   0x00000002   PAD
    0x1004785c   0x1004785c   0x000001e4   Code   RO         4360    i.Read_By_Grp_Type_Resp  libbluenrg1_stack.a(att.o)
    0x10047a40   0x10047a40   0x000002d4   Code   RO         4361    i.Read_By_Type_Resp  libbluenrg1_stack.a(att.o)
    0x10047d14   0x10047d14   0x00000194   Code   RO         4362    i.Read_Multi_Resp   libbluenrg1_stack.a(att.o)
    0x10047ea8   0x10047ea8   0x00000014   Code   RO         2862    i.Read_Request_CB   gatt_db.o
    0x10047ebc   0x10047ebc   0x0000012a   Code   RO         4363    i.Read_Resp         libbluenrg1_stack.a(att.o)
    0x10047fe6   0x10047fe6   0x00000002   PAD
    0x10047fe8   0x10047fe8   0x0000016c   Code   RO         4178    i.SDB_Add_Record    libbluenrg1_stack.a(sdb.o)
    0x10048154   0x10048154   0x0000008c   Code   RO         4180    i.SDB_Find_Matching_LTK  libbluenrg1_stack.a(sdb.o)
    0x100481e0   0x100481e0   0x000000a8   Code   RO         4181    i.SDB_Find_Record   libbluenrg1_stack.a(sdb.o)
    0x10048288   0x10048288   0x00000038   Code   RO         4183    i.SDB_Get_Number_Of_Valid_Records  libbluenrg1_stack.a(sdb.o)
    0x100482c0   0x100482c0   0x000000b8   Code   RO         4184    i.SDB_flash_write_client_data  libbluenrg1_stack.a(sdb.o)
    0x10048378   0x10048378   0x000000d8   Code   RO         4185    i.SDB_get_security_data_record  libbluenrg1_stack.a(sdb.o)
    0x10048450   0x10048450   0x00000044   Code   RO         4186    i.SDB_read_peer_bonded_data  libbluenrg1_stack.a(sdb.o)
    0x10048494   0x10048494   0x0000003c   Code   RO         2442    i.SET_BORconfigStatus  system_bluenrg1.o
    0x100484d0   0x100484d0   0x00000028   Code   RO         4410    i.SMA_Diversify     libbluenrg1_stack.a(smp_algo_sap.o)
    0x100484f8   0x100484f8   0x00000024   Code   RO         4411    i.SMA_Generate_CSRK  libbluenrg1_stack.a(smp_algo_sap.o)
    0x1004851c   0x1004851c   0x00000028   Code   RO         4412    i.SMA_Generate_IRK  libbluenrg1_stack.a(smp_algo_sap.o)
    0x10048544   0x10048544   0x00000026   Code   RO         4413    i.SMA_LP_s1_Generate_STK  libbluenrg1_stack.a(smp_algo_sap.o)
    0x1004856a   0x1004856a   0x00000002   PAD
    0x1004856c   0x1004856c   0x00000074   Code   RO         4418    i.SMA_generate_EDIV_recovery_DIV  libbluenrg1_stack.a(smp_algo_sap.o)
    0x100485e0   0x100485e0   0x00000044   Code   RO         4264    i.SMP_Init          libbluenrg1_stack.a(smp_common.o)
    0x10048624   0x10048624   0x00000194   Code   RO         4202    i.SMP_Process_Q     libbluenrg1_stack.a(securitymgr.o)
    0x100487b8   0x100487b8   0x00000044   Code   RO         4265    i.SMP_Protocol_Timer_cb  libbluenrg1_stack.a(smp_common.o)
    0x100487fc   0x100487fc   0x000000f8   Code   RO         4269    i.SMP_acl_data_hndl  libbluenrg1_stack.a(smp_common.o)
    0x100488f4   0x100488f4   0x00000020   Code   RO         4272    i.SMP_check_encryption_key_size  libbluenrg1_stack.a(smp_common.o)
    0x10048914   0x10048914   0x00000048   Code   RO         4273    i.SMP_check_is_device_bonded  libbluenrg1_stack.a(smp_common.o)
    0x1004895c   0x1004895c   0x00000094   Code   RO         4274    i.SMP_connection_complete_handler  libbluenrg1_stack.a(smp_common.o)
    0x100489f0   0x100489f0   0x0000001c   Code   RO         4275    i.SMP_forget_device_by_conn_handle  libbluenrg1_stack.a(smp_common.o)
    0x10048a0c   0x10048a0c   0x0000002e   Code   RO         4276    i.SMP_get_link_status  libbluenrg1_stack.a(smp_common.o)
    0x10048a3a   0x10048a3a   0x00000002   PAD
    0x10048a3c   0x10048a3c   0x0000004c   Code   RO         4277    i.SMP_get_remote_device_list_item  libbluenrg1_stack.a(smp_common.o)
    0x10048a88   0x10048a88   0x00000040   Code   RO         4279    i.SMP_hci_disconnection_complete_evt_hndl  libbluenrg1_stack.a(smp_common.o)
    0x10048ac8   0x10048ac8   0x00000130   Code   RO         4280    i.SMP_hci_encryption_change_evt_hndl  libbluenrg1_stack.a(smp_common.o)
    0x10048bf8   0x10048bf8   0x0000002e   Code   RO         4281    i.SMP_hci_le_connection_complete_evt_hndl  libbluenrg1_stack.a(smp_common.o)
    0x10048c26   0x10048c26   0x00000052   Code   RO         4282    i.SMP_hci_le_enhanced_connection_complete_evt_hndl  libbluenrg1_stack.a(smp_common.o)
    0x10048c78   0x10048c78   0x00000038   Code   RO         4283    i.SMP_hci_le_long_term_key_request_evt_hndl  libbluenrg1_stack.a(smp_common.o)
    0x10048cb0   0x10048cb0   0x00000078   Code   RO         4284    i.SMP_repeated_attacks_timer_cb  libbluenrg1_stack.a(smp_common.o)
    0x10048d28   0x10048d28   0x00000040   Code   RO         4285    i.SMP_reset_timer   libbluenrg1_stack.a(smp_common.o)
    0x10048d68   0x10048d68   0x00000022   Code   RO         4319    i.SMP_sc_force_debug_key_usage  libbluenrg1_stack.a(smp_scv42_sap.o)
    0x10048d8a   0x10048d8a   0x00000002   PAD
    0x10048d8c   0x10048d8c   0x00000028   Code   RO         4286    i.SMP_set_authentication_req  libbluenrg1_stack.a(smp_common.o)
    0x10048db4   0x10048db4   0x0000007a   Code   RO         4290    i.SMP_validate_signed_packet  libbluenrg1_stack.a(smp_common.o)
    0x10048e2e   0x10048e2e   0x0000004e   Code   RO         4419    i.SM_Generate_Resolvable_Private_Address  libbluenrg1_stack.a(smp_algo_sap.o)
    0x10048e7c   0x10048e7c   0x00000022   Code   RO         4420    i.SM_Resolve_Private_Address  libbluenrg1_stack.a(smp_algo_sap.o)
    0x10048e9e   0x10048e9e   0x00000002   Code   RO         2443    i.SPI_Handler       system_bluenrg1.o
    0x10048ea0   0x10048ea0   0x00000002   Code   RO         2645    i.SVC_Handler       bluenrg1_it.o
    0x10048ea2   0x10048ea2   0x00000002   PAD
    0x10048ea4   0x10048ea4   0x000000a0   Code   RO         2026    i.SdkEvalComUartInit  sdk_eval_com.o
    0x10048f44   0x10048f44   0x0000000c   Code   RO         2129    i.SdkEvalGetVersion  sdk_eval_config.o
    0x10048f50   0x10048f50   0x0000000c   Code   RO         2130    i.SdkEvalIdentification  sdk_eval_config.o
    0x10048f5c   0x10048f5c   0x0000002e   Code   RO         2275    i.SdkEvalLedInit    sdk_eval_led.o
    0x10048f8a   0x10048f8a   0x0000000e   Code   RO         2276    i.SdkEvalLedOff     sdk_eval_led.o
    0x10048f98   0x10048f98   0x0000000e   Code   RO         2277    i.SdkEvalLedOn      sdk_eval_led.o
    0x10048fa6   0x10048fa6   0x00000002   PAD
    0x10048fa8   0x10048fa8   0x00000050   Code   RO         3800    i.Select_Next_Notification_Client  libbluenrg1_stack.a(gatt_server.o)
    0x10048ff8   0x10048ff8   0x0000004c   Code   RO         3801    i.Send_Notif_Or_Ind  libbluenrg1_stack.a(gatt_server.o)
    0x10049044   0x10049044   0x000000bc   Code   RO         2924    i.Sensor_DeviceInit  sensor.o
    0x10049100   0x10049100   0x00000048   Code   RO         2925    i.Set_DeviceConnectable  sensor.o
    0x10049148   0x10049148   0x00000050   Code   RO         3461    i.Set_Host_Timer_value  libbluenrg1_stack.a(host_timer.o)
    0x10049198   0x10049198   0x00000048   Code   RO         2445    i.Set_RF_FrontEnd   system_bluenrg1.o
    0x100491e0   0x100491e0   0x00000024   Code   RO         4059    i.Start_Gatt_Timer  libbluenrg1_stack.a(rom_gatt_server.o)
    0x10049204   0x10049204   0x00000010   Code   RO         3241    i.Start_Timer       stent_sensor_timer.o
    0x10049214   0x10049214   0x0000001c   Code   RO         4060    i.Stop_Gatt_Timer   libbluenrg1_stack.a(rom_gatt_server.o)
    0x10049230   0x10049230   0x00000010   Code   RO         3242    i.Stop_Timer        stent_sensor_timer.o
    0x10049240   0x10049240   0x00000010   Code   RO            8    i.SysCount_Handler  clock.o
    0x10049250   0x10049250   0x00000098   Code   RO         1417    i.SysCtrl_GetWakeupResetReason  bluenrg1_sysctrl.o
    0x100492e8   0x100492e8   0x00000018   Code   RO         1418    i.SysCtrl_PeripheralClockCmd  bluenrg1_sysctrl.o
    0x10049300   0x10049300   0x00000008   Code   RO         2646    i.SysTick_Handler   bluenrg1_it.o
    0x10049308   0x10049308   0x000000b8   Code   RO         2447    i.SystemInit        system_bluenrg1.o
    0x100493c0   0x100493c0   0x0000007c   Code   RO         3462    i.TimerCallback     libbluenrg1_stack.a(host_timer.o)
    0x1004943c   0x1004943c   0x00000014   Code   RO         3463    i.Timer_ExpiryCallback  libbluenrg1_stack.a(host_timer.o)
    0x10049450   0x10049450   0x00000034   Code   RO         3464    i.Timer_Init        libbluenrg1_stack.a(host_timer.o)
    0x10049484   0x10049484   0x0000011c   Code   RO         3465    i.Timer_ProcessQ    libbluenrg1_stack.a(host_timer.o)
    0x100495a0   0x100495a0   0x00000022   Code   RO         3466    i.Timer_StartOneShot  libbluenrg1_stack.a(host_timer.o)
    0x100495c2   0x100495c2   0x00000002   PAD
    0x100495c4   0x100495c4   0x00000074   Code   RO         3467    i.Timer_StartOneShot_sysTime32  libbluenrg1_stack.a(host_timer.o)
    0x10049638   0x10049638   0x00000058   Code   RO         3468    i.Timer_StopOneShot  libbluenrg1_stack.a(host_timer.o)
    0x10049690   0x10049690   0x00000024   Code   RO         3470    i.Timer_sysTime32_convMachineTime  libbluenrg1_stack.a(host_timer.o)
    0x100496b4   0x100496b4   0x0000001c   Code   RO         1463    i.UART_Cmd          bluenrg1_uart.o
    0x100496d0   0x100496d0   0x00000002   Code   RO         2647    i.UART_Handler      bluenrg1_it.o
    0x100496d2   0x100496d2   0x00000002   PAD
    0x100496d4   0x100496d4   0x00000138   Code   RO         1469    i.UART_Init         bluenrg1_uart.o
    0x1004980c   0x1004980c   0x00000018   Code   RO         1474    i.UART_RxFifoIrqLevelConfig  bluenrg1_uart.o
    0x10049824   0x10049824   0x00000002   Code   RO         2449    i.WDG_Handler       system_bluenrg1.o
    0x10049826   0x10049826   0x0000000a   Code   RO         4151    i.WindowWiden1      libbluenrg1_stack.a(rom_ll_timehandling.o)
    0x10049830   0x10049830   0x00000010   Code   RO         4152    i.WindowWiden2      libbluenrg1_stack.a(rom_ll_timehandling.o)
    0x10049840   0x10049840   0x000001bc   Code   RO         4188    i.Write_Client_Data  libbluenrg1_stack.a(sdb.o)
    0x100499fc   0x100499fc   0x0000012c   Code   RO         4364    i.Write_Cmd         libbluenrg1_stack.a(att.o)
    0x10049b28   0x10049b28   0x0000013c   Code   RO         4365    i.Write_Resp        libbluenrg1_stack.a(att.o)
    0x10049c64   0x10049c64   0x000000e8   Code   RO         3387    i._BlueNRG_Stack_Initialization  libbluenrg1_stack.a(bluenrg_main_func.o)
    0x10049d4c   0x10049d4c   0x0000006c   Code   RO         3678    i._GAP_Parse_Advertising_Report  libbluenrg1_stack.a(gap.o)
    0x10049db8   0x10049db8   0x0000002e   Code   RO         4559    i.__ARM_clz         mf_p.l(depilogue.o)
    0x10049de6   0x10049de6   0x0000001a   Code   RO         3490    i.__ARM_common_memcpy1_6  libbluenrg1_stack.a(ll_isr.o)
    0x10049e00   0x10049e00   0x0000001a   Code   RO         1947    i.__ARM_common_switch8  lsm6ds3.o
    0x10049e1a   0x10049e1a   0x00000002   PAD
    0x10049e1c   0x10049e1c   0x000000c0   Code   RO         2451    i.__low_level_init  system_bluenrg1.o
    0x10049edc   0x10049edc   0x0000000e   Code   RO         4567    i.__scatterload_copy  mc_p.l(handlers.o)
    0x10049eea   0x10049eea   0x00000002   Code   RO         4568    i.__scatterload_null  mc_p.l(handlers.o)
    0x10049eec   0x10049eec   0x0000000e   Code   RO         4569    i.__scatterload_zeroinit  mc_p.l(handlers.o)
    0x10049efa   0x10049efa   0x00000002   PAD
    0x10049efc   0x10049efc   0x0000005c   Code   RO         3275    i._aci_gap_set_discoverable_param_check  libbluenrg1_stack.a(bluenrg_gap_aci.o)
    0x10049f58   0x10049f58   0x00000174   Code   RO         3679    i._gap_set_discoverable_connectable  libbluenrg1_stack.a(gap.o)
    0x1004a0cc   0x1004a0cc   0x00000026   Code   RO         3321    i._load_uuid        libbluenrg1_stack.a(bluenrg_gatt_aci.o)
    0x1004a0f2   0x1004a0f2   0x00000002   Code   RO         3495    i.aci_att_exchange_mtu_resp_event  libbluenrg1_stack.a(aci_events.o)
    0x1004a0f4   0x1004a0f4   0x00000002   Code   RO         3496    i.aci_att_exec_write_resp_event  libbluenrg1_stack.a(aci_events.o)
    0x1004a0f6   0x1004a0f6   0x00000002   Code   RO         3497    i.aci_att_find_by_type_value_resp_event  libbluenrg1_stack.a(aci_events.o)
    0x1004a0f8   0x1004a0f8   0x00000002   Code   RO         3498    i.aci_att_find_info_resp_event  libbluenrg1_stack.a(aci_events.o)
    0x1004a0fa   0x1004a0fa   0x00000002   Code   RO         3499    i.aci_att_prepare_write_resp_event  libbluenrg1_stack.a(aci_events.o)
    0x1004a0fc   0x1004a0fc   0x00000002   Code   RO         3500    i.aci_att_read_blob_resp_event  libbluenrg1_stack.a(aci_events.o)
    0x1004a0fe   0x1004a0fe   0x00000002   Code   RO         3501    i.aci_att_read_by_group_type_resp_event  libbluenrg1_stack.a(aci_events.o)
    0x1004a100   0x1004a100   0x00000002   Code   RO         3502    i.aci_att_read_by_type_resp_event  libbluenrg1_stack.a(aci_events.o)
    0x1004a102   0x1004a102   0x00000002   Code   RO         3503    i.aci_att_read_multiple_resp_event  libbluenrg1_stack.a(aci_events.o)
    0x1004a104   0x1004a104   0x00000002   Code   RO         3504    i.aci_att_read_resp_event  libbluenrg1_stack.a(aci_events.o)
    0x1004a106   0x1004a106   0x00000002   Code   RO         3505    i.aci_att_write_resp_event  libbluenrg1_stack.a(aci_events.o)
    0x1004a108   0x1004a108   0x00000028   Code   RO         3506    i.aci_event_fifo_push  libbluenrg1_stack.a(aci_events.o)
    0x1004a130   0x1004a130   0x000000bc   Code   RO         3507    i.aci_event_fifo_push_header  libbluenrg1_stack.a(aci_events.o)
    0x1004a1ec   0x1004a1ec   0x00000002   Code   RO         3508    i.aci_gap_addr_not_resolved_event  libbluenrg1_stack.a(aci_events.o)
    0x1004a1ee   0x1004a1ee   0x00000002   Code   RO         3509    i.aci_gap_authorization_req_event  libbluenrg1_stack.a(aci_events.o)
    0x1004a1f0   0x1004a1f0   0x00000054   Code   RO         4291    i.aci_gap_authorization_req_event_push  libbluenrg1_stack.a(smp_common.o)
    0x1004a244   0x1004a244   0x00000002   Code   RO         3510    i.aci_gap_bond_lost_event  libbluenrg1_stack.a(aci_events.o)
    0x1004a246   0x1004a246   0x00000002   Code   RO         3511    i.aci_gap_device_found_event  libbluenrg1_stack.a(aci_events.o)
    0x1004a248   0x1004a248   0x00000030   Code   RO         3285    i.aci_gap_init      libbluenrg1_stack.a(bluenrg_gap_aci.o)
    0x1004a278   0x1004a278   0x00000002   Code   RO         3512    i.aci_gap_keypress_notification_event  libbluenrg1_stack.a(aci_events.o)
    0x1004a27a   0x1004a27a   0x00000002   Code   RO         3513    i.aci_gap_limited_discoverable_event  libbluenrg1_stack.a(aci_events.o)
    0x1004a27c   0x1004a27c   0x00000050   Code   RO         3680    i.aci_gap_limited_discoverable_event_push  libbluenrg1_stack.a(gap.o)
    0x1004a2cc   0x1004a2cc   0x00000002   Code   RO         3514    i.aci_gap_numeric_comparison_value_event  libbluenrg1_stack.a(aci_events.o)
    0x1004a2ce   0x1004a2ce   0x00000002   Code   RO         3515    i.aci_gap_pairing_complete_event  libbluenrg1_stack.a(aci_events.o)
    0x1004a2d0   0x1004a2d0   0x0000005c   Code   RO         4292    i.aci_gap_pairing_complete_event_push  libbluenrg1_stack.a(smp_common.o)
    0x1004a32c   0x1004a32c   0x00000002   Code   RO         3516    i.aci_gap_pass_key_req_event  libbluenrg1_stack.a(aci_events.o)
    0x1004a32e   0x1004a32e   0x00000002   Code   RO         3517    i.aci_gap_proc_complete_event  libbluenrg1_stack.a(aci_events.o)
    0x1004a330   0x1004a330   0x00000074   Code   RO         3681    i.aci_gap_proc_complete_event_push  libbluenrg1_stack.a(gap.o)
    0x1004a3a4   0x1004a3a4   0x00000094   Code   RO         3293    i.aci_gap_set_authentication_requirement  libbluenrg1_stack.a(bluenrg_gap_aci.o)
    0x1004a438   0x1004a438   0x00000042   Code   RO         3297    i.aci_gap_set_discoverable  libbluenrg1_stack.a(bluenrg_gap_aci.o)
    0x1004a47a   0x1004a47a   0x00000002   Code   RO         3518    i.aci_gap_slave_security_initiated_event  libbluenrg1_stack.a(aci_events.o)
    0x1004a47c   0x1004a47c   0x00000008   Code   RO         3314    i.aci_gap_terminate  libbluenrg1_stack.a(bluenrg_gap_aci.o)
    0x1004a484   0x1004a484   0x0000003e   Code   RO         3328    i.aci_gatt_add_char  libbluenrg1_stack.a(bluenrg_gatt_aci.o)
    0x1004a4c2   0x1004a4c2   0x00000036   Code   RO         3330    i.aci_gatt_add_service  libbluenrg1_stack.a(bluenrg_gatt_aci.o)
    0x1004a4f8   0x1004a4f8   0x0000000c   Code   RO         3331    i.aci_gatt_allow_read  libbluenrg1_stack.a(bluenrg_gatt_aci.o)
    0x1004a504   0x1004a504   0x0000000e   Code   RO         2926    i.aci_gatt_attribute_modified_event  sensor.o
    0x1004a512   0x1004a512   0x00000002   PAD
    0x1004a514   0x1004a514   0x00000078   Code   RO         4366    i.aci_gatt_attribute_modified_event_push  libbluenrg1_stack.a(att.o)
    0x1004a58c   0x1004a58c   0x00000002   Code   RO         3520    i.aci_gatt_disc_read_char_by_uuid_resp_event  libbluenrg1_stack.a(aci_events.o)
    0x1004a58e   0x1004a58e   0x00000002   Code   RO         3521    i.aci_gatt_error_resp_event  libbluenrg1_stack.a(aci_events.o)
    0x1004a590   0x1004a590   0x00000002   Code   RO         3522    i.aci_gatt_indication_event  libbluenrg1_stack.a(aci_events.o)
    0x1004a592   0x1004a592   0x00000002   PAD
    0x1004a594   0x1004a594   0x00000090   Code   RO         3802    i.aci_gatt_indication_event_push  libbluenrg1_stack.a(gatt_server.o)
    0x1004a624   0x1004a624   0x00000008   Code   RO         3345    i.aci_gatt_init     libbluenrg1_stack.a(bluenrg_gatt_aci.o)
    0x1004a62c   0x1004a62c   0x00000002   Code   RO         3523    i.aci_gatt_notification_event  libbluenrg1_stack.a(aci_events.o)
    0x1004a62e   0x1004a62e   0x00000002   PAD
    0x1004a630   0x1004a630   0x00000090   Code   RO         3803    i.aci_gatt_notification_event_push  libbluenrg1_stack.a(gatt_server.o)
    0x1004a6c0   0x1004a6c0   0x00000002   Code   RO         3524    i.aci_gatt_prepare_write_permit_req_event  libbluenrg1_stack.a(aci_events.o)
    0x1004a6c2   0x1004a6c2   0x00000002   Code   RO         3525    i.aci_gatt_proc_complete_event  libbluenrg1_stack.a(aci_events.o)
    0x1004a6c4   0x1004a6c4   0x00000002   Code   RO         3526    i.aci_gatt_proc_timeout_event  libbluenrg1_stack.a(aci_events.o)
    0x1004a6c6   0x1004a6c6   0x00000002   Code   RO         3527    i.aci_gatt_read_multi_permit_req_event  libbluenrg1_stack.a(aci_events.o)
    0x1004a6c8   0x1004a6c8   0x00000068   Code   RO         4367    i.aci_gatt_read_multi_permit_req_event_push  libbluenrg1_stack.a(att.o)
    0x1004a730   0x1004a730   0x0000000a   Code   RO         2927    i.aci_gatt_read_permit_req_event  sensor.o
    0x1004a73a   0x1004a73a   0x00000002   PAD
    0x1004a73c   0x1004a73c   0x00000050   Code   RO         4368    i.aci_gatt_read_permit_req_event_push  libbluenrg1_stack.a(att.o)
    0x1004a78c   0x1004a78c   0x00000002   Code   RO         3529    i.aci_gatt_server_confirmation_event  libbluenrg1_stack.a(aci_events.o)
    0x1004a78e   0x1004a78e   0x00000002   Code   RO         3530    i.aci_gatt_tx_pool_available_event  libbluenrg1_stack.a(aci_events.o)
    0x1004a790   0x1004a790   0x00000022   Code   RO         3359    i.aci_gatt_update_char_value_ext  libbluenrg1_stack.a(bluenrg_gatt_aci.o)
    0x1004a7b2   0x1004a7b2   0x00000002   Code   RO         3531    i.aci_gatt_write_permit_req_event  libbluenrg1_stack.a(aci_events.o)
    0x1004a7b4   0x1004a7b4   0x0000006c   Code   RO         4369    i.aci_gatt_write_permit_req_event_push  libbluenrg1_stack.a(att.o)
    0x1004a820   0x1004a820   0x00000002   Code   RO         2928    i.aci_hal_end_of_radio_activity_event  sensor.o
    0x1004a822   0x1004a822   0x00000016   Code   RO         3006    i.aci_hal_fw_error_event  sensordemo_main.o
    0x1004a838   0x1004a838   0x0000005c   Code   RO         3804    i.aci_hal_fw_error_event_push  libbluenrg1_stack.a(gatt_server.o)
    0x1004a894   0x1004a894   0x00000002   Code   RO         3533    i.aci_hal_scan_req_report_event  libbluenrg1_stack.a(aci_events.o)
    0x1004a896   0x1004a896   0x00000008   Code   RO         3374    i.aci_hal_set_tx_power_level  libbluenrg1_stack.a(bluenrg_hal_aci.o)
    0x1004a89e   0x1004a89e   0x00000008   Code   RO         3377    i.aci_hal_write_config_data  libbluenrg1_stack.a(bluenrg_hal_aci.o)
    0x1004a8a6   0x1004a8a6   0x00000002   Code   RO         3534    i.aci_l2cap_command_reject_event  libbluenrg1_stack.a(aci_events.o)
    0x1004a8a8   0x1004a8a8   0x00000002   Code   RO         3535    i.aci_l2cap_connection_update_req_event  libbluenrg1_stack.a(aci_events.o)
    0x1004a8aa   0x1004a8aa   0x00000002   PAD
    0x1004a8ac   0x1004a8ac   0x00000098   Code   RO         3853    i.aci_l2cap_connection_update_req_event_push  libbluenrg1_stack.a(l2cap.o)
    0x1004a944   0x1004a944   0x00000002   Code   RO         3536    i.aci_l2cap_connection_update_resp_event  libbluenrg1_stack.a(aci_events.o)
    0x1004a946   0x1004a946   0x00000002   Code   RO         3537    i.aci_l2cap_proc_timeout_event  libbluenrg1_stack.a(aci_events.o)
    0x1004a948   0x1004a948   0x00000004   Code   RO         4332    i.acl_list_first    libbluenrg1_stack.a(acl_list.o)
    0x1004a94c   0x1004a94c   0x00000026   Code   RO         4333    i.acl_list_full_on_packt  libbluenrg1_stack.a(acl_list.o)
    0x1004a972   0x1004a972   0x00000010   Code   RO         4336    i.acl_list_init     libbluenrg1_stack.a(acl_list.o)
    0x1004a982   0x1004a982   0x00000026   Code   RO         4337    i.acl_list_insert_head  libbluenrg1_stack.a(acl_list.o)
    0x1004a9a8   0x1004a9a8   0x0000002c   Code   RO         4338    i.acl_list_insert_tail  libbluenrg1_stack.a(acl_list.o)
    0x1004a9d4   0x1004a9d4   0x0000000e   Code   RO         4339    i.acl_list_is_empty  libbluenrg1_stack.a(acl_list.o)
    0x1004a9e2   0x1004a9e2   0x00000044   Code   RO         4341    i.acl_list_remove   libbluenrg1_stack.a(acl_list.o)
    0x1004aa26   0x1004aa26   0x0000002e   Code   RO         4342    i.acl_list_remove_head  libbluenrg1_stack.a(acl_list.o)
    0x1004aa54   0x1004aa54   0x00000260   Code   RO         3977    i.adapt_slot        libbluenrg1_stack.a(multi_master_time.o)
    0x1004acb4   0x1004acb4   0x0000001e   Code   RO         4078    i.addr_u32_from_u8  libbluenrg1_stack.a(rom_ll_isr_routines.o)
    0x1004acd2   0x1004acd2   0x00000020   Code   RO         4115    i.addr_u32_from_u8  libbluenrg1_stack.a(rom_ll_ll_routines.o)
    0x1004acf2   0x1004acf2   0x00000002   PAD
    0x1004acf4   0x1004acf4   0x0000008c   Code   RO         3682    i.advParamsCheckAndSet  libbluenrg1_stack.a(gap.o)
    0x1004ad80   0x1004ad80   0x000002d0   Code   RO         3978    i.advance_slave_timing_MultiSlave  libbluenrg1_stack.a(multi_master_time.o)
    0x1004b050   0x1004b050   0x00000158   Code   RO         4167    i.advance_transmit  libbluenrg1_stack.a(routines_support.o)
    0x1004b1a8   0x1004b1a8   0x0000067c   Code   RO         3642    i.advance_wakeup_timer  libbluenrg1_stack.a(advance_wakeup_time.o)
    0x1004b824   0x1004b824   0x0000001c   Code   RO         3818    i.ble_HAL_Init      libbluenrg1_stack.a(hal.o)
    0x1004b840   0x1004b840   0x00000004   Code   RO         4080    i.cancel_connect_master_ucfg  libbluenrg1_stack.a(rom_ll_isr_routines.o)
    0x1004b844   0x1004b844   0x000001a8   Code   RO         3980    i.cancel_current_master  libbluenrg1_stack.a(multi_master_time.o)
    0x1004b9ec   0x1004b9ec   0x00000080   Code   RO         4081    i.cancel_master     libbluenrg1_stack.a(rom_ll_isr_routines.o)
    0x1004ba6c   0x1004ba6c   0x000000c4   Code   RO         3830    i.cancel_slave      libbluenrg1_stack.a(isr_routines.o)
    0x1004bb30   0x1004bb30   0x00000024   Code   RO         3538    i.cb_aci_att_exchange_mtu_resp_event  libbluenrg1_stack.a(aci_events.o)
    0x1004bb54   0x1004bb54   0x00000020   Code   RO         3539    i.cb_aci_att_exec_write_resp_event  libbluenrg1_stack.a(aci_events.o)
    0x1004bb74   0x1004bb74   0x00000024   Code   RO         3540    i.cb_aci_att_find_by_type_value_resp_event  libbluenrg1_stack.a(aci_events.o)
    0x1004bb98   0x1004bb98   0x00000028   Code   RO         3541    i.cb_aci_att_find_info_resp_event  libbluenrg1_stack.a(aci_events.o)
    0x1004bbc0   0x1004bbc0   0x0000002c   Code   RO         3542    i.cb_aci_att_prepare_write_resp_event  libbluenrg1_stack.a(aci_events.o)
    0x1004bbec   0x1004bbec   0x00000024   Code   RO         3543    i.cb_aci_att_read_blob_resp_event  libbluenrg1_stack.a(aci_events.o)
    0x1004bc10   0x1004bc10   0x00000028   Code   RO         3544    i.cb_aci_att_read_by_group_type_resp_event  libbluenrg1_stack.a(aci_events.o)
    0x1004bc38   0x1004bc38   0x00000028   Code   RO         3545    i.cb_aci_att_read_by_type_resp_event  libbluenrg1_stack.a(aci_events.o)
    0x1004bc60   0x1004bc60   0x00000024   Code   RO         3546    i.cb_aci_att_read_multiple_resp_event  libbluenrg1_stack.a(aci_events.o)
    0x1004bc84   0x1004bc84   0x00000024   Code   RO         3547    i.cb_aci_att_read_resp_event  libbluenrg1_stack.a(aci_events.o)
    0x1004bca8   0x1004bca8   0x00000024   Code   RO         3548    i.cb_aci_att_write_resp_event  libbluenrg1_stack.a(aci_events.o)
    0x1004bccc   0x1004bccc   0x00000020   Code   RO         3549    i.cb_aci_gap_addr_not_resolved_event  libbluenrg1_stack.a(aci_events.o)
    0x1004bcec   0x1004bcec   0x00000020   Code   RO         3550    i.cb_aci_gap_authorization_req_event  libbluenrg1_stack.a(aci_events.o)
    0x1004bd0c   0x1004bd0c   0x0000001c   Code   RO         3551    i.cb_aci_gap_bond_lost_event  libbluenrg1_stack.a(aci_events.o)
    0x1004bd28   0x1004bd28   0x00000020   Code   RO         3552    i.cb_aci_gap_device_found_event  libbluenrg1_stack.a(aci_events.o)
    0x1004bd48   0x1004bd48   0x00000024   Code   RO         3553    i.cb_aci_gap_keypress_notification_event  libbluenrg1_stack.a(aci_events.o)
    0x1004bd6c   0x1004bd6c   0x0000001c   Code   RO         3554    i.cb_aci_gap_limited_discoverable_event  libbluenrg1_stack.a(aci_events.o)
    0x1004bd88   0x1004bd88   0x00000024   Code   RO         3555    i.cb_aci_gap_numeric_comparison_value_event  libbluenrg1_stack.a(aci_events.o)
    0x1004bdac   0x1004bdac   0x00000024   Code   RO         3556    i.cb_aci_gap_pairing_complete_event  libbluenrg1_stack.a(aci_events.o)
    0x1004bdd0   0x1004bdd0   0x00000020   Code   RO         3557    i.cb_aci_gap_pass_key_req_event  libbluenrg1_stack.a(aci_events.o)
    0x1004bdf0   0x1004bdf0   0x00000028   Code   RO         3558    i.cb_aci_gap_proc_complete_event  libbluenrg1_stack.a(aci_events.o)
    0x1004be18   0x1004be18   0x0000001c   Code   RO         3559    i.cb_aci_gap_slave_security_initiated_event  libbluenrg1_stack.a(aci_events.o)
    0x1004be34   0x1004be34   0x0000002c   Code   RO         3560    i.cb_aci_gatt_attribute_modified_event  libbluenrg1_stack.a(aci_events.o)
    0x1004be60   0x1004be60   0x00000028   Code   RO         3561    i.cb_aci_gatt_disc_read_char_by_uuid_resp_event  libbluenrg1_stack.a(aci_events.o)
    0x1004be88   0x1004be88   0x00000028   Code   RO         3562    i.cb_aci_gatt_error_resp_event  libbluenrg1_stack.a(aci_events.o)
    0x1004beb0   0x1004beb0   0x00000028   Code   RO         3563    i.cb_aci_gatt_indication_event  libbluenrg1_stack.a(aci_events.o)
    0x1004bed8   0x1004bed8   0x00000028   Code   RO         3564    i.cb_aci_gatt_notification_event  libbluenrg1_stack.a(aci_events.o)
    0x1004bf00   0x1004bf00   0x00000016   Code   RO         3565    i.cb_aci_gatt_prepare_write_permit_req_event  libbluenrg1_stack.a(aci_events.o)
    0x1004bf16   0x1004bf16   0x00000002   PAD
    0x1004bf18   0x1004bf18   0x00000024   Code   RO         3566    i.cb_aci_gatt_proc_complete_event  libbluenrg1_stack.a(aci_events.o)
    0x1004bf3c   0x1004bf3c   0x00000020   Code   RO         3567    i.cb_aci_gatt_proc_timeout_event  libbluenrg1_stack.a(aci_events.o)
    0x1004bf5c   0x1004bf5c   0x00000010   Code   RO         3568    i.cb_aci_gatt_read_multi_permit_req_event  libbluenrg1_stack.a(aci_events.o)
    0x1004bf6c   0x1004bf6c   0x00000010   Code   RO         3569    i.cb_aci_gatt_read_permit_req_event  libbluenrg1_stack.a(aci_events.o)
    0x1004bf7c   0x1004bf7c   0x0000000a   Code   RO         3570    i.cb_aci_gatt_server_confirmation_event  libbluenrg1_stack.a(aci_events.o)
    0x1004bf86   0x1004bf86   0x0000000e   Code   RO         3571    i.cb_aci_gatt_tx_pool_available_event  libbluenrg1_stack.a(aci_events.o)
    0x1004bf94   0x1004bf94   0x00000012   Code   RO         3572    i.cb_aci_gatt_write_permit_req_event  libbluenrg1_stack.a(aci_events.o)
    0x1004bfa6   0x1004bfa6   0x00000010   Code   RO         3573    i.cb_aci_hal_fw_error_event  libbluenrg1_stack.a(aci_events.o)
    0x1004bfb6   0x1004bfb6   0x00000002   PAD
    0x1004bfb8   0x1004bfb8   0x00000028   Code   RO         3574    i.cb_aci_hal_scan_req_report_event  libbluenrg1_stack.a(aci_events.o)
    0x1004bfe0   0x1004bfe0   0x00000016   Code   RO         3575    i.cb_aci_l2cap_command_reject_event  libbluenrg1_stack.a(aci_events.o)
    0x1004bff6   0x1004bff6   0x00000002   PAD
    0x1004bff8   0x1004bff8   0x00000034   Code   RO         3576    i.cb_aci_l2cap_connection_update_req_event  libbluenrg1_stack.a(aci_events.o)
    0x1004c02c   0x1004c02c   0x00000024   Code   RO         3577    i.cb_aci_l2cap_connection_update_resp_event  libbluenrg1_stack.a(aci_events.o)
    0x1004c050   0x1004c050   0x00000024   Code   RO         3578    i.cb_aci_l2cap_proc_timeout_event  libbluenrg1_stack.a(aci_events.o)
    0x1004c074   0x1004c074   0x00000002   Code   RO         3579    i.cb_hci_data_buffer_overflow_event  libbluenrg1_stack.a(aci_events.o)
    0x1004c076   0x1004c076   0x00000002   PAD
    0x1004c078   0x1004c078   0x00000024   Code   RO         3580    i.cb_hci_disconnection_complete_event  libbluenrg1_stack.a(aci_events.o)
    0x1004c09c   0x1004c09c   0x00000024   Code   RO         3581    i.cb_hci_encryption_change_event  libbluenrg1_stack.a(aci_events.o)
    0x1004c0c0   0x1004c0c0   0x00000024   Code   RO         3582    i.cb_hci_encryption_key_refresh_complete_event  libbluenrg1_stack.a(aci_events.o)
    0x1004c0e4   0x1004c0e4   0x00000024   Code   RO         3583    i.cb_hci_le_advertising_report_event  libbluenrg1_stack.a(aci_events.o)
    0x1004c108   0x1004c108   0x00000044   Code   RO         3584    i.cb_hci_le_connection_complete_event  libbluenrg1_stack.a(aci_events.o)
    0x1004c14c   0x1004c14c   0x00000030   Code   RO         3585    i.cb_hci_le_connection_update_complete_event  libbluenrg1_stack.a(aci_events.o)
    0x1004c17c   0x1004c17c   0x00000030   Code   RO         3586    i.cb_hci_le_data_length_change_event  libbluenrg1_stack.a(aci_events.o)
    0x1004c1ac   0x1004c1ac   0x00000024   Code   RO         3587    i.cb_hci_le_direct_advertising_report_event  libbluenrg1_stack.a(aci_events.o)
    0x1004c1d0   0x1004c1d0   0x0000004c   Code   RO         3588    i.cb_hci_le_enhanced_connection_complete_event  libbluenrg1_stack.a(aci_events.o)
    0x1004c21c   0x1004c21c   0x00000028   Code   RO         3589    i.cb_hci_le_generate_dhkey_complete_event  libbluenrg1_stack.a(aci_events.o)
    0x1004c244   0x1004c244   0x00000028   Code   RO         3590    i.cb_hci_le_long_term_key_request_event  libbluenrg1_stack.a(aci_events.o)
    0x1004c26c   0x1004c26c   0x00000028   Code   RO         3591    i.cb_hci_le_read_local_p256_public_key_complete_event  libbluenrg1_stack.a(aci_events.o)
    0x1004c294   0x1004c294   0x0000002c   Code   RO         3592    i.cb_hci_le_read_remote_used_features_complete_event  libbluenrg1_stack.a(aci_events.o)
    0x1004c2c0   0x1004c2c0   0x0000000a   Code   RO         3593    i.cb_hci_number_of_completed_packets_event  libbluenrg1_stack.a(aci_events.o)
    0x1004c2ca   0x1004c2ca   0x00000002   PAD
    0x1004c2cc   0x1004c2cc   0x00000028   Code   RO         3594    i.cb_hci_read_remote_version_information_complete_event  libbluenrg1_stack.a(aci_events.o)
    0x1004c2f4   0x1004c2f4   0x00000016   Code   RO         3595    i.cb_hci_rx_acl_data_event  libbluenrg1_stack.a(aci_events.o)
    0x1004c30a   0x1004c30a   0x00000012   Code   RO         3819    i.char_copy         libbluenrg1_stack.a(hal.o)
    0x1004c31c   0x1004c31c   0x00000020   Code   RO         4146    i.convert_power     libbluenrg1_stack.a(rom_ll_routines_support.o)
    0x1004c33c   0x1004c33c   0x00000012   Code   RO         3476    i.copy_4_u32        libbluenrg1_stack.a(ll_isr.o)
    0x1004c34e   0x1004c34e   0x00000002   PAD
    0x1004c350   0x1004c350   0x00000084   Code   RO         3477    i.copy_tx_data_packet  libbluenrg1_stack.a(ll_isr.o)
    0x1004c3d4   0x1004c3d4   0x00000004   Code   RO         3397    i.data_length_extension_csr_ucfg  libbluenrg1_stack.a(hci.o)
    0x1004c3d8   0x1004c3d8   0x00000074   Code   RO         3478    i.encrypt           libbluenrg1_stack.a(ll_isr.o)
    0x1004c44c   0x1004c44c   0x0000006c   Code   RO         3596    i.fifoBuf_getFreeHeader  libbluenrg1_stack.a(aci_events.o)
    0x1004c4b8   0x1004c4b8   0x0000000a   Code   RO         3597    i.fifoCtrl_init     libbluenrg1_stack.a(aci_events.o)
    0x1004c4c2   0x1004c4c2   0x00000002   PAD
    0x1004c4c4   0x1004c4c4   0x00000014   Code   RO         3683    i.gapClearAllModeFlags  libbluenrg1_stack.a(gap.o)
    0x1004c4d8   0x1004c4d8   0x00000014   Code   RO         4082    i.get_adv_addr      libbluenrg1_stack.a(rom_ll_isr_routines.o)
    0x1004c4ec   0x1004c4ec   0x00000048   Code   RO         3981    i.get_advertiser    libbluenrg1_stack.a(multi_master_time.o)
    0x1004c534   0x1004c534   0x00000088   Code   RO         3982    i.get_connection_no  libbluenrg1_stack.a(multi_master_time.o)
    0x1004c5bc   0x1004c5bc   0x00000034   Code   RO         3983    i.get_next_free_slot  libbluenrg1_stack.a(multi_master_time.o)
    0x1004c5f0   0x1004c5f0   0x00000014   Code   RO         4083    i.get_scan_addr     libbluenrg1_stack.a(rom_ll_isr_routines.o)
    0x1004c604   0x1004c604   0x00000048   Code   RO         3984    i.get_scan_connection  libbluenrg1_stack.a(multi_master_time.o)
    0x1004c64c   0x1004c64c   0x0000029c   Code   RO         4084    i.go_to_connect     libbluenrg1_stack.a(rom_ll_isr_routines.o)
    0x1004c8e8   0x1004c8e8   0x00000034   Code   RO         3820    i.hal_radio_activity_state_callback_check  libbluenrg1_stack.a(hal.o)
    0x1004c91c   0x1004c91c   0x0000001c   Code   RO         3821    i.hal_radio_activity_state_init  libbluenrg1_stack.a(hal.o)
    0x1004c938   0x1004c938   0x00000040   Code   RO         3822    i.hal_read_radio_activity_state  libbluenrg1_stack.a(hal.o)
    0x1004c978   0x1004c978   0x00000024   Code   RO         2929    i.hci_disconnection_complete_event  sensor.o
    0x1004c99c   0x1004c99c   0x00000002   Code   RO         3600    i.hci_encryption_change_event  libbluenrg1_stack.a(aci_events.o)
    0x1004c99e   0x1004c99e   0x00000002   PAD
    0x1004c9a0   0x1004c9a0   0x0000005c   Code   RO         3931    i.hci_encryption_change_event_push  libbluenrg1_stack.a(ll_routines_master.o)
    0x1004c9fc   0x1004c9fc   0x00000002   Code   RO         3601    i.hci_encryption_key_refresh_complete_event  libbluenrg1_stack.a(aci_events.o)
    0x1004c9fe   0x1004c9fe   0x00000002   PAD
    0x1004ca00   0x1004ca00   0x00000058   Code   RO         3932    i.hci_encryption_key_refresh_complete_event_push  libbluenrg1_stack.a(ll_routines_master.o)
    0x1004ca58   0x1004ca58   0x00000018   Code   RO         3008    i.hci_hardware_error_event  sensordemo_main.o
    0x1004ca70   0x1004ca70   0x00000002   Code   RO         3603    i.hci_le_advertising_report_event  libbluenrg1_stack.a(aci_events.o)
    0x1004ca72   0x1004ca72   0x00000002   PAD
    0x1004ca74   0x1004ca74   0x0000001c   Code   RO         2930    i.hci_le_connection_complete_event  sensor.o
    0x1004ca90   0x1004ca90   0x00000088   Code   RO         3934    i.hci_le_connection_complete_event_push  libbluenrg1_stack.a(ll_routines_master.o)
    0x1004cb18   0x1004cb18   0x00000002   Code   RO         3605    i.hci_le_connection_update_complete_event  libbluenrg1_stack.a(aci_events.o)
    0x1004cb1a   0x1004cb1a   0x00000002   PAD
    0x1004cb1c   0x1004cb1c   0x0000006c   Code   RO         3935    i.hci_le_connection_update_complete_event_push  libbluenrg1_stack.a(ll_routines_master.o)
    0x1004cb88   0x1004cb88   0x00000002   Code   RO         3606    i.hci_le_data_length_change_event  libbluenrg1_stack.a(aci_events.o)
    0x1004cb8a   0x1004cb8a   0x00000002   Code   RO         3607    i.hci_le_direct_advertising_report_event  libbluenrg1_stack.a(aci_events.o)
    0x1004cb8c   0x1004cb8c   0x0000000a   Code   RO         3405    i.hci_le_encrypt    libbluenrg1_stack.a(hci.o)
    0x1004cb96   0x1004cb96   0x00000002   Code   RO         3608    i.hci_le_enhanced_connection_complete_event  libbluenrg1_stack.a(aci_events.o)
    0x1004cb98   0x1004cb98   0x00000002   Code   RO         3609    i.hci_le_generate_dhkey_complete_event  libbluenrg1_stack.a(aci_events.o)
    0x1004cb9a   0x1004cb9a   0x00000002   Code   RO         3610    i.hci_le_long_term_key_request_event  libbluenrg1_stack.a(aci_events.o)
    0x1004cb9c   0x1004cb9c   0x0000000e   Code   RO         3407    i.hci_le_long_term_key_request_reply  libbluenrg1_stack.a(hci.o)
    0x1004cbaa   0x1004cbaa   0x0000000e   Code   RO         3408    i.hci_le_long_term_key_requested_negative_reply  libbluenrg1_stack.a(hci.o)
    0x1004cbb8   0x1004cbb8   0x00000002   Code   RO         3611    i.hci_le_read_local_p256_public_key_complete_event  libbluenrg1_stack.a(aci_events.o)
    0x1004cbba   0x1004cbba   0x00000002   Code   RO         3612    i.hci_le_read_remote_used_features_complete_event  libbluenrg1_stack.a(aci_events.o)
    0x1004cbbc   0x1004cbbc   0x00000016   Code   RO         3432    i.hci_le_set_scan_response_data  libbluenrg1_stack.a(hci.o)
    0x1004cbd2   0x1004cbd2   0x00000002   Code   RO         3613    i.hci_number_of_completed_packets_event  libbluenrg1_stack.a(aci_events.o)
    0x1004cbd4   0x1004cbd4   0x00000002   Code   RO         3614    i.hci_read_remote_version_information_complete_event  libbluenrg1_stack.a(aci_events.o)
    0x1004cbd6   0x1004cbd6   0x00000002   PAD
    0x1004cbd8   0x1004cbd8   0x0000006c   Code   RO         3446    i.hci_rx_acl_data   libbluenrg1_stack.a(hci.o)
    0x1004cc44   0x1004cc44   0x00000004   Code   RO         3615    i.hci_rx_acl_data_event  libbluenrg1_stack.a(aci_events.o)
    0x1004cc48   0x1004cc48   0x00000044   Code   RO         3449    i.hci_tx_acl_data_done  libbluenrg1_stack.a(hci.o)
    0x1004cc8c   0x1004cc8c   0x00000010   Code   RO         4116    i.int32ToLe4Byte    libbluenrg1_stack.a(rom_ll_ll_routines.o)
    0x1004cc9c   0x1004cc9c   0x00000010   Code   RO         4190    i.int32ToLe4Byte    libbluenrg1_stack.a(sdb.o)
    0x1004ccac   0x1004ccac   0x00000010   Code   RO         4205    i.int32ToLe4Byte    libbluenrg1_stack.a(securitymgr.o)
    0x1004ccbc   0x1004ccbc   0x00000040   Code   RO         3636    i.int_cb_hci_acl_data_ind_event  libbluenrg1_stack.a(acl.o)
    0x1004ccfc   0x1004ccfc   0x00000054   Code   RO         3637    i.int_cb_hci_acl_data_tx_cmpl_event  libbluenrg1_stack.a(acl.o)
    0x1004cd50   0x1004cd50   0x00000026   Code   RO         3616    i.int_cb_hci_disconnection_complete_event  libbluenrg1_stack.a(aci_events.o)
    0x1004cd76   0x1004cd76   0x0000001a   Code   RO         3617    i.int_cb_hci_encryption_change_event  libbluenrg1_stack.a(aci_events.o)
    0x1004cd90   0x1004cd90   0x0000001a   Code   RO         3618    i.int_cb_hci_encryption_key_refresh_complete_event  libbluenrg1_stack.a(aci_events.o)
    0x1004cdaa   0x1004cdaa   0x0000001e   Code   RO         3619    i.int_cb_hci_le_advertising_report_event  libbluenrg1_stack.a(aci_events.o)
    0x1004cdc8   0x1004cdc8   0x00000026   Code   RO         3620    i.int_cb_hci_le_connection_complete_event  libbluenrg1_stack.a(aci_events.o)
    0x1004cdee   0x1004cdee   0x00000010   Code   RO         3621    i.int_cb_hci_le_data_length_change_event  libbluenrg1_stack.a(aci_events.o)
    0x1004cdfe   0x1004cdfe   0x0000001e   Code   RO         3622    i.int_cb_hci_le_direct_advertising_report_event  libbluenrg1_stack.a(aci_events.o)
    0x1004ce1c   0x1004ce1c   0x00000026   Code   RO         3623    i.int_cb_hci_le_enhanced_connection_complete_event  libbluenrg1_stack.a(aci_events.o)
    0x1004ce42   0x1004ce42   0x0000001a   Code   RO         3624    i.int_cb_hci_le_generate_dhkey_complete_event  libbluenrg1_stack.a(aci_events.o)
    0x1004ce5c   0x1004ce5c   0x0000000c   Code   RO         3625    i.int_cb_hci_le_long_term_key_request_event  libbluenrg1_stack.a(aci_events.o)
    0x1004ce68   0x1004ce68   0x0000001a   Code   RO         3626    i.int_cb_hci_le_read_local_p256_public_key_complete_event  libbluenrg1_stack.a(aci_events.o)
    0x1004ce82   0x1004ce82   0x0000001e   Code   RO         4329    i.is_Buffer_All_Set_To  libbluenrg1_stack.a(utils.o)
    0x1004cea0   0x1004cea0   0x00000034   Code   RO         3985    i.is_slave          libbluenrg1_stack.a(multi_master_time.o)
    0x1004ced4   0x1004ced4   0x00000020   Code   RO         3638    i.isr_Acl_Data_Indication_Queue_Full  libbluenrg1_stack.a(acl.o)
    0x1004cef4   0x1004cef4   0x00000020   Code   RO         3639    i.isr_Acl_Data_TX_Cmpl_Queue_Full  libbluenrg1_stack.a(acl.o)
    0x1004cf14   0x1004cf14   0x000003d0   Code   RO         3480    i.isr_advertise_state  libbluenrg1_stack.a(ll_isr.o)
    0x1004d2e4   0x1004d2e4   0x000007e8   Code   RO         3482    i.isr_connect_slave_state  libbluenrg1_stack.a(ll_isr.o)
    0x1004dacc   0x1004dacc   0x00000660   Code   RO         3938    i.isr_event_handler  libbluenrg1_stack.a(ll_routines_master.o)
    0x1004e12c   0x1004e12c   0x00000002   Code   RO         3940    i.isr_event_handler_scan_data_ucfg  libbluenrg1_stack.a(ll_routines_master.o)
    0x1004e12e   0x1004e12e   0x00000002   PAD
    0x1004e130   0x1004e130   0x000001f4   Code   RO         3826    i.isr_postproc      libbluenrg1_stack.a(isr_postproc.o)
    0x1004e324   0x1004e324   0x00000110   Code   RO         4072    i.isr_postproc1     libbluenrg1_stack.a(rom_ll_isr_postproc.o)
    0x1004e434   0x1004e434   0x00000016   Code   RO         4073    i.isr_postproc_encrypt_data  libbluenrg1_stack.a(rom_ll_isr_postproc.o)
    0x1004e44a   0x1004e44a   0x00000002   PAD
    0x1004e44c   0x1004e44c   0x00000038   Code   RO         3484    i.isr_test_rx_state  libbluenrg1_stack.a(ll_isr.o)
    0x1004e484   0x1004e484   0x00000068   Code   RO         3485    i.isr_test_tx_state  libbluenrg1_stack.a(ll_isr.o)
    0x1004e4ec   0x1004e4ec   0x0000002c   Code   RO         3486    i.isr_unknown_state  libbluenrg1_stack.a(ll_isr.o)
    0x1004e518   0x1004e518   0x0000000a   Code   RO         4085    i.le2ByteToInt16    libbluenrg1_stack.a(rom_ll_isr_routines.o)
    0x1004e522   0x1004e522   0x00000016   Code   RO         4086    i.le4ByteToInt32    libbluenrg1_stack.a(rom_ll_isr_routines.o)
    0x1004e538   0x1004e538   0x00000016   Code   RO         4118    i.le4ByteToInt32    libbluenrg1_stack.a(rom_ll_ll_routines.o)
    0x1004e54e   0x1004e54e   0x00000004   Code   RO         3921    i.ll_write_supported_data_ucfg  libbluenrg1_stack.a(ll_routines.o)
    0x1004e552   0x1004e552   0x00000002   PAD
    0x1004e554   0x1004e554   0x00000020   Code   RO         4153    i.machine_time_trans  libbluenrg1_stack.a(rom_ll_timehandling.o)
    0x1004e574   0x1004e574   0x00000074   Code   RO         3009    i.main              sensordemo_main.o
    0x1004e5e8   0x1004e5e8   0x000000b8   Code   RO         3954    i.mem_alloc_ctx_init  libbluenrg1_stack.a(mem_alloc.o)
    0x1004e6a0   0x1004e6a0   0x00000008   Code   RO         4168    i.microseconds_to_machine_time  libbluenrg1_stack.a(routines_support.o)
    0x1004e6a8   0x1004e6a8   0x0000001c   Code   RO         4147    i.modulo_37         libbluenrg1_stack.a(rom_ll_routines_support.o)
    0x1004e6c4   0x1004e6c4   0x00000018   Code   RO         3986    i.nsar_init         libbluenrg1_stack.a(multi_master_time.o)
    0x1004e6dc   0x1004e6dc   0x0000001c   Code   RO         3987    i.nsar_insertSlotListEntry  libbluenrg1_stack.a(multi_master_time.o)
    0x1004e6f8   0x1004e6f8   0x000000c0   Code   RO         3988    i.nsar_searchBestFreeSlot  libbluenrg1_stack.a(multi_master_time.o)
    0x1004e7b8   0x1004e7b8   0x00000022   Code   RO         3990    i.nsar_updateBestFreeSlot  libbluenrg1_stack.a(multi_master_time.o)
    0x1004e7da   0x1004e7da   0x00000002   PAD
    0x1004e7dc   0x1004e7dc   0x0000006c   Code   RO         3991    i.nsar_updateSlotListEntry  libbluenrg1_stack.a(multi_master_time.o)
    0x1004e848   0x1004e848   0x0000007c   Code   RO         3922    i.read_rssi         libbluenrg1_stack.a(ll_routines.o)
    0x1004e8c4   0x1004e8c4   0x000000b0   Code   RO         3996    i.schedule_advertise_slot  libbluenrg1_stack.a(multi_master_time.o)
    0x1004e974   0x1004e974   0x00000164   Code   RO         4191    i.sdb_delete        libbluenrg1_stack.a(sdb.o)
    0x1004ead8   0x1004ead8   0x000000c4   Code   RO         4192    i.sdb_find_client_data  libbluenrg1_stack.a(sdb.o)
    0x1004eb9c   0x1004eb9c   0x00000018   Code   RO         4193    i.sdb_get_gatt_db_start_address  libbluenrg1_stack.a(sdb.o)
    0x1004ebb4   0x1004ebb4   0x00000020   Code   RO         4194    i.sdb_invalidate_record  libbluenrg1_stack.a(sdb.o)
    0x1004ebd4   0x1004ebd4   0x00000014   Code   RO         4195    i.sdb_read_address_type  libbluenrg1_stack.a(sdb.o)
    0x1004ebe8   0x1004ebe8   0x00000024   Code   RO         4196    i.sdb_read_record   libbluenrg1_stack.a(sdb.o)
    0x1004ec0c   0x1004ec0c   0x00000014   Code   RO         4197    i.sdb_read_record_validity  libbluenrg1_stack.a(sdb.o)
    0x1004ec20   0x1004ec20   0x0000007c   Code   RO         4198    i.sdb_write_record  libbluenrg1_stack.a(sdb.o)
    0x1004ec9c   0x1004ec9c   0x00000004   Code   RO         4320    i.secure_connections_csr_ucfg  libbluenrg1_stack.a(smp_scv42_sap.o)
    0x1004eca0   0x1004eca0   0x00000104   Code   RO         3684    i.setGapAdvData     libbluenrg1_stack.a(gap.o)
    0x1004eda4   0x1004eda4   0x00000088   Code   RO         4154    i.set_freq          libbluenrg1_stack.a(rom_ll_timehandling.o)
    0x1004ee2c   0x1004ee2c   0x0000001c   Code   RO         4155    i.set_sca           libbluenrg1_stack.a(rom_ll_timehandling.o)
    0x1004ee48   0x1004ee48   0x00000010   Code   RO         3823    i.set_string        libbluenrg1_stack.a(hal.o)
    0x1004ee58   0x1004ee58   0x00000208   Code   RO         4169    i.slave_advance     libbluenrg1_stack.a(routines_support.o)
    0x1004f060   0x1004f060   0x000000c6   Code   RO         4421    i.sma_CMAC_generate_tag  libbluenrg1_stack.a(smp_algo_sap.o)
    0x1004f126   0x1004f126   0x00000036   Code   RO         4422    i.sma_Calculate_Hash  libbluenrg1_stack.a(smp_algo_sap.o)
    0x1004f15c   0x1004f15c   0x0000007e   Code   RO         4423    i.sma_generate_subkeys  libbluenrg1_stack.a(smp_algo_sap.o)
    0x1004f1da   0x1004f1da   0x0000002c   Code   RO         4424    i.sma_left_shift    libbluenrg1_stack.a(smp_algo_sap.o)
    0x1004f206   0x1004f206   0x00000018   Code   RO         4207    i.smp_Build_AuthReq_Field  libbluenrg1_stack.a(securitymgr.o)
    0x1004f21e   0x1004f21e   0x00000002   PAD
    0x1004f220   0x1004f220   0x00000038   Code   RO         4208    i.smp_Build_Pairing_ReqResp_Packet  libbluenrg1_stack.a(securitymgr.o)
    0x1004f258   0x1004f258   0x00000034   Code   RO         4209    i.smp_Check_Incoming_Pairing_Parameters  libbluenrg1_stack.a(securitymgr.o)
    0x1004f28c   0x1004f28c   0x0000009c   Code   RO         4210    i.smp_Determine_Key_Association_Method  libbluenrg1_stack.a(securitymgr.o)
    0x1004f328   0x1004f328   0x00000184   Code   RO         4211    i.smp_Execute_Actions_wrt_Current_State  libbluenrg1_stack.a(securitymgr.o)
    0x1004f4ac   0x1004f4ac   0x00000002   Code   RO         4213    i.smp_Execute_Actions_wrt_Current_State_MI_excerpt_ucfg  libbluenrg1_stack.a(securitymgr.o)
    0x1004f4ae   0x1004f4ae   0x00000002   Code   RO         4217    i.smp_Execute_Actions_wrt_Current_State_sc_excerpt_phase2as2_ucfg  libbluenrg1_stack.a(securitymgr.o)
    0x1004f4b0   0x1004f4b0   0x00000004   Code   RO         4219    i.smp_Execute_Actions_wrt_Current_State_sc_excerpt_phase_1_to_2_ucfg  libbluenrg1_stack.a(securitymgr.o)
    0x1004f4b4   0x1004f4b4   0x00000078   Code   RO         4220    i.smp_Get_Long_Term_Key  libbluenrg1_stack.a(securitymgr.o)
    0x1004f52c   0x1004f52c   0x00000088   Code   RO         4221    i.smp_Get_Pairing_Parameters_From_Peer_Packet  libbluenrg1_stack.a(securitymgr.o)
    0x1004f5b4   0x1004f5b4   0x00000032   Code   RO         4293    i.smp_Keys_Distribution_Complete  libbluenrg1_stack.a(smp_common.o)
    0x1004f5e6   0x1004f5e6   0x00000002   PAD
    0x1004f5e8   0x1004f5e8   0x00000118   Code   RO         4222    i.smp_Keys_Distribution_Send  libbluenrg1_stack.a(securitymgr.o)
    0x1004f700   0x1004f700   0x00000150   Code   RO         4224    i.smp_LP_SR_Compute_c1_Confirm_Value  libbluenrg1_stack.a(securitymgr.o)
    0x1004f850   0x1004f850   0x00000004   Code   RO         4226    i.smp_MI_Start_Encryption_ucfg  libbluenrg1_stack.a(securitymgr.o)
    0x1004f854   0x1004f854   0x00000004   Code   RO         4228    i.smp_Process_Rx_Packet_Exception_Cases_sc_excerpt_ucfg  libbluenrg1_stack.a(securitymgr.o)
    0x1004f858   0x1004f858   0x00000004   Code   RO         4230    i.smp_Process_Rx_Packet_wrt_Current_State_MI_excerpt_ucfg  libbluenrg1_stack.a(securitymgr.o)
    0x1004f85c   0x1004f85c   0x00000118   Code   RO         4231    i.smp_Process_Rx_Packet_wrt_Current_State_SR_excerpt  libbluenrg1_stack.a(securitymgr.o)
    0x1004f974   0x1004f974   0x00000004   Code   RO         4233    i.smp_Process_Rx_Packet_wrt_Current_State_sc_excerpt_ucfg  libbluenrg1_stack.a(securitymgr.o)
    0x1004f978   0x1004f978   0x00000078   Code   RO         4234    i.smp_Set_Key_Association_Method  libbluenrg1_stack.a(securitymgr.o)
    0x1004f9f0   0x1004f9f0   0x0000007a   Code   RO         4240    i.smp____SR_PairingConfirm_Receive  libbluenrg1_stack.a(securitymgr.o)
    0x1004fa6a   0x1004fa6a   0x00000002   PAD
    0x1004fa6c   0x1004fa6c   0x00000114   Code   RO         4241    i.smp____SR_PairingRandom_Receive  libbluenrg1_stack.a(securitymgr.o)
    0x1004fb80   0x1004fb80   0x0000017c   Code   RO         4242    i.smp____SR_PairingRequest_Receive  libbluenrg1_stack.a(securitymgr.o)
    0x1004fcfc   0x1004fcfc   0x00000148   Code   RO         4294    i.smp_add_pairing_record_to_bonding_database  libbluenrg1_stack.a(smp_common.o)
    0x1004fe44   0x1004fe44   0x00000110   Code   RO         4295    i.smp_cmn_pairing_phase_3_keys_receiving  libbluenrg1_stack.a(smp_common.o)
    0x1004ff54   0x1004ff54   0x00000066   Code   RO         4243    i.smp_cmn_process_rx_packet_wrt_current_state  libbluenrg1_stack.a(securitymgr.o)
    0x1004ffba   0x1004ffba   0x00000002   PAD
    0x1004ffbc   0x1004ffbc   0x00000044   Code   RO         4296    i.smp_find_remote_device_index  libbluenrg1_stack.a(smp_common.o)
    0x10050000   0x10050000   0x00000038   Code   RO         4297    i.smp_flush_rx_queues  libbluenrg1_stack.a(smp_common.o)
    0x10050038   0x10050038   0x0000001e   Code   RO         4298    i.smp_get_CSRK      libbluenrg1_stack.a(smp_common.o)
    0x10050056   0x10050056   0x00000002   PAD
    0x10050058   0x10050058   0x0000003c   Code   RO         4299    i.smp_get_local_identity_address  libbluenrg1_stack.a(smp_common.o)
    0x10050094   0x10050094   0x0000004c   Code   RO         4300    i.smp_is_any_pairing_ongoing  libbluenrg1_stack.a(smp_common.o)
    0x100500e0   0x100500e0   0x00000038   Code   RO         4301    i.smp_keys_distribution_start  libbluenrg1_stack.a(smp_common.o)
    0x10050118   0x10050118   0x0000003c   Code   RO         4302    i.smp_oob_check_is_remote_data_present  libbluenrg1_stack.a(smp_common.o)
    0x10050154   0x10050154   0x00000034   Code   RO         4304    i.smp_pairing_2octets_packet_send  libbluenrg1_stack.a(smp_common.o)
    0x10050188   0x10050188   0x00000078   Code   RO         4305    i.smp_pairing_completed  libbluenrg1_stack.a(smp_common.o)
    0x10050200   0x10050200   0x00000016   Code   RO         4306    i.smp_pairing_failed_receive  libbluenrg1_stack.a(smp_common.o)
    0x10050216   0x10050216   0x0000002a   Code   RO         4307    i.smp_pairing_failed_send  libbluenrg1_stack.a(smp_common.o)
    0x10050240   0x10050240   0x00000064   Code   RO         4308    i.smp_pairing_process_abort  libbluenrg1_stack.a(smp_common.o)
    0x100502a4   0x100502a4   0x000000f0   Code   RO         4309    i.smp_repeated_attacks_protection  libbluenrg1_stack.a(smp_common.o)
    0x10050394   0x10050394   0x00000002   Code   RO         4255    i.smp_sc_SR_PairingConfirm_Receive_sc_excerpt_ucfg  libbluenrg1_stack.a(securitymgr.o)
    0x10050396   0x10050396   0x00000002   Code   RO         4257    i.smp_sc_SR_PairingRandom_Receive_sc_excerpt_ucfg  libbluenrg1_stack.a(securitymgr.o)
    0x10050398   0x10050398   0x00000002   Code   RO         4259    i.smp_sc_SR_Pairing_Phase_2AS1_Start_sc_excerpt_ucfg  libbluenrg1_stack.a(securitymgr.o)
    0x1005039a   0x1005039a   0x00000002   Code   RO         4433    i.smp_sc_check_for_ecc_pk_generation_request_ucfg  libbluenrg1_stack.a(smp_scv42_caf.o)
    0x1005039c   0x1005039c   0x00000004   Code   RO         4435    i.smp_sc_continue_on_exclusive_sc_pairing_ucfg  libbluenrg1_stack.a(smp_scv42_caf.o)
    0x100503a0   0x100503a0   0x00000002   Code   RO         4322    i.smp_sc_hci_le_generate_dhkey_complete_evt_hndl_ucfg  libbluenrg1_stack.a(smp_scv42_sap.o)
    0x100503a2   0x100503a2   0x00000002   Code   RO         4324    i.smp_sc_hci_le_read_local_p256_public_key_complete_evt_hndl_ucfg  libbluenrg1_stack.a(smp_scv42_sap.o)
    0x100503a4   0x100503a4   0x00000002   Code   RO         4440    i.smp_sc_init_ucfg  libbluenrg1_stack.a(smp_scv42_caf.o)
    0x100503a6   0x100503a6   0x00000002   PAD
    0x100503a8   0x100503a8   0x00000040   Code   RO         4441    i.smp_sc_is_another_sc_pairing_ongoing  libbluenrg1_stack.a(smp_scv42_caf.o)
    0x100503e8   0x100503e8   0x00000002   Code   RO         4450    i.smp_sc_update_statistics_on_pairing_complete_ucfg  libbluenrg1_stack.a(smp_scv42_caf.o)
    0x100503ea   0x100503ea   0x00000002   PAD
    0x100503ec   0x100503ec   0x00000038   Code   RO         4260    i.smp_send_packet   libbluenrg1_stack.a(securitymgr.o)
    0x10050424   0x10050424   0x00000038   Code   RO         4311    i.smp_update_statistics_on_pairing_complete  libbluenrg1_stack.a(smp_common.o)
    0x1005045c   0x1005045c   0x000000d0   Code   RO         3997    i.start_timebase    libbluenrg1_stack.a(multi_master_time.o)
    0x1005052c   0x1005052c   0x00000002   Code   RO         3487    i.state_func_call_init_csr_ucfg  libbluenrg1_stack.a(ll_isr.o)
    0x1005052e   0x1005052e   0x0000001e   Code   RO         3805    i.store_data        libbluenrg1_stack.a(gatt_server.o)
    0x1005054c   0x1005054c   0x0000013c   Code   RO         4170    i.swap_slaves       libbluenrg1_stack.a(routines_support.o)
    0x10050688   0x10050688   0x0000000a   Code   RO         3998    i.swap_u16          libbluenrg1_stack.a(multi_master_time.o)
    0x10050692   0x10050692   0x0000000a   Code   RO         4171    i.swap_u16          libbluenrg1_stack.a(routines_support.o)
    0x1005069c   0x1005069c   0x0000000a   Code   RO         4172    i.swap_u32          libbluenrg1_stack.a(routines_support.o)
    0x100506a6   0x100506a6   0x0000000a   Code   RO         4173    i.swap_u8           libbluenrg1_stack.a(routines_support.o)
    0x100506b0   0x100506b0   0x00000010   Code   RO         4156    i.system_time_trans  libbluenrg1_stack.a(rom_ll_timehandling.o)
    0x100506c0   0x100506c0   0x00000030   Code   RO         4157    i.system_time_trans_ext  libbluenrg1_stack.a(rom_ll_timehandling.o)
    0x100506f0   0x100506f0   0x0000000e   Code   RO         4158    i.time_offset1      libbluenrg1_stack.a(rom_ll_timehandling.o)
    0x100506fe   0x100506fe   0x00000002   PAD
    0x10050700   0x10050700   0x00000010   Code   RO         4159    i.time_offset2      libbluenrg1_stack.a(rom_ll_timehandling.o)
    0x10050710   0x10050710   0x00000038   Code   RO         3999    i.timebase_start_connect  libbluenrg1_stack.a(multi_master_time.o)
    0x10050748   0x10050748   0x0000002e   Code   RO         4087    i.unpack_channel_map  libbluenrg1_stack.a(rom_ll_isr_routines.o)
    0x10050776   0x10050776   0x00000048   Code   RO         4088    i.unpack_update_request  libbluenrg1_stack.a(rom_ll_isr_routines.o)
    0x100507be   0x100507be   0x00000024   Code   RO         4074    i.wait_for_aes_ready  libbluenrg1_stack.a(rom_ll_isr_postproc.o)
    0x100507e2   0x100507e2   0x00000002   PAD
    0x100507e4   0x100507e4   0x0000007c   Code   RO         4119    i.wait_for_prescheduled_slot_cancellation  libbluenrg1_stack.a(rom_ll_ll_routines.o)
    0x10050860   0x10050860   0x00000004   Data   RO         2132    .constdata          sdk_eval_config.o
    0x10050864   0x10050864   0x00000004   Data   RO         2133    .constdata          sdk_eval_config.o
    0x10050868   0x10050868   0x00000004   Data   RO         2134    .constdata          sdk_eval_config.o
    0x1005086c   0x1005086c   0x00000004   Data   RO         2135    .constdata          sdk_eval_config.o
    0x10050870   0x10050870   0x0000000c   Data   RO         2144    .constdata          sdk_eval_config.o
    0x1005087c   0x1005087c   0x00000034   Data   RO         3010    .constdata          sensordemo_main.o
    0x100508b0   0x100508b0   0x0000001a   Data   RO         3488    .constdata          libbluenrg1_stack.a(ll_isr.o)
    0x100508ca   0x100508ca   0x00000002   PAD
    0x100508cc   0x100508cc   0x0000011c   Data   RO         3627    .constdata          libbluenrg1_stack.a(aci_events.o)
    0x100509e8   0x100509e8   0x00000010   Data   RO         4160    .constdata          libbluenrg1_stack.a(rom_ll_timehandling.o)
    0x100509f8   0x100509f8   0x00000019   Data   RO         4261    .constdata          libbluenrg1_stack.a(securitymgr.o)
    0x10050a11   0x10050a11   0x00000010   Data   RO         4370    .constdata          libbluenrg1_stack.a(att.o)
    0x10050a21   0x10050a21   0x00000003   PAD
    0x10050a24   0x10050a24   0x000000a0   Data   RO         4565    Region$$Table       anon$$obj.o


    Execution Region BLOCK_STACKLIB_FLASH_DATA (Exec base: 0x1007f000, Load base: 0x10050ac4, Size: 0x00000838, Max: 0x00001000, ABSOLUTE, UNINIT)

    Exec Addr    Load Addr    Size         Type   Attr      Idx    E Section Name        Object

    0x1007f000        -       0x00000800   Zero   RW         3014    .noinit.stacklib_flash_data  sensordemo_main.o
    0x1007f800        -       0x00000038   Zero   RW         3015    .noinit.stacklib_stored_device_id_data  sensordemo_main.o


    Execution Region ota_sw_activation_block (Exec base: 0x20000004, Load base: 0x10050ac4, Size: 0x00000000, Max: 0x00000004, ABSOLUTE, UNINIT)

    **** No section assigned to this execution region ****


    Execution Region savedMSP_block (Exec base: 0x20000008, Load base: 0x10050ac4, Size: 0x00000004, Max: 0x00000004, ABSOLUTE)

    Exec Addr    Load Addr    Size         Type   Attr      Idx    E Section Name        Object

    0x20000008   0x10050ac4   0x00000004   Data   RW         2464    .savedMSP           system_bluenrg1.o


    Execution Region wakeupFromSleepFlag_block (Exec base: 0x2000000c, Load base: 0x10050ac8, Size: 0x00000004, Max: 0x00000004, ABSOLUTE)

    Exec Addr    Load Addr    Size         Type   Attr      Idx    E Section Name        Object

    0x2000000c   0x10050ac8   0x00000001   Data   RW         2465    .wakeupFromSleepFlag  system_bluenrg1.o


    Execution Region app_base_block (Exec base: 0x20000010, Load base: 0x10050acc, Size: 0x00000004, Max: 0x00000004, ABSOLUTE)

    Exec Addr    Load Addr    Size         Type   Attr      Idx    E Section Name        Object

    0x20000010   0x10050acc   0x00000004   Data   RW         2454    .app_base           system_bluenrg1.o


    Execution Region flash_sw_lock_block (Exec base: 0x20000014, Load base: 0x10050ad0, Size: 0x00000004, Max: 0x00000004, ABSOLUTE)

    Exec Addr    Load Addr    Size         Type   Attr      Idx    E Section Name        Object

    0x20000014   0x10050ad0   0x00000004   Data   RW         2460    .flash_sw_lock      system_bluenrg1.o


    Execution Region rfTimeout_block (Exec base: 0x20000018, Load base: 0x10050ad4, Size: 0x00000004, Max: 0x00000004, ABSOLUTE)

    Exec Addr    Load Addr    Size         Type   Attr      Idx    E Section Name        Object

    0x20000018   0x10050ad4   0x00000004   Data   RW         2463    .rfTimeout          system_bluenrg1.o


    Execution Region BOR_config_block (Exec base: 0x2000001c, Load base: 0x10050ad8, Size: 0x00000008, Max: 0x00000008, ABSOLUTE)

    Exec Addr    Load Addr    Size         Type   Attr      Idx    E Section Name        Object

    0x2000001c   0x10050ad8   0x00000007   Data   RW         2452    .BOR_config         system_bluenrg1.o


    Execution Region Blue_Flag_Ram_block (Exec base: 0x20000030, Load base: 0x10050ae0, Size: 0x00000004, Max: 0x00000004, ABSOLUTE)

    Exec Addr    Load Addr    Size         Type   Attr      Idx    E Section Name        Object

    0x20000030   0x10050ae0   0x00000004   Data   RW         2453    .__blueflag_RAM     system_bluenrg1.o


    Execution Region Crash_Info_block (Exec base: 0x20000034, Load base: 0x10050ae4, Size: 0x00000000, Max: 0x00000028, ABSOLUTE, UNINIT)

    **** No section assigned to this execution region ****


    Execution Region BLUE (Exec base: 0x200000c0, Load base: 0x10050ae4, Size: 0x0000020c, Max: 0x0000020c, ABSOLUTE, COMPRESSED[0x00000008])

    Exec Addr    Load Addr    Size         Type   Attr      Idx    E Section Name        Object

    0x200000c0   COMPRESSED   0x0000020c   Data   RW         2456    .bss.__blue_RAM     system_bluenrg1.o


    Execution Region REGION_RAM2 (Exec base: 0x200002cc, Load base: 0x10050aec, Size: 0x0000010c, Max: 0x00005d34, ABSOLUTE)

    Exec Addr    Load Addr    Size         Type   Attr      Idx    E Section Name        Object

    0x200002cc   0x10050aec   0x00000004   Data   RW           10    .data               clock.o
    0x200002d0   0x10050af0   0x00000008   Data   RW          302    .data               bluenrg1_adc.o
    0x200002d8   0x10050af8   0x00000001   Data   RW         2156    .data               sdk_eval_config.o
    0x200002d9   0x10050af9   0x00000003   PAD
    0x200002dc   0x10050afc   0x00000004   Data   RW         2457    .data               system_bluenrg1.o
    0x200002e0   0x10050b00   0x00000004   Data   RW         2458    .data               system_bluenrg1.o
    0x200002e4   0x10050b04   0x00000004   Data   RW         2459    .data               system_bluenrg1.o
    0x200002e8   0x10050b08   0x00000014   Data   RW         2648    .data               bluenrg1_it.o
    0x200002fc   0x10050b1c   0x00000004   Data   RW         2867    .data               gatt_db.o
    0x20000300   0x10050b20   0x0000000c   Data   RW         2932    .data               sensor.o
    0x2000030c   0x10050b2c   0x00000005   Data   RW         3078    .data               stent_sensor_adc.o
    0x20000311   0x10050b31   0x00000003   PAD
    0x20000314   0x10050b34   0x00000048   Data   RW         3489    .data               libbluenrg1_stack.a(ll_isr.o)
    0x2000035c   0x10050b7c   0x00000004   Data   RW         3956    .data               libbluenrg1_stack.a(mem_alloc.o)
    0x20000360   0x10050b80   0x00000004   Data   RW         4312    .data               libbluenrg1_stack.a(smp_common.o)
    0x20000364        -       0x00000020   Zero   RW         2455    .bss                system_bluenrg1.o
    0x20000384        -       0x00000020   Zero   RW         2864    .bss                gatt_db.o
    0x200003a4        -       0x00000034   Zero   RW         3955    .bss                libbluenrg1_stack.a(mem_alloc.o)


    Execution Region REGION_RAM3 (Exec base: 0x200003d8, Load base: 0x10050b84, Size: 0x000025b4, Max: 0x00005d34, ABSOLUTE, UNINIT)

    Exec Addr    Load Addr    Size         Type   Attr      Idx    E Section Name        Object

    0x200003d8        -       0x000025b4   Zero   RW         3013    .noinit.data        sensordemo_main.o


    Execution Region ARM_LIB_STACKHEAP (Exec base: 0x20005400, Load base: 0x10050b84, Size: 0x00000c00, Max: 0x00000c00, ABSOLUTE)

    Exec Addr    Load Addr    Size         Type   Attr      Idx    E Section Name        Object

    0x20005400        -       0x00000c00   Zero   RW            2    ARM_LIB_STACKHEAP.bss  anon$$obj.o


==============================================================================

Image component sizes


      Code (inc. data)   RO Data    RW Data    ZI Data      Debug   Object Name

       734         60          0          8          0       7439   bluenrg1_adc.o
       116         34          0          0          0       2302   bluenrg1_flash.o
       256         18          0          0          0       3084   bluenrg1_gpio.o
       194         14          0         20          0      44787   bluenrg1_it.o
       244          0          0          0          0       4898   bluenrg1_mft.o
        20          0          0          0          0        520   bluenrg1_pka.o
       176         20          0          0          0       1560   bluenrg1_sysctrl.o
       364         22          0          0          0       2583   bluenrg1_uart.o
        16          6          0          4          0      48027   clock.o
       160         36          0          0          0        516   context_switch.o
       190         30          0          4         32       3731   gatt_db.o
         0          0          0          0          0        608   lps25hb.o
        26          0          0          0          0         72   lsm6ds3.o
       136         12          0          0          0       6976   misc.o
       128         20          0          0          0       4642   miscutil.o
        24          0          0          0          0       1910   osal.o
       160         16          0          0          0        729   sdk_eval_com.o
        24         10         28          1          0       3833   sdk_eval_config.o
       142          4          0          0          0       2889   sdk_eval_led.o
       390         48          0         12          0       7393   sensor.o
       162         14         52          0      11756      10921   sensordemo_main.o
       168         12          0          5          0      18389   stent_sensor_adc.o
        34          0          0          0          0        572   stent_sensor_gpio.o
       156         16          0          0          0       1751   stent_sensor_timer.o
      1054        138        192        564         32      25309   system_bluenrg1.o

    ----------------------------------------------------------------------
      5098        530        432        628      16940     205441   Object Totals
         0          0        160          0       5120          0   (incl. Generated)
        24          0          0         10          0          0   (incl. Padding)

    ----------------------------------------------------------------------

      Code (inc. data)   RO Data    RW Data    ZI Data      Debug   Library Member Name

      3110        274        284          0          0          0   aci_events.o
       472         44          0          0          0          0   acl.o
       268          0          0          0          0          0   acl_list.o
      1660         40          0          0          0          0   advance_wakeup_time.o
      5796         94         16          0          0          0   att.o
       362         14          0          0          0          0   bluenrg_gap_aci.o
       208          0          0          0          0          0   bluenrg_gatt_aci.o
        16          0          0          0          0          0   bluenrg_hal_aci.o
      1024        106          0          0          0          0   bluenrg_main_func.o
        88         10          0          0          0          0   bluenrg_main_func_speed.o
       296         18          0          0          0          0   device_id_data.o
      2032         86          0          0          0          0   gap.o
        60          4          0          0          0          0   gatt_client.o
      8294        318          0          0          0          0   gatt_server.o
       794         46          0          0          0          0   hal.o
       386         20          0          0          0          0   hci.o
       940        106          0          0          0          0   host_timer.o
       500         32          0          0          0          0   isr_postproc.o
       344         18          0          0          0          0   isr_routines.o
      1856         60          0          0          0          0   l2cap.o
      4042        186         26         72          0          0   ll_isr.o
       678         66          0          0          0          0   ll_privacy.o
       434         34          0          0          0          0   ll_routines.o
      2058         42          0          0          0          0   ll_routines_master.o
       316         34          0          0          0          0   ll_routines_support.o
       840         28          0          4         52          0   mem_alloc.o
      1122          0          0          0          0          0   mem_buff.o
      2972        110          0          0          0          0   multi_master_time.o
        76         16          0          0          0          0   nvm.o
       690         42          0          0          0          0   pm.o
       344          0          0          0          0          0   rom_att.o
       708         36          0          0          0          0   rom_gap.o
       156         16          0          0          0          0   rom_gap_rom.o
       146          4          0          0          0          0   rom_gatt_server.o
       114          0          0          0          0          0   rom_list.o
       330          8          0          0          0          0   rom_ll_isr_postproc.o
      1180         52          0          0          0          0   rom_ll_isr_routines.o
      3132        190          0          0          0          0   rom_ll_ll_routines.o
       124         26          0          0          0          0   rom_ll_routines_support.o
       316         44         16          0          0          0   rom_ll_timehandling.o
      1386         48          0          0          0          0   routines_support.o
      2478         68          0          0          0          0   sdb.o
      3334         88         25          0          0          0   securitymgr.o
       804         28          0          0          0          0   smp_algo_sap.o
      3548        158          0          4          0          0   smp_common.o
        74          8          0          0          0          0   smp_scv42_caf.o
        42          0          0          0          0          0   smp_scv42_sap.o
        44          0          0          0          0          0   utils.o
        86          0          0          0          0          0   __dczerorl2.o
         0          0          0          0          0          0   entry.o
         0          0          0          0          0          0   entry10a.o
         0          0          0          0          0          0   entry11a.o
         4          0          0          0          0          0   entry12b.o
         8          4          0          0          0          0   entry3.o
         4          0          0          0          0          0   entry5.o
         0          0          0          0          0          0   entry7b.o
         0          0          0          0          0          0   entry8b.o
         8          4          0          0          0          0   entry9a.o
        30          0          0          0          0          0   handlers.o
        36          8          0          0          0         68   init.o
         0          0          0          0          0          0   iusefp.o
        32          0          0          0          0         68   llshl.o
        38          0          0          0          0         68   llsshr.o
        34          0          0          0          0         68   llushr.o
        26          0          0          0          0         72   memcmp.o
        66          0          0          0          0         68   memmove.o
        36          0          0          0          0        100   memseta.o
        44          0          0          0          0         72   uidiv.o
        20          0          0          0          0         60   uread4.o
        56          0          0          0          0         68   d2f.o
       360          6          0          0          0        140   dadd.o
       240          6          0          0          0         84   ddiv.o
       236          0          0          0          0        216   depilogue.o
       208          6          0          0          0         88   dmul.o
        44          0          0          0          0         72   dscalb.o
        40          0          0          0          0         60   f2d.o
       178          0          0          0          0        108   fadd.o
       124          0          0          0          0         72   fdiv.o
       130          0          0          0          0        144   fepilogue.o
        40          0          0          0          0         60   ffixui.o
        22          0          0          0          0         68   fflti.o
        14          0          0          0          0         68   ffltui.o
       122          0          0          0          0         72   fmul.o

    ----------------------------------------------------------------------
     62390       2656        372         80         52       1964   Library Totals
       110          0          5          0          0          0   (incl. Padding)

    ----------------------------------------------------------------------

      Code (inc. data)   RO Data    RW Data    ZI Data      Debug   Library Name

     59994       2622        367         80         52          0   libbluenrg1_stack.a
       472         16          0          0          0        644   mc_p.l
      1814         18          0          0          0       1320   mf_p.l

    ----------------------------------------------------------------------
     62390       2656        372         80         52       1964   Library Totals

    ----------------------------------------------------------------------

==============================================================================


      Code (inc. data)   RO Data    RW Data    ZI Data      Debug   

     67488       3186        804        708      16992     202613   Grand Totals
     67488       3186        804        192      16992     202613   ELF Image Totals (compressed)
     67488       3186        804        192          0          0   ROM Totals

==============================================================================

    Total RO  Size (Code + RO Data)                68292 (  66.69kB)
    Total RW  Size (RW Data + ZI Data)             17700 (  17.29kB)
    Total ROM Size (Code + RO Data + RW Data)      68484 (  66.88kB)

==============================================================================

